Archive member included because of file (symbol)

C:\Users\Zhang\OneDrive\SUNS\Project\Harmar\Work\CMSISv2p00_LPC12xx\Debug\libCMSISv2p00_LPC12xx.a(system_LPC122x.o)
                              ./startup/cr_startup_lpc12xx.o (SystemInit)
C:\Users\Zhang\OneDrive\SUNS\Project\Harmar\Work\lib_small_printf_m0\Lib\liblib_small_printf_m0.a(small_printf_float.o)
                              ./src/main_HELIX.o (func_printf_float)
C:\Users\Zhang\OneDrive\SUNS\Project\Harmar\Work\lib_small_printf_m0\Lib\liblib_small_printf_m0.a(small_printf_support.o)
                              C:\Users\Zhang\OneDrive\SUNS\Project\Harmar\Work\lib_small_printf_m0\Lib\liblib_small_printf_m0.a(small_printf_float.o) (prints)
C:\Users\Zhang\OneDrive\SUNS\Project\Harmar\Work\lib_small_printf_m0\Lib\liblib_small_printf_m0.a(small_utils.o)
                              C:\Users\Zhang\OneDrive\SUNS\Project\Harmar\Work\lib_small_printf_m0\Lib\liblib_small_printf_m0.a(small_printf_float.o) (small_strlen)
C:\Users\Zhang\OneDrive\SUNS\Project\Harmar\Work\UAB_COMMON_LIB\Lib\libUAB_COMMON_LIB.a(alarms.o)
                              ./src/main_HELIX.o (alarms_light_led)
C:\Users\Zhang\OneDrive\SUNS\Project\Harmar\Work\UAB_COMMON_LIB\Lib\libUAB_COMMON_LIB.a(compadc.o)
                              ./src/uab_HELIX.o (uabVoltsConvert)
C:\Users\Zhang\OneDrive\SUNS\Project\Harmar\Work\UAB_COMMON_LIB\Lib\libUAB_COMMON_LIB.a(iap.o)
                              ./src/main_HELIX.o (readInfoPage32)
C:\Users\Zhang\OneDrive\SUNS\Project\Harmar\Work\UAB_COMMON_LIB\Lib\libUAB_COMMON_LIB.a(ir.o)
                              C:\Users\Zhang\OneDrive\SUNS\Project\Harmar\Work\UAB_COMMON_LIB\Lib\libUAB_COMMON_LIB.a(iap.o) (UabIr1UnitNum)
C:\Users\Zhang\OneDrive\SUNS\Project\Harmar\Work\UAB_COMMON_LIB\Lib\libUAB_COMMON_LIB.a(speed.o)
                              ./src/uab_HELIX.o (uabPwmAdjust)
C:\Users\Zhang\OneDrive\SUNS\Project\Harmar\Work\UAB_COMMON_LIB\Lib\libUAB_COMMON_LIB.a(uart.o)
                              ./src/main_HELIX.o (UART0_Buffer)
C:\Users\Zhang\OneDrive\SUNS\Project\Harmar\Work\UAB_COMMON_LIB\Lib\libUAB_COMMON_LIB.a(utils.o)
                              ./src/main_HELIX.o (delayUsec)
C:\Users\Zhang\OneDrive\SUNS\Project\Harmar\Work\UAB_COMMON_LIB\Lib\libUAB_COMMON_LIB.a(wdt.o)
                              ./src/main_HELIX.o (wdtFeed)
c:/nxp/lpcxpresso_6.1.4_194/lpcxpresso/tools/bin/../lib/gcc/arm-none-eabi/4.6.2/../../../../arm-none-eabi/lib/armv6-m\libcr_c.a(memcpy.o)
                              C:\Users\Zhang\OneDrive\SUNS\Project\Harmar\Work\UAB_COMMON_LIB\Lib\libUAB_COMMON_LIB.a(uart.o) (memcpy)
c:/nxp/lpcxpresso_6.1.4_194/lpcxpresso/tools/bin/../lib/gcc/arm-none-eabi/4.6.2/../../../../arm-none-eabi/lib/armv6-m\libcr_c.a(memset.o)
                              ./src/uab_HELIX.o (memset)
c:/nxp/lpcxpresso_6.1.4_194/lpcxpresso/tools/bin/../lib/gcc/arm-none-eabi/4.6.2/../../../../arm-none-eabi/lib/armv6-m\libcr_c.a(__weak__main.o)
                              ./startup/cr_startup_lpc12xx.o (__main)
c:/nxp/lpcxpresso_6.1.4_194/lpcxpresso/tools/bin/../lib/gcc/arm-none-eabi/4.6.2/armv6-m\libcr_eabihelpers.a(double.o)
                              C:\Users\Zhang\OneDrive\SUNS\Project\Harmar\Work\lib_small_printf_m0\Lib\liblib_small_printf_m0.a(small_printf_float.o) (__aeabi_dmul)
c:/nxp/lpcxpresso_6.1.4_194/lpcxpresso/tools/bin/../lib/gcc/arm-none-eabi/4.6.2/armv6-m\libcr_eabihelpers.a(float.o)
                              ./src/uab_HELIX.o (__aeabi_fmul)
c:/nxp/lpcxpresso_6.1.4_194/lpcxpresso/tools/bin/../lib/gcc/arm-none-eabi/4.6.2/armv6-m\libcr_eabihelpers.a(llong.o)
                              c:/nxp/lpcxpresso_6.1.4_194/lpcxpresso/tools/bin/../lib/gcc/arm-none-eabi/4.6.2/armv6-m\libcr_eabihelpers.a(double.o) (__aeabi_lmul)
c:/nxp/lpcxpresso_6.1.4_194/lpcxpresso/tools/bin/../lib/gcc/arm-none-eabi/4.6.2/armv6-m\libcr_eabihelpers.a(memcpy.o)
                              c:/nxp/lpcxpresso_6.1.4_194/lpcxpresso/tools/bin/../lib/gcc/arm-none-eabi/4.6.2/../../../../arm-none-eabi/lib/armv6-m\libcr_c.a(memcpy.o) (__aeabi_memcpy)
c:/nxp/lpcxpresso_6.1.4_194/lpcxpresso/tools/bin/../lib/gcc/arm-none-eabi/4.6.2/armv6-m\libcr_eabihelpers.a(thumb1_switch_helpers.o)
                              C:\Users\Zhang\OneDrive\SUNS\Project\Harmar\Work\UAB_COMMON_LIB\Lib\libUAB_COMMON_LIB.a(alarms.o) (__gnu_thumb1_case_uqi)

Allocating common symbols
Common symbol       size              file

UabUpDownState      0x1               ./src/uab_HELIX.o
UART1_XmitBuf       0x40              C:\Users\Zhang\OneDrive\SUNS\Project\Harmar\Work\UAB_COMMON_LIB\Lib\libUAB_COMMON_LIB.a(uart.o)
UabBegPwm           0x1               ./src/uab_HELIX.o
UabPwmStep          0x1               ./src/uab_HELIX.o
UabInstUpDownState  0x1               ./src/uab_HELIX.o
UabRampInterval     0x1               ./src/uab_HELIX.o
UabPwmScaleFactor   0x4               C:\Users\Zhang\OneDrive\SUNS\Project\Harmar\Work\UAB_COMMON_LIB\Lib\libUAB_COMMON_LIB.a(speed.o)
[...]
Memory Configuration

Name             Origin             Length             Attributes
MFlash64         0x00000000         0x00010000         xr
RamLoc8          0x10000000         0x00002000         xrw
*default*        0x00000000         0xffffffff

Linker script and memory map

LOAD ./startup/aeabi_romdiv_patch.o
LOAD ./startup/cr_startup_lpc12xx.o
LOAD ./src/main_HELIX.o
LOAD ./src/uab_HELIX.o
LOAD C:\Users\Zhang\OneDrive\SUNS\Project\Harmar\Work\CMSISv2p00_LPC12xx\Debug\libCMSISv2p00_LPC12xx.a
LOAD C:\Users\Zhang\OneDrive\SUNS\Project\Harmar\Work\lib_small_printf_m0\Lib\liblib_small_printf_m0.a
LOAD C:\Users\Zhang\OneDrive\SUNS\Project\Harmar\Work\UAB_COMMON_LIB\Lib\libUAB_COMMON_LIB.a
START GROUP
LOAD c:/nxp/lpcxpresso_6.1.4_194/lpcxpresso/tools/bin/../lib/gcc/arm-none-eabi/4.6.2/../../../../arm-none-eabi/lib/armv6-m\libcr_c.a
LOAD c:/nxp/lpcxpresso_6.1.4_194/lpcxpresso/tools/bin/../lib/gcc/arm-none-eabi/4.6.2/armv6-m\libcr_eabihelpers.a
END GROUP
                0x00010000                __top_MFlash64 = 0x10000
                0x10002000                __top_RamLoc8 = 0x10002000

.text           0x00000000     0x6808
 FILL mask 0xff
                0x00000000                __vectors_start__ = ABSOLUTE (.)
 *(.isr_vector)
 .isr_vector    0x00000000       0xbc ./startup/cr_startup_lpc12xx.o
                0x00000000                g_pfnVectors
                0x000000bc                . = ALIGN (0x4)
                0x000000bc                __section_table_start = .
                0x000000bc                __data_section_table = .
                0x000000bc        0x4 LONG 0x6808 LOADADDR (.data)
                0x000000c0        0x4 LONG 0x10000000 ADDR (.data)
                0x000000c4        0x4 LONG 0x34 SIZEOF (.data)
                0x000000c8                __data_section_table_end = .
                0x000000c8                __bss_section_table = .
                0x000000c8        0x4 LONG 0x10000034 ADDR (.bss)
                0x000000cc        0x4 LONG 0x9f4 SIZEOF (.bss)
                0x000000d0                __bss_section_table_end = .
                0x000000d0                __section_table_end = .
 *(.after_vectors*)
 .after_vectors
                0x000000d0      0x17c ./startup/cr_startup_lpc12xx.o
                0x000000d0                data_init
                0x00000114                bss_init
                0x00000148                ResetISR
                0x0000021c                NMI_Handler
                0x00000224                HardFault_Handler
                0x0000022c                SVC_Handler
                0x00000234                PendSV_Handler
                0x00000244                SSP_IRQHandler
                0x00000244                RTC_IRQHandler
                0x00000244                IntDefaultHandler
                0x00000244                TIMER32_1_IRQHandler
                0x00000244                TIMER32_0_IRQHandler
                0x00000244                ADC_IRQHandler
                0x00000244                PIOINT2_IRQHandler
                0x00000244                BOD_IRQHandler
                0x00000244                WAKEUP_IRQHandler
                0x00000244                PIOINT0_IRQHandler
                0x00000244                I2C_IRQHandler
                0x00000244                WDT_IRQHandler
                0x00000244                TIMER16_1_IRQHandler
                0x00000244                COMP_IRQHandler
                0x00000244                TIMER16_0_IRQHandler
                0x00000244                DMA_IRQHandler
                0x000002fc                . = 0x2fc
 *fill*         0x0000024c       0xb0 ff
                0x000002fc                PROVIDE (__CRP_WORD_START__, .)
 *(.crp)
 .crp           0x000002fc        0x4 ./src/main_HELIX.o
                0x000002fc                CRP_WORD
                0x00000300                PROVIDE (__CRP_WORD_END__, .)
                0x00000001                ASSERT (! ((__CRP_WORD_START__ == __CRP_WORD_END__)), Linker CRP Enabled, but no CRP_WORD provided within application)
 *(.text*)
 .text.__aeabi_idiv
                0x00000300       0x10 ./startup/aeabi_romdiv_patch.o
                0x00000300                __aeabi_idivmod
                0x00000300                __aeabi_idiv
 .text.__aeabi_uidiv
                0x00000310       0x10 ./startup/aeabi_romdiv_patch.o
                0x00000310                __aeabi_uidivmod
                0x00000310                __aeabi_uidiv
 .text.NVIC_EnableIRQ
                0x00000320       0x2c ./src/main_HELIX.o
 .text.NVIC_SetPriority
                0x0000034c       0xe0 ./src/main_HELIX.o
 .text.SysTick_Config
                0x0000042c       0x4c ./src/main_HELIX.o
 .text.SysTick_Handler
                0x00000478       0x2c ./src/main_HELIX.o
                0x00000478                SysTick_Handler
 .text.uabCommInit
                0x000004a4      0x1ac ./src/main_HELIX.o
                0x000004a4                uabCommInit
 .text.uabRfInit
                0x00000650        0x8 ./src/main_HELIX.o
                0x00000650                uabRfInit
 .text.main     0x00000658      0x64c ./src/main_HELIX.o
                0x00000658                main
 .text.uabEvent
                0x00000ca4      0x14c ./src/uab_HELIX.o
                0x00000ca4                uabEvent
 .text.uabInstModeCheck
                0x00000df0       0x80 ./src/uab_HELIX.o
                0x00000df0                uabInstModeCheck
 .text.uabFaultSet
                0x00000e70      0x108 ./src/uab_HELIX.o
                0x00000e70                uabFaultSet
 .text.uabFaultClr
                0x00000f78       0x78 ./src/uab_HELIX.o
                0x00000f78                uabFaultClr
 .text.uabMajorFaultChargeDisplay
                0x00000ff0       0xcc ./src/uab_HELIX.o
                0x00000ff0                uabMajorFaultChargeDisplay
 .text.uabMajorFaultVoltsDisplay
                0x000010bc       0xec ./src/uab_HELIX.o
                0x000010bc                uabMajorFaultVoltsDisplay
 .text.uabMajorFaultHandler
                0x000011a8      0x230 ./src/uab_HELIX.o
                0x000011a8                uabMajorFaultHandler
 .text.uab12vCheck
                0x000013d8       0x6c ./src/uab_HELIX.o
                0x000013d8                uab12vCheck
 .text.uabLowBatteryCheck
                0x00001444      0x16c ./src/uab_HELIX.o
                0x00001444                uabLowBatteryCheck
 .text.uabVeryLowBatteryCheck
                0x000015b0      0x174 ./src/uab_HELIX.o
                0x000015b0                uabVeryLowBatteryCheck
 .text.uabSuperLowBatteryCheck
                0x00001724      0x178 ./src/uab_HELIX.o
                0x00001724                uabSuperLowBatteryCheck
 *fill*         0x0000189c        0x4 00
 .text.uabSystemOverloadCheck
                0x000018a0      0x230 ./src/uab_HELIX.o
                0x000018a0                uabSystemOverloadCheck
 .text.uabRunawayCheck
                0x00001ad0        0xc ./src/uab_HELIX.o
                0x00001ad0                uabRunawayCheck
 .text.uabDiagLed
                0x00001adc      0x150 ./src/uab_HELIX.o
                0x00001adc                uabDiagLed
 .text.uabCpuLedOn
                0x00001c2c       0x1c ./src/uab_HELIX.o
                0x00001c2c                uabCpuLedOn
 .text.uabCpuLedOff
                0x00001c48       0x20 ./src/uab_HELIX.o
                0x00001c48                uabCpuLedOff
 .text.uabMDriveEnable
                0x00001c68       0x24 ./src/uab_HELIX.o
                0x00001c68                uabMDriveEnable
 .text.uabChargerDisable
                0x00001c8c       0x2c ./src/uab_HELIX.o
                0x00001c8c                uabChargerDisable
 .text.uabChargerEnable
                0x00001cb8       0x2c ./src/uab_HELIX.o
                0x00001cb8                uabChargerEnable
 .text.uabChargerInitEnable
                0x00001ce4       0x24 ./src/uab_HELIX.o
                0x00001ce4                uabChargerInitEnable
 .text.uabChargeCheck
                0x00001d08      0x5f0 ./src/uab_HELIX.o
                0x00001d08                uabChargeCheck
 .text.uabVoltsCurrSenseDisplay
                0x000022f8      0x10c ./src/uab_HELIX.o
                0x000022f8                uabVoltsCurrSenseDisplay
 .text.uabMotorVoltsDisplay
                0x00002404        0x8 ./src/uab_HELIX.o
                0x00002404                uabMotorVoltsDisplay
 .text.uabInstUpDownSwitchStateGet
                0x0000240c       0x94 ./src/uab_HELIX.o
                0x0000240c                uabInstUpDownSwitchStateGet
 .text.uabUpDownLeftRightSwitchStateGet
                0x000024a0      0x240 ./src/uab_HELIX.o
                0x000024a0                uabUpDownLeftRightSwitchStateGet
 .text.uabBrakeOff
                0x000026e0       0x3c ./src/uab_HELIX.o
                0x000026e0                uabBrakeOff
 .text.uabBrakeOn
                0x0000271c       0x3c ./src/uab_HELIX.o
                0x0000271c                uabBrakeOn
 .text.uabMotorOff
                0x00002758       0x7c ./src/uab_HELIX.o
                0x00002758                uabMotorOff
 .text.uabMotorOn
                0x000027d4      0x14c ./src/uab_HELIX.o
                0x000027d4                uabMotorOn
 .text.uabPwmInit
                0x00002920       0x80 ./src/uab_HELIX.o
                0x00002920                uabPwmInit
 .text.uabPwmChange
                0x000029a0       0x38 ./src/uab_HELIX.o
                0x000029a0                uabPwmChange
 .text.uabPioGet
                0x000029d8       0xac ./src/uab_HELIX.o
                0x000029d8                uabPioGet
 .text.uabFaultsGet
                0x00002a84      0x238 ./src/uab_HELIX.o
                0x00002a84                uabFaultsGet
 .text.uabCheckStopDownRight
                0x00002cbc       0x20 ./src/uab_HELIX.o
                0x00002cbc                uabCheckStopDownRight
 .text.uabCheckStopUpLeft
                0x00002cdc       0x20 ./src/uab_HELIX.o
                0x00002cdc                uabCheckStopUpLeft
 .text.uabCheckLimit
                0x00002cfc       0xbc ./src/uab_HELIX.o
                0x00002cfc                uabCheckLimit
 .text.uabCheckTopBottom
                0x00002db8       0x3c ./src/uab_HELIX.o
                0x00002db8                uabCheckTopBottom
 .text.uabTopStop
                0x00002df4       0x20 ./src/uab_HELIX.o
                0x00002df4                uabTopStop
 .text.uabBottomStop
                0x00002e14       0x20 ./src/uab_HELIX.o
                0x00002e14                uabBottomStop
 .text.uabMotionSet
                0x00002e34      0xb7c ./src/uab_HELIX.o
                0x00002e34                uabMotionSet
 .text.uabCheckSwitchHelix
                0x000039b0      0x308 ./src/uab_HELIX.o
                0x000039b0                uabCheckSwitchHelix
 .text.uabInit  0x00003cb8      0x1a4 ./src/uab_HELIX.o
                0x00003cb8                uabInit
 .text.SystemInit
                0x00003e5c       0xbc C:\Users\Zhang\OneDrive\SUNS\Project\Harmar\Work\CMSISv2p00_LPC12xx\Debug\libCMSISv2p00_LPC12xx.a(system_LPC122x.o)
                0x00003e5c                SystemInit
 .text.dbl2stri
                0x00003f18      0x160 C:\Users\Zhang\OneDrive\SUNS\Project\Harmar\Work\lib_small_printf_m0\Lib\liblib_small_printf_m0.a(small_printf_float.o)
                0x00003f18                dbl2stri
 .text.printf_format_float
                0x00004078      0x1e8 C:\Users\Zhang\OneDrive\SUNS\Project\Harmar\Work\lib_small_printf_m0\Lib\liblib_small_printf_m0.a(small_printf_float.o)
                0x00004078                printf_format_float
 .text.func_printf_float
                0x00004260       0x16 C:\Users\Zhang\OneDrive\SUNS\Project\Harmar\Work\lib_small_printf_m0\Lib\liblib_small_printf_m0.a(small_printf_float.o)
                0x00004260                func_printf_float
 .text.prints   0x00004276       0x7a C:\Users\Zhang\OneDrive\SUNS\Project\Harmar\Work\lib_small_printf_m0\Lib\liblib_small_printf_m0.a(small_printf_support.o)
                0x00004276                prints
 .text.printi   0x000042f0       0xa4 C:\Users\Zhang\OneDrive\SUNS\Project\Harmar\Work\lib_small_printf_m0\Lib\liblib_small_printf_m0.a(small_printf_support.o)
                0x000042f0                printi
 .text.small_strlen
                0x00004394       0x12 C:\Users\Zhang\OneDrive\SUNS\Project\Harmar\Work\lib_small_printf_m0\Lib\liblib_small_printf_m0.a(small_utils.o)
                0x00004394                small_strlen
 *fill*         0x000043a6        0x2 00
 .text.alarms_faults_serviced
                0x000043a8       0x14 C:\Users\Zhang\OneDrive\SUNS\Project\Harmar\Work\UAB_COMMON_LIB\Lib\libUAB_COMMON_LIB.a(alarms.o)
 .text.alarms_manage_fault_service
                0x000043bc       0x78 C:\Users\Zhang\OneDrive\SUNS\Project\Harmar\Work\UAB_COMMON_LIB\Lib\libUAB_COMMON_LIB.a(alarms.o)
 .text.alarms_reset_alarm
                0x00004434       0x18 C:\Users\Zhang\OneDrive\SUNS\Project\Harmar\Work\UAB_COMMON_LIB\Lib\libUAB_COMMON_LIB.a(alarms.o)
 .text.alarms_major_fault_service
                0x0000444c       0x64 C:\Users\Zhang\OneDrive\SUNS\Project\Harmar\Work\UAB_COMMON_LIB\Lib\libUAB_COMMON_LIB.a(alarms.o)
 .text.alarms_light_led
                0x000044b0       0x30 C:\Users\Zhang\OneDrive\SUNS\Project\Harmar\Work\UAB_COMMON_LIB\Lib\libUAB_COMMON_LIB.a(alarms.o)
                0x000044b0                alarms_light_led
 .text.alarms_safety_led
                0x000044e0       0x18 C:\Users\Zhang\OneDrive\SUNS\Project\Harmar\Work\UAB_COMMON_LIB\Lib\libUAB_COMMON_LIB.a(alarms.o)
 .text.alarms_beep_on
                0x000044f8       0x10 C:\Users\Zhang\OneDrive\SUNS\Project\Harmar\Work\UAB_COMMON_LIB\Lib\libUAB_COMMON_LIB.a(alarms.o)
                0x000044f8                alarms_beep_on
 .text.alarms_beep_off
                0x00004508       0x14 C:\Users\Zhang\OneDrive\SUNS\Project\Harmar\Work\UAB_COMMON_LIB\Lib\libUAB_COMMON_LIB.a(alarms.o)
                0x00004508                alarms_beep_off
 .text.alarms_beep_once.isra.2.constprop.7
                0x0000451c       0x5c C:\Users\Zhang\OneDrive\SUNS\Project\Harmar\Work\UAB_COMMON_LIB\Lib\libUAB_COMMON_LIB.a(alarms.o)
 .text.alarms_switch_check
                0x00004578       0x38 C:\Users\Zhang\OneDrive\SUNS\Project\Harmar\Work\UAB_COMMON_LIB\Lib\libUAB_COMMON_LIB.a(alarms.o)
 .text.alarms_pulse_beep_duration
                0x000045b0       0x6c C:\Users\Zhang\OneDrive\SUNS\Project\Harmar\Work\UAB_COMMON_LIB\Lib\libUAB_COMMON_LIB.a(alarms.o)
 .text.alarms_safety_process
                0x0000461c       0x24 C:\Users\Zhang\OneDrive\SUNS\Project\Harmar\Work\UAB_COMMON_LIB\Lib\libUAB_COMMON_LIB.a(alarms.o)
 .text.alarms_fault_handler
                0x00004640      0x48c C:\Users\Zhang\OneDrive\SUNS\Project\Harmar\Work\UAB_COMMON_LIB\Lib\libUAB_COMMON_LIB.a(alarms.o)
                0x00004640                alarms_fault_handler
 .text.uabVoltsConvert
                0x00004acc       0x84 C:\Users\Zhang\OneDrive\SUNS\Project\Harmar\Work\UAB_COMMON_LIB\Lib\libUAB_COMMON_LIB.a(compadc.o)
                0x00004acc                uabVoltsConvert
 .text.uabAdcRead
                0x00004b50       0x48 C:\Users\Zhang\OneDrive\SUNS\Project\Harmar\Work\UAB_COMMON_LIB\Lib\libUAB_COMMON_LIB.a(compadc.o)
                0x00004b50                uabAdcRead
 .text.uabCompVoltsRead
                0x00004b98       0x88 C:\Users\Zhang\OneDrive\SUNS\Project\Harmar\Work\UAB_COMMON_LIB\Lib\libUAB_COMMON_LIB.a(compadc.o)
                0x00004b98                uabCompVoltsRead
 .text.uabAdcVoltsRead
                0x00004c20       0x26 C:\Users\Zhang\OneDrive\SUNS\Project\Harmar\Work\UAB_COMMON_LIB\Lib\libUAB_COMMON_LIB.a(compadc.o)
                0x00004c20                uabAdcVoltsRead
 *fill*         0x00004c46        0x2 00
 .text.uabAdcAmpsRead
                0x00004c48       0x50 C:\Users\Zhang\OneDrive\SUNS\Project\Harmar\Work\UAB_COMMON_LIB\Lib\libUAB_COMMON_LIB.a(compadc.o)
                0x00004c48                uabAdcAmpsRead
 .text.uabCompAdcInit
                0x00004c98       0xb8 C:\Users\Zhang\OneDrive\SUNS\Project\Harmar\Work\UAB_COMMON_LIB\Lib\libUAB_COMMON_LIB.a(compadc.o)
                0x00004c98                uabCompAdcInit
 .text.readInfoPage32
                0x00004d50       0x24 C:\Users\Zhang\OneDrive\SUNS\Project\Harmar\Work\UAB_COMMON_LIB\Lib\libUAB_COMMON_LIB.a(iap.o)
                0x00004d50                readInfoPage32
 .text.writeInfoPage32
                0x00004d74       0x50 C:\Users\Zhang\OneDrive\SUNS\Project\Harmar\Work\UAB_COMMON_LIB\Lib\libUAB_COMMON_LIB.a(iap.o)
                0x00004d74                writeInfoPage32
 .text.eraseInfoPage
                0x00004dc4       0x34 C:\Users\Zhang\OneDrive\SUNS\Project\Harmar\Work\UAB_COMMON_LIB\Lib\libUAB_COMMON_LIB.a(iap.o)
                0x00004dc4                eraseInfoPage
 .text.uabInfoPageInit
                0x00004df8       0x80 C:\Users\Zhang\OneDrive\SUNS\Project\Harmar\Work\UAB_COMMON_LIB\Lib\libUAB_COMMON_LIB.a(iap.o)
                0x00004df8                uabInfoPageInit
 .text.uabInfoPageGet
                0x00004e78        0xa C:\Users\Zhang\OneDrive\SUNS\Project\Harmar\Work\UAB_COMMON_LIB\Lib\libUAB_COMMON_LIB.a(iap.o)
                0x00004e78                uabInfoPageGet
 *fill*         0x00004e82        0x2 00
 .text.PIOINT1_IRQHandler
                0x00004e84       0xc0 C:\Users\Zhang\OneDrive\SUNS\Project\Harmar\Work\UAB_COMMON_LIB\Lib\libUAB_COMMON_LIB.a(ir.o)
                0x00004e84                PIOINT1_IRQHandler
 .text.uabPwmAdjust
                0x00004f44       0xa8 C:\Users\Zhang\OneDrive\SUNS\Project\Harmar\Work\UAB_COMMON_LIB\Lib\libUAB_COMMON_LIB.a(speed.o)
                0x00004f44                uabPwmAdjust
 .text.uabCsscBegin
                0x00004fec       0x68 C:\Users\Zhang\OneDrive\SUNS\Project\Harmar\Work\UAB_COMMON_LIB\Lib\libUAB_COMMON_LIB.a(speed.o)
                0x00004fec                uabCsscBegin
 *fill*         0x00005054        0x4 00
 .text.uabCsscCheck
                0x00005058       0xf0 C:\Users\Zhang\OneDrive\SUNS\Project\Harmar\Work\UAB_COMMON_LIB\Lib\libUAB_COMMON_LIB.a(speed.o)
                0x00005058                uabCsscCheck
 .text.uabCsscEnd
                0x00005148       0x20 C:\Users\Zhang\OneDrive\SUNS\Project\Harmar\Work\UAB_COMMON_LIB\Lib\libUAB_COMMON_LIB.a(speed.o)
                0x00005148                uabCsscEnd
 .text.UART0_IRQHandler
                0x00005168       0x9c C:\Users\Zhang\OneDrive\SUNS\Project\Harmar\Work\UAB_COMMON_LIB\Lib\libUAB_COMMON_LIB.a(uart.o)
                0x00005168                UART0_IRQHandler
 .text.UART1_IRQHandler
                0x00005204       0x9c C:\Users\Zhang\OneDrive\SUNS\Project\Harmar\Work\UAB_COMMON_LIB\Lib\libUAB_COMMON_LIB.a(uart.o)
                0x00005204                UART1_IRQHandler
 .text.UARTInit
                0x000052a0      0x1c0 C:\Users\Zhang\OneDrive\SUNS\Project\Harmar\Work\UAB_COMMON_LIB\Lib\libUAB_COMMON_LIB.a(uart.o)
                0x000052a0                UARTInit
 .text.UARTSend
                0x00005460       0x38 C:\Users\Zhang\OneDrive\SUNS\Project\Harmar\Work\UAB_COMMON_LIB\Lib\libUAB_COMMON_LIB.a(uart.o)
                0x00005460                UARTSend
 .text.putchar  0x00005498       0x18 C:\Users\Zhang\OneDrive\SUNS\Project\Harmar\Work\UAB_COMMON_LIB\Lib\libUAB_COMMON_LIB.a(uart.o)
                0x00005498                putchar
 .text.xmitFifoBufSend
                0x000054b0       0x50 C:\Users\Zhang\OneDrive\SUNS\Project\Harmar\Work\UAB_COMMON_LIB\Lib\libUAB_COMMON_LIB.a(uart.o)
                0x000054b0                xmitFifoBufSend
 .text.waitForAck
                0x00005500      0x104 C:\Users\Zhang\OneDrive\SUNS\Project\Harmar\Work\UAB_COMMON_LIB\Lib\libUAB_COMMON_LIB.a(uart.o)
                0x00005500                waitForAck
 .text.xmitFifoBufLoad
                0x00005604       0x74 C:\Users\Zhang\OneDrive\SUNS\Project\Harmar\Work\UAB_COMMON_LIB\Lib\libUAB_COMMON_LIB.a(uart.o)
                0x00005604                xmitFifoBufLoad
 .text.delayUsec
                0x00005678       0x28 C:\Users\Zhang\OneDrive\SUNS\Project\Harmar\Work\UAB_COMMON_LIB\Lib\libUAB_COMMON_LIB.a(utils.o)
                0x00005678                delayUsec
 .text.delayMs  0x000056a0       0x6c C:\Users\Zhang\OneDrive\SUNS\Project\Harmar\Work\UAB_COMMON_LIB\Lib\libUAB_COMMON_LIB.a(utils.o)
                0x000056a0                delayMs
 .text.wdtFeed  0x0000570c       0x1c C:\Users\Zhang\OneDrive\SUNS\Project\Harmar\Work\UAB_COMMON_LIB\Lib\libUAB_COMMON_LIB.a(wdt.o)
                0x0000570c                wdtFeed
 .text.wdtEnable
                0x00005728       0x18 C:\Users\Zhang\OneDrive\SUNS\Project\Harmar\Work\UAB_COMMON_LIB\Lib\libUAB_COMMON_LIB.a(wdt.o)
                0x00005728                wdtEnable
 .text.wdtInit  0x00005740       0x50 C:\Users\Zhang\OneDrive\SUNS\Project\Harmar\Work\UAB_COMMON_LIB\Lib\libUAB_COMMON_LIB.a(wdt.o)
                0x00005740                wdtInit
 .text.memcpy   0x00005790        0x8 c:/nxp/lpcxpresso_6.1.4_194/lpcxpresso/tools/bin/../lib/gcc/arm-none-eabi/4.6.2/../../../../arm-none-eabi/lib/armv6-m\libcr_c.a(memcpy.o)
                0x00005790                memcpy
 .text.memset   0x00005798        0x8 c:/nxp/lpcxpresso_6.1.4_194/lpcxpresso/tools/bin/../lib/gcc/arm-none-eabi/4.6.2/../../../../arm-none-eabi/lib/armv6-m\libcr_c.a(memset.o)
                0x00005798                memset
 .text.__weak_main
                0x000057a0        0x8 c:/nxp/lpcxpresso_6.1.4_194/lpcxpresso/tools/bin/../lib/gcc/arm-none-eabi/4.6.2/../../../../arm-none-eabi/lib/armv6-m\libcr_c.a(__weak__main.o)
                0x000057a0                __weak_main
                0x000057a0                __main
 .text.__aeabi_dmul
                0x000057a8      0x180 c:/nxp/lpcxpresso_6.1.4_194/lpcxpresso/tools/bin/../lib/gcc/arm-none-eabi/4.6.2/armv6-m\libcr_eabihelpers.a(double.o)
                0x000057a8                __aeabi_dmul
 .text.__aeabi_ddiv
                0x00005928      0x178 c:/nxp/lpcxpresso_6.1.4_194/lpcxpresso/tools/bin/../lib/gcc/arm-none-eabi/4.6.2/armv6-m\libcr_eabihelpers.a(double.o)
                0x00005928                __aeabi_ddiv
 .text.__aeabi_dsub
                0x00005aa0      0x1d8 c:/nxp/lpcxpresso_6.1.4_194/lpcxpresso/tools/bin/../lib/gcc/arm-none-eabi/4.6.2/armv6-m\libcr_eabihelpers.a(double.o)
                0x00005aa0                __aeabi_dsub
 .text.__aeabi_dadd
                0x00005c78      0x140 c:/nxp/lpcxpresso_6.1.4_194/lpcxpresso/tools/bin/../lib/gcc/arm-none-eabi/4.6.2/armv6-m\libcr_eabihelpers.a(double.o)
                0x00005c78                __aeabi_dadd
 .text.__aeabi_d2f
                0x00005db8       0x5c c:/nxp/lpcxpresso_6.1.4_194/lpcxpresso/tools/bin/../lib/gcc/arm-none-eabi/4.6.2/armv6-m\libcr_eabihelpers.a(double.o)
                0x00005db8                __aeabi_d2f
 .text.__aeabi_d2iz
                0x00005e14       0x4c c:/nxp/lpcxpresso_6.1.4_194/lpcxpresso/tools/bin/../lib/gcc/arm-none-eabi/4.6.2/armv6-m\libcr_eabihelpers.a(double.o)
                0x00005e14                __aeabi_d2iz
 .text.__bhs_ui2d
                0x00005e60       0x5e c:/nxp/lpcxpresso_6.1.4_194/lpcxpresso/tools/bin/../lib/gcc/arm-none-eabi/4.6.2/armv6-m\libcr_eabihelpers.a(double.o)
                0x00005e60                __bhs_ui2d
 .text.__aeabi_i2d
                0x00005ebe       0x16 c:/nxp/lpcxpresso_6.1.4_194/lpcxpresso/tools/bin/../lib/gcc/arm-none-eabi/4.6.2/armv6-m\libcr_eabihelpers.a(double.o)
                0x00005ebe                __aeabi_i2d
 .text.__aeabi_ui2d
                0x00005ed4        0xc c:/nxp/lpcxpresso_6.1.4_194/lpcxpresso/tools/bin/../lib/gcc/arm-none-eabi/4.6.2/armv6-m\libcr_eabihelpers.a(double.o)
                0x00005ed4                __aeabi_ui2d
 .text.__aeabi_dcmplt
                0x00005ee0       0x64 c:/nxp/lpcxpresso_6.1.4_194/lpcxpresso/tools/bin/../lib/gcc/arm-none-eabi/4.6.2/armv6-m\libcr_eabihelpers.a(double.o)
                0x00005ee0                __aeabi_dcmplt
 .text.__aeabi_dcmpge
                0x00005f44       0x64 c:/nxp/lpcxpresso_6.1.4_194/lpcxpresso/tools/bin/../lib/gcc/arm-none-eabi/4.6.2/armv6-m\libcr_eabihelpers.a(double.o)
                0x00005f44                __aeabi_dcmpge
 .text.__aeabi_fmul
                0x00005fa8       0xd0 c:/nxp/lpcxpresso_6.1.4_194/lpcxpresso/tools/bin/../lib/gcc/arm-none-eabi/4.6.2/armv6-m\libcr_eabihelpers.a(float.o)
                0x00005fa8                __aeabi_fmul
 .text.__aeabi_fdiv
                0x00006078       0xe4 c:/nxp/lpcxpresso_6.1.4_194/lpcxpresso/tools/bin/../lib/gcc/arm-none-eabi/4.6.2/armv6-m\libcr_eabihelpers.a(float.o)
                0x00006078                __aeabi_fdiv
 .text.__aeabi_fsub
                0x0000615c      0x124 c:/nxp/lpcxpresso_6.1.4_194/lpcxpresso/tools/bin/../lib/gcc/arm-none-eabi/4.6.2/armv6-m\libcr_eabihelpers.a(float.o)
                0x0000615c                __aeabi_fsub
 .text.__aeabi_fadd
                0x00006280       0xa8 c:/nxp/lpcxpresso_6.1.4_194/lpcxpresso/tools/bin/../lib/gcc/arm-none-eabi/4.6.2/armv6-m\libcr_eabihelpers.a(float.o)
                0x00006280                __aeabi_fadd
 .text.__aeabi_f2iz
                0x00006328       0x38 c:/nxp/lpcxpresso_6.1.4_194/lpcxpresso/tools/bin/../lib/gcc/arm-none-eabi/4.6.2/armv6-m\libcr_eabihelpers.a(float.o)
                0x00006328                __aeabi_f2iz
 .text.__bhs_ui2f
                0x00006360       0x62 c:/nxp/lpcxpresso_6.1.4_194/lpcxpresso/tools/bin/../lib/gcc/arm-none-eabi/4.6.2/armv6-m\libcr_eabihelpers.a(float.o)
                0x00006360                __bhs_ui2f
 .text.__aeabi_i2f
                0x000063c2       0x16 c:/nxp/lpcxpresso_6.1.4_194/lpcxpresso/tools/bin/../lib/gcc/arm-none-eabi/4.6.2/armv6-m\libcr_eabihelpers.a(float.o)
                0x000063c2                __aeabi_i2f
 .text.__aeabi_ui2f
                0x000063d8        0xc c:/nxp/lpcxpresso_6.1.4_194/lpcxpresso/tools/bin/../lib/gcc/arm-none-eabi/4.6.2/armv6-m\libcr_eabihelpers.a(float.o)
                0x000063d8                __aeabi_ui2f
 .text.__aeabi_f2d
                0x000063e4       0x3c c:/nxp/lpcxpresso_6.1.4_194/lpcxpresso/tools/bin/../lib/gcc/arm-none-eabi/4.6.2/armv6-m\libcr_eabihelpers.a(float.o)
                0x000063e4                __aeabi_f2d
 .text.__aeabi_fcmplt
                0x00006420       0x42 c:/nxp/lpcxpresso_6.1.4_194/lpcxpresso/tools/bin/../lib/gcc/arm-none-eabi/4.6.2/armv6-m\libcr_eabihelpers.a(float.o)
                0x00006420                __aeabi_fcmplt
 .text.__aeabi_fcmpgt
                0x00006462       0x40 c:/nxp/lpcxpresso_6.1.4_194/lpcxpresso/tools/bin/../lib/gcc/arm-none-eabi/4.6.2/armv6-m\libcr_eabihelpers.a(float.o)
                0x00006462                __aeabi_fcmpgt
 .text.__aeabi_fcmple
                0x000064a2       0x44 c:/nxp/lpcxpresso_6.1.4_194/lpcxpresso/tools/bin/../lib/gcc/arm-none-eabi/4.6.2/armv6-m\libcr_eabihelpers.a(float.o)
                0x000064a2                __aeabi_fcmple
 .text.__aeabi_llong_lmul
                0x000064e6       0x2e c:/nxp/lpcxpresso_6.1.4_194/lpcxpresso/tools/bin/../lib/gcc/arm-none-eabi/4.6.2/armv6-m\libcr_eabihelpers.a(llong.o)
                0x000064e6                __aeabi_lmul
 .text.__aeabi_memcpy
                0x00006514       0x2c c:/nxp/lpcxpresso_6.1.4_194/lpcxpresso/tools/bin/../lib/gcc/arm-none-eabi/4.6.2/armv6-m\libcr_eabihelpers.a(memcpy.o)
                0x00006514                __aeabi_memcpy4
                0x00006514                __aeabi_memcpy8
                0x00006514                __aeabi_memcpy
 .text.__aeabi_memset_lowlevel
                0x00006540       0x2a c:/nxp/lpcxpresso_6.1.4_194/lpcxpresso/tools/bin/../lib/gcc/arm-none-eabi/4.6.2/armv6-m\libcr_eabihelpers.a(memcpy.o)
                0x00006540                __aeabi_lowlevel_memset
 .text.__gnu_thumb1_case_uqi
                0x0000656a       0x10 c:/nxp/lpcxpresso_6.1.4_194/lpcxpresso/tools/bin/../lib/gcc/arm-none-eabi/4.6.2/armv6-m\libcr_eabihelpers.a(thumb1_switch_helpers.o)
                0x0000656a                __gnu_thumb1_case_uqi
 .text.__gnu_thumb1_case_uhi
                0x0000657a       0x10 c:/nxp/lpcxpresso_6.1.4_194/lpcxpresso/tools/bin/../lib/gcc/arm-none-eabi/4.6.2/armv6-m\libcr_eabihelpers.a(thumb1_switch_helpers.o)
                0x0000657a                __gnu_thumb1_case_uhi
 *(.rodata .rodata.* .constdata .constdata.*)
 *fill*         0x0000658a        0x2 00
 .rodata        0x0000658c       0x9c ./src/main_HELIX.o
 .rodata.main   0x00006628      0x140 ./src/main_HELIX.o
 .rodata        0x00006768       0x58 ./src/uab_HELIX.o
 .rodata.uabCheckLimit
                0x000067c0       0x20 ./src/uab_HELIX.o
 .rodata.uabMotionSet
                0x000067e0       0x20 ./src/uab_HELIX.o
 .rodata.str1.1
                0x00006800        0x7 C:\Users\Zhang\OneDrive\SUNS\Project\Harmar\Work\lib_small_printf_m0\Lib\liblib_small_printf_m0.a(small_printf_float.o)
                0x00006808                . = ALIGN (0x4)
 *fill*         0x00006807        0x1 ff

.glue_7         0x00006808        0x0
 .glue_7        0x00000000        0x0 linker stubs

.glue_7t        0x00006808        0x0
 .glue_7t       0x00000000        0x0 linker stubs

.vfp11_veneer   0x00006808        0x0
 .vfp11_veneer  0x00000000        0x0 linker stubs

.v4_bx          0x00006808        0x0
 .v4_bx         0x00000000        0x0 linker stubs

.ARM.extab
 *(.ARM.extab* .gnu.linkonce.armextab.*)
                0x00006808                __exidx_start = .

.ARM.exidx
 *(.ARM.exidx* .gnu.linkonce.armexidx.*)
                0x00006808                __exidx_end = .
                0x00006808                _etext = .

.uninit_RESERVED
                0x10000000        0x0
 *(.bss.$RESERVED*)
                0x10000000                . = ALIGN (0x4)
                0x10000000                _end_uninit_RESERVED = .

.data           0x10000000       0x34 load address 0x00006808
 FILL mask 0xff
                0x10000000                _data = .
 *(vtable)
 *(.data*)
 .data.prevChar.4705
                0x10000000        0x1 ./src/main_HELIX.o
 .data.prevTrackOrien.4701
                0x10000001        0x1 ./src/main_HELIX.o
 .data.SeqNum   0x10000002        0x1 ./src/uab_HELIX.o
                0x10000002                SeqNum
 .data.UabChargeStripStopped
                0x10000003        0x1 ./src/uab_HELIX.o
                0x10000003                UabChargeStripStopped
 .data.prev_pio0.4922
                0x10000004        0x4 ./src/uab_HELIX.o
 .data.prev_pio1.4923
                0x10000008        0x4 ./src/uab_HELIX.o
 .data.prev_pio2.4924
                0x1000000c        0x4 ./src/uab_HELIX.o
 .data.first_pass.4857
                0x10000010        0x1 ./src/uab_HELIX.o
 .data.firstTime.4861
                0x10000011        0x1 ./src/uab_HELIX.o
 .data.charge1.4858
                0x10000012        0x1 ./src/uab_HELIX.o
 *fill*         0x10000013        0x1 00
 .data.minuteCntr.4745
                0x10000014        0x4 ./src/uab_HELIX.o
 .data.displayVoltsCntr.4743
                0x10000018        0x4 ./src/uab_HELIX.o
 .data          0x1000001c        0x8 C:\Users\Zhang\OneDrive\SUNS\Project\Harmar\Work\CMSISv2p00_LPC12xx\Debug\libCMSISv2p00_LPC12xx.a(system_LPC122x.o)
                0x1000001c                SystemCoreClock
                0x10000020                MainClock
 .data.previous_alarm_state
                0x10000024        0x1 C:\Users\Zhang\OneDrive\SUNS\Project\Harmar\Work\UAB_COMMON_LIB\Lib\libUAB_COMMON_LIB.a(alarms.o)
                0x10000024                previous_alarm_state
 .data.IrPwpProcessed
                0x10000025        0x1 C:\Users\Zhang\OneDrive\SUNS\Project\Harmar\Work\UAB_COMMON_LIB\Lib\libUAB_COMMON_LIB.a(ir.o)
                0x10000025                IrPwpProcessed
 *fill*         0x10000026        0x2 00
 .data.UabIr0UnitNum
                0x10000028        0x4 C:\Users\Zhang\OneDrive\SUNS\Project\Harmar\Work\UAB_COMMON_LIB\Lib\libUAB_COMMON_LIB.a(ir.o)
                0x10000028                UabIr0UnitNum
 .data.UabIr1UnitNum
                0x1000002c        0x4 C:\Users\Zhang\OneDrive\SUNS\Project\Harmar\Work\UAB_COMMON_LIB\Lib\libUAB_COMMON_LIB.a(ir.o)
                0x1000002c                UabIr1UnitNum
 .data.UART0_TxEmpty
                0x10000030        0x1 C:\Users\Zhang\OneDrive\SUNS\Project\Harmar\Work\UAB_COMMON_LIB\Lib\libUAB_COMMON_LIB.a(uart.o)
                0x10000030                UART0_TxEmpty
 .data.UART1_TxEmpty
                0x10000031        0x1 C:\Users\Zhang\OneDrive\SUNS\Project\Harmar\Work\UAB_COMMON_LIB\Lib\libUAB_COMMON_LIB.a(uart.o)
                0x10000031                UART1_TxEmpty
                0x10000034                . = ALIGN (0x4)
 *fill*         0x10000032        0x2 ff
                0x10000034                _edata = .

.bss            0x10000034      0x9f4 load address 0x0000683c
                0x10000034                _bss = .
 *(.bss*)
 .bss.SysTicks  0x10000034        0x4 ./src/main_HELIX.o
                0x10000034                SysTicks
 .bss.DelayCnt  0x10000038        0x4 ./src/main_HELIX.o
                0x10000038                DelayCnt
 .bss.UabPioCnt
                0x1000003c        0x4 ./src/main_HELIX.o
 .bss.UpdateDelay
                0x10000040        0x1 ./src/main_HELIX.o
 *fill*         0x10000041        0x3 00
 .bss.buff.4702
                0x10000044       0x2c ./src/main_HELIX.o
 .bss.UabMotorIsOff
                0x10000070        0x1 ./src/uab_HELIX.o
                0x10000070                UabMotorIsOff
 .bss.UabInstMode
                0x10000071        0x1 ./src/uab_HELIX.o
                0x10000071                UabInstMode
 .bss.UabTripDone
                0x10000072        0x1 ./src/uab_HELIX.o
                0x10000072                UabTripDone
 .bss.UabMajorFault
                0x10000073        0x1 ./src/uab_HELIX.o
                0x10000073                UabMajorFault
 .bss.UabMajorFaultInProgress
                0x10000074        0x1 ./src/uab_HELIX.o
                0x10000074                UabMajorFaultInProgress
 .bss.UabUpDownReleased
                0x10000075        0x1 ./src/uab_HELIX.o
                0x10000075                UabUpDownReleased
 *fill*         0x10000076        0x2 00
 .bss.UabFaults
                0x10000078        0x4 ./src/uab_HELIX.o
                0x10000078                UabFaults
 .bss.UabDebugMode
                0x1000007c        0x4 ./src/uab_HELIX.o
                0x1000007c                UabDebugMode
 .bss.UabMotionState
                0x10000080        0x1 ./src/uab_HELIX.o
                0x10000080                UabMotionState
 .bss.UabUpDownLeftRightSwitchState
                0x10000081        0x1 ./src/uab_HELIX.o
                0x10000081                UabUpDownLeftRightSwitchState
 .bss.UabOffCharge
                0x10000082        0x1 ./src/uab_HELIX.o
                0x10000082                UabOffCharge
 .bss.UabOffchargeFlag
                0x10000083        0x1 ./src/uab_HELIX.o
                0x10000083                UabOffchargeFlag
 .bss.UabChargePercent
                0x10000084        0x1 ./src/uab_HELIX.o
                0x10000084                UabChargePercent
 *fill*         0x10000085        0x3 00
 .bss.UabChargeTimer
                0x10000088        0x4 ./src/uab_HELIX.o
                0x10000088                UabChargeTimer
 .bss.UabChargeInProgress
                0x1000008c        0x1 ./src/uab_HELIX.o
                0x1000008c                UabChargeInProgress
 *fill*         0x1000008d        0x3 00
 .bss.UabChargePeriod
                0x10000090        0x4 ./src/uab_HELIX.o
                0x10000090                UabChargePeriod
 .bss.UabChargeDuration
                0x10000094        0x4 ./src/uab_HELIX.o
                0x10000094                UabChargeDuration
 .bss.SaveBatteryVolts
                0x10000098        0x4 ./src/uab_HELIX.o
                0x10000098                SaveBatteryVolts
 .bss.SaveChargeVolts
                0x1000009c        0x4 ./src/uab_HELIX.o
                0x1000009c                SaveChargeVolts
 .bss.UabSense12Volts
                0x100000a0        0x4 ./src/uab_HELIX.o
                0x100000a0                UabSense12Volts
 .bss.UabMajorFaultCause
                0x100000a4        0x4 ./src/uab_HELIX.o
                0x100000a4                UabMajorFaultCause
 .bss.UabBatteryVolts
                0x100000a8        0x4 ./src/uab_HELIX.o
                0x100000a8                UabBatteryVolts
 .bss.UabSystemOverLoadAmps
                0x100000ac        0x4 ./src/uab_HELIX.o
                0x100000ac                UabSystemOverLoadAmps
 .bss.UabSystemOverLoadScaledAmps
                0x100000b0        0x4 ./src/uab_HELIX.o
                0x100000b0                UabSystemOverLoadScaledAmps
 .bss.UabMDriveState
                0x100000b4        0x1 ./src/uab_HELIX.o
                0x100000b4                UabMDriveState
 .bss.UabChargerState
                0x100000b5        0x1 ./src/uab_HELIX.o
                0x100000b5                UabChargerState
 .bss.UabChargerInitState
                0x100000b6        0x1 ./src/uab_HELIX.o
                0x100000b6                UabChargerInitState
 .bss.UabInitComplete
                0x100000b7        0x1 ./src/uab_HELIX.o
                0x100000b7                UabInitComplete
 .bss.UabCommEnabled
                0x100000b8        0x1 ./src/uab_HELIX.o
                0x100000b8                UabCommEnabled
 .bss.UabLed    0x100000b9        0x1 ./src/uab_HELIX.o
                0x100000b9                UabLed
 .bss.UabChargeStripDet
                0x100000ba        0x1 ./src/uab_HELIX.o
                0x100000ba                UabChargeStripDet
 .bss.UabChargeStripStopFlag
                0x100000bb        0x1 ./src/uab_HELIX.o
                0x100000bb                UabChargeStripStopFlag
 .bss.UabChargeStripStopCnt
                0x100000bc        0x4 ./src/uab_HELIX.o
                0x100000bc                UabChargeStripStopCnt
 .bss.UabChargeStripTimeout
                0x100000c0        0x4 ./src/uab_HELIX.o
                0x100000c0                UabChargeStripTimeout
 .bss.UabSlowStartCnt
                0x100000c4        0x4 ./src/uab_HELIX.o
                0x100000c4                UabSlowStartCnt
 .bss.UabChargeLed
                0x100000c8        0x1 ./src/uab_HELIX.o
                0x100000c8                UabChargeLed
 .bss.prevUabRfLeftRightState.4980
                0x100000c9        0x1 ./src/uab_HELIX.o
 *fill*         0x100000ca        0x2 00
 .bss.prev_faults.4930
                0x100000cc        0x4 ./src/uab_HELIX.o
 .bss.stop_time.4890
                0x100000d0        0x2 ./src/uab_HELIX.o
 .bss.left_delay.4892
                0x100000d2        0x2 ./src/uab_HELIX.o
 .bss.rf_delay.4891
                0x100000d4        0x2 ./src/uab_HELIX.o
 .bss.right_delay.4893
                0x100000d6        0x2 ./src/uab_HELIX.o
 .bss.waitTime.4860
                0x100000d8        0x4 ./src/uab_HELIX.o
 .bss.doWait.4859
                0x100000dc        0x1 ./src/uab_HELIX.o
 *fill*         0x100000dd        0x3 00
 .bss.charge_volts.4854
                0x100000e0        0x4 ./src/uab_HELIX.o
 .bss.bat_volts.4855
                0x100000e4        0x4 ./src/uab_HELIX.o
 .bss.offchargeReported.4862
                0x100000e8        0x1 ./src/uab_HELIX.o
 *fill*         0x100000e9        0x3 00
 .bss.charge_duration.4856
                0x100000ec        0x4 ./src/uab_HELIX.o
 .bss.SolClearDelay.4805
                0x100000f0        0x4 ./src/uab_HELIX.o
 .bss.ind.4788  0x100000f4        0x1 ./src/uab_HELIX.o
 *fill*         0x100000f5        0x3 00
 .bss.bat_volts.4787
                0x100000f8       0x14 ./src/uab_HELIX.o
 .bss.ind.4775  0x1000010c        0x1 ./src/uab_HELIX.o
 *fill*         0x1000010d        0x3 00
 .bss.bat_volts.4774
                0x10000110       0x14 ./src/uab_HELIX.o
 .bss.ind.4762  0x10000124        0x1 ./src/uab_HELIX.o
 *fill*         0x10000125        0x3 00
 .bss.bat_volts.4761
                0x10000128       0x14 ./src/uab_HELIX.o
 .bss.causeCntr.4744
                0x1000013c        0x1 ./src/uab_HELIX.o
 .bss.doBeepOn.4746
                0x1000013d        0x1 ./src/uab_HELIX.o
 .bss.doBeepOnCntr.4747
                0x1000013e        0x1 ./src/uab_HELIX.o
 .bss.doBeepOff.4748
                0x1000013f        0x1 ./src/uab_HELIX.o
 .bss.doBeepOffCntr.4749
                0x10000140        0x1 ./src/uab_HELIX.o
 .bss.local_bfr.3717
                0x10000141       0x51 C:\Users\Zhang\OneDrive\SUNS\Project\Harmar\Work\lib_small_printf_m0\Lib\liblib_small_printf_m0.a(small_printf_float.o)
 *fill*         0x10000192        0x2 00
 .bss.faults_serviced
                0x10000194        0x4 C:\Users\Zhang\OneDrive\SUNS\Project\Harmar\Work\UAB_COMMON_LIB\Lib\libUAB_COMMON_LIB.a(alarms.o)
                0x10000194                faults_serviced
 .bss.alarm_state
                0x10000198        0x1 C:\Users\Zhang\OneDrive\SUNS\Project\Harmar\Work\UAB_COMMON_LIB\Lib\libUAB_COMMON_LIB.a(alarms.o)
                0x10000198                alarm_state
 .bss.previous_switch_state
                0x10000199        0x1 C:\Users\Zhang\OneDrive\SUNS\Project\Harmar\Work\UAB_COMMON_LIB\Lib\libUAB_COMMON_LIB.a(alarms.o)
                0x10000199                previous_switch_state
 .bss.IrIntrDetected
                0x1000019a        0x1 C:\Users\Zhang\OneDrive\SUNS\Project\Harmar\Work\UAB_COMMON_LIB\Lib\libUAB_COMMON_LIB.a(ir.o)
                0x1000019a                IrIntrDetected
 .bss.UabAdjustTargetPwmDelay
                0x1000019b        0x1 C:\Users\Zhang\OneDrive\SUNS\Project\Harmar\Work\UAB_COMMON_LIB\Lib\libUAB_COMMON_LIB.a(speed.o)
                0x1000019b                UabAdjustTargetPwmDelay
 .bss.UabTargetPwm
                0x1000019c        0x1 C:\Users\Zhang\OneDrive\SUNS\Project\Harmar\Work\UAB_COMMON_LIB\Lib\libUAB_COMMON_LIB.a(speed.o)
                0x1000019c                UabTargetPwm
 .bss.UabAdjustPwmDelay
                0x1000019d        0x1 C:\Users\Zhang\OneDrive\SUNS\Project\Harmar\Work\UAB_COMMON_LIB\Lib\libUAB_COMMON_LIB.a(speed.o)
                0x1000019d                UabAdjustPwmDelay
 *fill*         0x1000019e        0x2 00
 .bss.UabCsscAmps
                0x100001a0        0x4 C:\Users\Zhang\OneDrive\SUNS\Project\Harmar\Work\UAB_COMMON_LIB\Lib\libUAB_COMMON_LIB.a(speed.o)
                0x100001a0                UabCsscAmps
 .bss.TmpTargetPwm
                0x100001a4        0x4 C:\Users\Zhang\OneDrive\SUNS\Project\Harmar\Work\UAB_COMMON_LIB\Lib\libUAB_COMMON_LIB.a(speed.o)
                0x100001a4                TmpTargetPwm
 .bss.XmitMsgRetryCnt
                0x100001a8        0x1 C:\Users\Zhang\OneDrive\SUNS\Project\Harmar\Work\UAB_COMMON_LIB\Lib\libUAB_COMMON_LIB.a(uart.o)
                0x100001a8                XmitMsgRetryCnt
 *fill*         0x100001a9        0x3 00
 .bss.UART1_Count
                0x100001ac        0x4 C:\Users\Zhang\OneDrive\SUNS\Project\Harmar\Work\UAB_COMMON_LIB\Lib\libUAB_COMMON_LIB.a(uart.o)
                0x100001ac                UART1_Count
 .bss.NakCntr   0x100001b0        0x4 C:\Users\Zhang\OneDrive\SUNS\Project\Harmar\Work\UAB_COMMON_LIB\Lib\libUAB_COMMON_LIB.a(uart.o)
                0x100001b0                NakCntr
 .bss.XmitFifoBufNum
                0x100001b4        0x1 C:\Users\Zhang\OneDrive\SUNS\Project\Harmar\Work\UAB_COMMON_LIB\Lib\libUAB_COMMON_LIB.a(uart.o)
                0x100001b4                XmitFifoBufNum
 .bss.XmitErrDataLen
                0x100001b5        0x1 C:\Users\Zhang\OneDrive\SUNS\Project\Harmar\Work\UAB_COMMON_LIB\Lib\libUAB_COMMON_LIB.a(uart.o)
                0x100001b5                XmitErrDataLen
 *fill*         0x100001b6        0x2 00
 .bss.AckCntr   0x100001b8        0x4 C:\Users\Zhang\OneDrive\SUNS\Project\Harmar\Work\UAB_COMMON_LIB\Lib\libUAB_COMMON_LIB.a(uart.o)
                0x100001b8                AckCntr
 .bss.NakRetryCnt
                0x100001bc        0x1 C:\Users\Zhang\OneDrive\SUNS\Project\Harmar\Work\UAB_COMMON_LIB\Lib\libUAB_COMMON_LIB.a(uart.o)
                0x100001bc                NakRetryCnt
 *fill*         0x100001bd        0x3 00
 .bss.OtherCntr
                0x100001c0        0x4 C:\Users\Zhang\OneDrive\SUNS\Project\Harmar\Work\UAB_COMMON_LIB\Lib\libUAB_COMMON_LIB.a(uart.o)
                0x100001c0                OtherCntr
 .bss.XmitMsgNum
                0x100001c4        0x1 C:\Users\Zhang\OneDrive\SUNS\Project\Harmar\Work\UAB_COMMON_LIB\Lib\libUAB_COMMON_LIB.a(uart.o)
                0x100001c4                XmitMsgNum
 .bss.XmitErrFifoOveflow
                0x100001c5        0x1 C:\Users\Zhang\OneDrive\SUNS\Project\Harmar\Work\UAB_COMMON_LIB\Lib\libUAB_COMMON_LIB.a(uart.o)
                0x100001c5                XmitErrFifoOveflow
 *fill*         0x100001c6        0x2 00
 .bss.UART0_Status
                0x100001c8        0x4 C:\Users\Zhang\OneDrive\SUNS\Project\Harmar\Work\UAB_COMMON_LIB\Lib\libUAB_COMMON_LIB.a(uart.o)
                0x100001c8                UART0_Status
 .bss.NoCommCnt
                0x100001cc        0x1 C:\Users\Zhang\OneDrive\SUNS\Project\Harmar\Work\UAB_COMMON_LIB\Lib\libUAB_COMMON_LIB.a(uart.o)
                0x100001cc                NoCommCnt
 .bss.WaitForAckTimeout
                0x100001cd        0x1 C:\Users\Zhang\OneDrive\SUNS\Project\Harmar\Work\UAB_COMMON_LIB\Lib\libUAB_COMMON_LIB.a(uart.o)
                0x100001cd                WaitForAckTimeout
 *fill*         0x100001ce        0x2 00
 .bss.UART1_Status
                0x100001d0        0x4 C:\Users\Zhang\OneDrive\SUNS\Project\Harmar\Work\UAB_COMMON_LIB\Lib\libUAB_COMMON_LIB.a(uart.o)
                0x100001d0                UART1_Status
 .bss.UART0_Count
                0x100001d4        0x4 C:\Users\Zhang\OneDrive\SUNS\Project\Harmar\Work\UAB_COMMON_LIB\Lib\libUAB_COMMON_LIB.a(uart.o)
                0x100001d4                UART0_Count
 .bss.WaitForAck
                0x100001d8        0x1 C:\Users\Zhang\OneDrive\SUNS\Project\Harmar\Work\UAB_COMMON_LIB\Lib\libUAB_COMMON_LIB.a(uart.o)
                0x100001d8                WaitForAck
 *fill*         0x100001d9        0x3 00
 .bss.wdtCnt.4274
                0x100001dc        0x4 C:\Users\Zhang\OneDrive\SUNS\Project\Harmar\Work\UAB_COMMON_LIB\Lib\libUAB_COMMON_LIB.a(utils.o)
 *(COMMON)
 COMMON         0x100001e0        0x8 ./startup/cr_startup_lpc12xx.o
                0x100001e0                pDivRom_uidiv
                0x100001e4                pDivRom_idiv
 COMMON         0x100001e8       0x10 ./src/uab_HELIX.o
                0x100001e8                UabUpDownState
                0x100001e9                UabBegPwm
                0x100001ea                UabPwmStep
                0x100001eb                UabInstUpDownState
                0x100001ec                UabRampInterval
                0x100001ed                UabRfLeftRightState
                0x100001f0                UabSystemId
                0x100001f4                UabTrackOrientation
                0x100001f5                UabPwm
                0x100001f6                UabBrakeState
                0x100001f7                UabEndPwm
 COMMON         0x100001f8        0x7 C:\Users\Zhang\OneDrive\SUNS\Project\Harmar\Work\UAB_COMMON_LIB\Lib\libUAB_COMMON_LIB.a(alarms.o)
                0x100001f8                previous_faults
                0x100001fc                alarm_counter
                0x100001fe                alarm_active
 *fill*         0x100001ff        0x1 00
 COMMON         0x10000200       0x68 C:\Users\Zhang\OneDrive\SUNS\Project\Harmar\Work\UAB_COMMON_LIB\Lib\libUAB_COMMON_LIB.a(ir.o)
                0x10000200                IrPwp
 COMMON         0x10000268        0x8 C:\Users\Zhang\OneDrive\SUNS\Project\Harmar\Work\UAB_COMMON_LIB\Lib\libUAB_COMMON_LIB.a(speed.o)
                0x10000268                UabPwmScaleFactor
                0x1000026c                UabNominalPwm
 COMMON         0x10000270      0x7b8 C:\Users\Zhang\OneDrive\SUNS\Project\Harmar\Work\UAB_COMMON_LIB\Lib\libUAB_COMMON_LIB.a(uart.o)
                0x10000270                UART1_XmitBuf
                0x100002b0                UART1_Buffer
                0x100002f0                XmitFifoBuf
                0x100009a8                UART0_XmitBuf
                0x100009e8                UART0_Buffer
                0x10000a28                . = ALIGN (0x4)
                0x10000a28                _ebss = .
                0x10000a28                PROVIDE (end, .)

.noinit         0x10000a28        0x0 load address 0x0000683c
                0x10000a28                _noinit = .
 *(.noinit*)
                0x10000a28                . = ALIGN (0x4)
                0x10000a28                _end_noinit = .
                0x10000a28                PROVIDE (_pvHeapStart, .)
                0x10001f00                PROVIDE (_vStackTop, (__top_RamLoc8 - 0x100))
OUTPUT(UAB_HELIX.axf elf32-littlearm)

.ARM.attributes
                0x00000000       0x2d
 .ARM.attributes
                0x00000000       0x21 ./startup/aeabi_romdiv_patch.o
 .ARM.attributes
                0x00000021       0x31 ./startup/cr_startup_lpc12xx.o
 .ARM.attributes
                0x00000052       0x31 ./src/main_HELIX.o
 .ARM.attributes
                0x00000083       0x31 ./src/uab_HELIX.o
 .ARM.attributes
                0x000000b4       0x31 C:\Users\Zhang\OneDrive\SUNS\Project\Harmar\Work\CMSISv2p00_LPC12xx\Debug\libCMSISv2p00_LPC12xx.a(system_LPC122x.o)
 .ARM.attributes
                0x000000e5       0x31 C:\Users\Zhang\OneDrive\SUNS\Project\Harmar\Work\lib_small_printf_m0\Lib\liblib_small_printf_m0.a(small_printf_float.o)
 .ARM.attributes
                0x00000116       0x31 C:\Users\Zhang\OneDrive\SUNS\Project\Harmar\Work\lib_small_printf_m0\Lib\liblib_small_printf_m0.a(small_printf_support.o)
 .ARM.attributes
                0x00000147       0x31 C:\Users\Zhang\OneDrive\SUNS\Project\Harmar\Work\lib_small_printf_m0\Lib\liblib_small_printf_m0.a(small_utils.o)
 .ARM.attributes
                0x00000178       0x31 C:\Users\Zhang\OneDrive\SUNS\Project\Harmar\Work\UAB_COMMON_LIB\Lib\libUAB_COMMON_LIB.a(alarms.o)
 .ARM.attributes
                0x000001a9       0x31 C:\Users\Zhang\OneDrive\SUNS\Project\Harmar\Work\UAB_COMMON_LIB\Lib\libUAB_COMMON_LIB.a(compadc.o)
 .ARM.attributes
                0x000001da       0x31 C:\Users\Zhang\OneDrive\SUNS\Project\Harmar\Work\UAB_COMMON_LIB\Lib\libUAB_COMMON_LIB.a(iap.o)
 .ARM.attributes
                0x0000020b       0x31 C:\Users\Zhang\OneDrive\SUNS\Project\Harmar\Work\UAB_COMMON_LIB\Lib\libUAB_COMMON_LIB.a(ir.o)
 .ARM.attributes
                0x0000023c       0x31 C:\Users\Zhang\OneDrive\SUNS\Project\Harmar\Work\UAB_COMMON_LIB\Lib\libUAB_COMMON_LIB.a(speed.o)
 .ARM.attributes
                0x0000026d       0x31 C:\Users\Zhang\OneDrive\SUNS\Project\Harmar\Work\UAB_COMMON_LIB\Lib\libUAB_COMMON_LIB.a(uart.o)
 .ARM.attributes
                0x0000029e       0x31 C:\Users\Zhang\OneDrive\SUNS\Project\Harmar\Work\UAB_COMMON_LIB\Lib\libUAB_COMMON_LIB.a(utils.o)
 .ARM.attributes
                0x000002cf       0x31 C:\Users\Zhang\OneDrive\SUNS\Project\Harmar\Work\UAB_COMMON_LIB\Lib\libUAB_COMMON_LIB.a(wdt.o)
 .ARM.attributes
                0x00000300       0x31 c:/nxp/lpcxpresso_6.1.4_194/lpcxpresso/tools/bin/../lib/gcc/arm-none-eabi/4.6.2/../../../../arm-none-eabi/lib/armv6-m\libcr_c.a(memcpy.o)
 .ARM.attributes
                0x00000331       0x31 c:/nxp/lpcxpresso_6.1.4_194/lpcxpresso/tools/bin/../lib/gcc/arm-none-eabi/4.6.2/../../../../arm-none-eabi/lib/armv6-m\libcr_c.a(memset.o)
 .ARM.attributes
                0x00000362       0x31 c:/nxp/lpcxpresso_6.1.4_194/lpcxpresso/tools/bin/../lib/gcc/arm-none-eabi/4.6.2/../../../../arm-none-eabi/lib/armv6-m\libcr_c.a(__weak__main.o)
 .ARM.attributes
                0x00000393       0x31 c:/nxp/lpcxpresso_6.1.4_194/lpcxpresso/tools/bin/../lib/gcc/arm-none-eabi/4.6.2/armv6-m\libcr_eabihelpers.a(double.o)
 .ARM.attributes
                0x000003c4       0x31 c:/nxp/lpcxpresso_6.1.4_194/lpcxpresso/tools/bin/../lib/gcc/arm-none-eabi/4.6.2/armv6-m\libcr_eabihelpers.a(float.o)
 .ARM.attributes
                0x000003f5       0x21 c:/nxp/lpcxpresso_6.1.4_194/lpcxpresso/tools/bin/../lib/gcc/arm-none-eabi/4.6.2/armv6-m\libcr_eabihelpers.a(llong.o)
 .ARM.attributes
                0x00000416       0x21 c:/nxp/lpcxpresso_6.1.4_194/lpcxpresso/tools/bin/../lib/gcc/arm-none-eabi/4.6.2/armv6-m\libcr_eabihelpers.a(memcpy.o)
 .ARM.attributes
                0x00000437       0x21 c:/nxp/lpcxpresso_6.1.4_194/lpcxpresso/tools/bin/../lib/gcc/arm-none-eabi/4.6.2/armv6-m\libcr_eabihelpers.a(thumb1_switch_helpers.o)

.comment        0x00000000       0xe0
 .comment       0x00000000       0x70 ./startup/cr_startup_lpc12xx.o
                                 0x71 (size before relaxing)
 .comment       0x00000000       0x71 ./src/main_HELIX.o
 .comment       0x00000000       0x71 ./src/uab_HELIX.o
 .comment       0x00000000       0x71 C:\Users\Zhang\OneDrive\SUNS\Project\Harmar\Work\CMSISv2p00_LPC12xx\Debug\libCMSISv2p00_LPC12xx.a(system_LPC122x.o)
 .comment       0x00000000       0x71 C:\Users\Zhang\OneDrive\SUNS\Project\Harmar\Work\lib_small_printf_m0\Lib\liblib_small_printf_m0.a(small_printf_float.o)
 .comment       0x00000000       0x71 C:\Users\Zhang\OneDrive\SUNS\Project\Harmar\Work\lib_small_printf_m0\Lib\liblib_small_printf_m0.a(small_printf_support.o)
 .comment       0x00000000       0x71 C:\Users\Zhang\OneDrive\SUNS\Project\Harmar\Work\lib_small_printf_m0\Lib\liblib_small_printf_m0.a(small_utils.o)
 .comment       0x00000000       0x71 C:\Users\Zhang\OneDrive\SUNS\Project\Harmar\Work\UAB_COMMON_LIB\Lib\libUAB_COMMON_LIB.a(alarms.o)
 .comment       0x00000000       0x71 C:\Users\Zhang\OneDrive\SUNS\Project\Harmar\Work\UAB_COMMON_LIB\Lib\libUAB_COMMON_LIB.a(compadc.o)
 .comment       0x00000000       0x71 C:\Users\Zhang\OneDrive\SUNS\Project\Harmar\Work\UAB_COMMON_LIB\Lib\libUAB_COMMON_LIB.a(iap.o)
 .comment       0x00000000       0x71 C:\Users\Zhang\OneDrive\SUNS\Project\Harmar\Work\UAB_COMMON_LIB\Lib\libUAB_COMMON_LIB.a(ir.o)
 .comment       0x00000000       0x71 C:\Users\Zhang\OneDrive\SUNS\Project\Harmar\Work\UAB_COMMON_LIB\Lib\libUAB_COMMON_LIB.a(speed.o)
 .comment       0x00000000       0x71 C:\Users\Zhang\OneDrive\SUNS\Project\Harmar\Work\UAB_COMMON_LIB\Lib\libUAB_COMMON_LIB.a(uart.o)
 .comment       0x00000000       0x71 C:\Users\Zhang\OneDrive\SUNS\Project\Harmar\Work\UAB_COMMON_LIB\Lib\libUAB_COMMON_LIB.a(utils.o)
 .comment       0x00000000       0x71 C:\Users\Zhang\OneDrive\SUNS\Project\Harmar\Work\UAB_COMMON_LIB\Lib\libUAB_COMMON_LIB.a(wdt.o)
 .comment       0x00000000       0x71 c:/nxp/lpcxpresso_6.1.4_194/lpcxpresso/tools/bin/../lib/gcc/arm-none-eabi/4.6.2/../../../../arm-none-eabi/lib/armv6-m\libcr_c.a(memcpy.o)
 .comment       0x00000000       0x71 c:/nxp/lpcxpresso_6.1.4_194/lpcxpresso/tools/bin/../lib/gcc/arm-none-eabi/4.6.2/../../../../arm-none-eabi/lib/armv6-m\libcr_c.a(memset.o)
 .comment       0x00000000       0x71 c:/nxp/lpcxpresso_6.1.4_194/lpcxpresso/tools/bin/../lib/gcc/arm-none-eabi/4.6.2/../../../../arm-none-eabi/lib/armv6-m\libcr_c.a(__weak__main.o)
 .comment       0x00000070       0x70 c:/nxp/lpcxpresso_6.1.4_194/lpcxpresso/tools/bin/../lib/gcc/arm-none-eabi/4.6.2/armv6-m\libcr_eabihelpers.a(double.o)
                                 0x71 (size before relaxing)
 .comment       0x00000000       0x71 c:/nxp/lpcxpresso_6.1.4_194/lpcxpresso/tools/bin/../lib/gcc/arm-none-eabi/4.6.2/armv6-m\libcr_eabihelpers.a(float.o)

.debug_line     0x00000000     0x512c
 .debug_line    0x00000000       0x67 ./startup/aeabi_romdiv_patch.o
 .debug_line    0x00000067      0x432 ./startup/cr_startup_lpc12xx.o
 .debug_line    0x00000499      0x781 ./src/main_HELIX.o
 .debug_line    0x00000c1a      0xf81 ./src/uab_HELIX.o
 .debug_line    0x00001b9b      0x408 C:\Users\Zhang\OneDrive\SUNS\Project\Harmar\Work\CMSISv2p00_LPC12xx\Debug\libCMSISv2p00_LPC12xx.a(system_LPC122x.o)
 .debug_line    0x00001fa3      0x4c0 C:\Users\Zhang\OneDrive\SUNS\Project\Harmar\Work\lib_small_printf_m0\Lib\liblib_small_printf_m0.a(small_printf_float.o)
 .debug_line    0x00002463      0x45e C:\Users\Zhang\OneDrive\SUNS\Project\Harmar\Work\lib_small_printf_m0\Lib\liblib_small_printf_m0.a(small_printf_support.o)
 .debug_line    0x000028c1      0x12a C:\Users\Zhang\OneDrive\SUNS\Project\Harmar\Work\lib_small_printf_m0\Lib\liblib_small_printf_m0.a(small_utils.o)
 .debug_line    0x000029eb      0x5e9 C:\Users\Zhang\OneDrive\SUNS\Project\Harmar\Work\UAB_COMMON_LIB\Lib\libUAB_COMMON_LIB.a(alarms.o)
 .debug_line    0x00002fd4      0x486 C:\Users\Zhang\OneDrive\SUNS\Project\Harmar\Work\UAB_COMMON_LIB\Lib\libUAB_COMMON_LIB.a(compadc.o)
 .debug_line    0x0000345a      0x4cf C:\Users\Zhang\OneDrive\SUNS\Project\Harmar\Work\UAB_COMMON_LIB\Lib\libUAB_COMMON_LIB.a(iap.o)
 .debug_line    0x00003929      0x517 C:\Users\Zhang\OneDrive\SUNS\Project\Harmar\Work\UAB_COMMON_LIB\Lib\libUAB_COMMON_LIB.a(ir.o)
 .debug_line    0x00003e40      0x43b C:\Users\Zhang\OneDrive\SUNS\Project\Harmar\Work\UAB_COMMON_LIB\Lib\libUAB_COMMON_LIB.a(speed.o)
 .debug_line    0x0000427b      0x682 C:\Users\Zhang\OneDrive\SUNS\Project\Harmar\Work\UAB_COMMON_LIB\Lib\libUAB_COMMON_LIB.a(uart.o)
 .debug_line    0x000048fd      0x41f C:\Users\Zhang\OneDrive\SUNS\Project\Harmar\Work\UAB_COMMON_LIB\Lib\libUAB_COMMON_LIB.a(utils.o)
 .debug_line    0x00004d1c      0x410 C:\Users\Zhang\OneDrive\SUNS\Project\Harmar\Work\UAB_COMMON_LIB\Lib\libUAB_COMMON_LIB.a(wdt.o)

.debug_info     0x00000000     0x7e8f
 .debug_info    0x00000000       0x85 ./startup/aeabi_romdiv_patch.o
 .debug_info    0x00000085      0x350 ./startup/cr_startup_lpc12xx.o
 .debug_info    0x000003d5      0xdc1 ./src/main_HELIX.o
 .debug_info    0x00001196     0x1ab4 ./src/uab_HELIX.o
 .debug_info    0x00002c4a      0x697 C:\Users\Zhang\OneDrive\SUNS\Project\Harmar\Work\CMSISv2p00_LPC12xx\Debug\libCMSISv2p00_LPC12xx.a(system_LPC122x.o)
 .debug_info    0x000032e1      0x369 C:\Users\Zhang\OneDrive\SUNS\Project\Harmar\Work\lib_small_printf_m0\Lib\liblib_small_printf_m0.a(small_printf_float.o)
 .debug_info    0x0000364a      0x2c0 C:\Users\Zhang\OneDrive\SUNS\Project\Harmar\Work\lib_small_printf_m0\Lib\liblib_small_printf_m0.a(small_printf_support.o)
 .debug_info    0x0000390a      0x1c7 C:\Users\Zhang\OneDrive\SUNS\Project\Harmar\Work\lib_small_printf_m0\Lib\liblib_small_printf_m0.a(small_utils.o)
 .debug_info    0x00003ad1      0xa24 C:\Users\Zhang\OneDrive\SUNS\Project\Harmar\Work\UAB_COMMON_LIB\Lib\libUAB_COMMON_LIB.a(alarms.o)
 .debug_info    0x000044f5      0xc83 C:\Users\Zhang\OneDrive\SUNS\Project\Harmar\Work\UAB_COMMON_LIB\Lib\libUAB_COMMON_LIB.a(compadc.o)
 .debug_info    0x00005178      0x36e C:\Users\Zhang\OneDrive\SUNS\Project\Harmar\Work\UAB_COMMON_LIB\Lib\libUAB_COMMON_LIB.a(iap.o)
 .debug_info    0x000054e6      0x69e C:\Users\Zhang\OneDrive\SUNS\Project\Harmar\Work\UAB_COMMON_LIB\Lib\libUAB_COMMON_LIB.a(ir.o)
 .debug_info    0x00005b84      0x620 C:\Users\Zhang\OneDrive\SUNS\Project\Harmar\Work\UAB_COMMON_LIB\Lib\libUAB_COMMON_LIB.a(speed.o)
 .debug_info    0x000061a4     0x14bc C:\Users\Zhang\OneDrive\SUNS\Project\Harmar\Work\UAB_COMMON_LIB\Lib\libUAB_COMMON_LIB.a(uart.o)
 .debug_info    0x00007660      0x1b8 C:\Users\Zhang\OneDrive\SUNS\Project\Harmar\Work\UAB_COMMON_LIB\Lib\libUAB_COMMON_LIB.a(utils.o)
 .debug_info    0x00007818      0x677 C:\Users\Zhang\OneDrive\SUNS\Project\Harmar\Work\UAB_COMMON_LIB\Lib\libUAB_COMMON_LIB.a(wdt.o)

.debug_abbrev   0x00000000     0x16a4
 .debug_abbrev  0x00000000       0x12 ./startup/aeabi_romdiv_patch.o
 .debug_abbrev  0x00000012      0x137 ./startup/cr_startup_lpc12xx.o
 .debug_abbrev  0x00000149      0x204 ./src/main_HELIX.o
 .debug_abbrev  0x0000034d      0x1f0 ./src/uab_HELIX.o
 .debug_abbrev  0x0000053d      0x139 C:\Users\Zhang\OneDrive\SUNS\Project\Harmar\Work\CMSISv2p00_LPC12xx\Debug\libCMSISv2p00_LPC12xx.a(system_LPC122x.o)
 .debug_abbrev  0x00000676      0x1b1 C:\Users\Zhang\OneDrive\SUNS\Project\Harmar\Work\lib_small_printf_m0\Lib\liblib_small_printf_m0.a(small_printf_float.o)
 .debug_abbrev  0x00000827      0x11e C:\Users\Zhang\OneDrive\SUNS\Project\Harmar\Work\lib_small_printf_m0\Lib\liblib_small_printf_m0.a(small_printf_support.o)
 .debug_abbrev  0x00000945       0xb9 C:\Users\Zhang\OneDrive\SUNS\Project\Harmar\Work\lib_small_printf_m0\Lib\liblib_small_printf_m0.a(small_utils.o)
 .debug_abbrev  0x000009fe      0x2a5 C:\Users\Zhang\OneDrive\SUNS\Project\Harmar\Work\UAB_COMMON_LIB\Lib\libUAB_COMMON_LIB.a(alarms.o)
 .debug_abbrev  0x00000ca3      0x152 C:\Users\Zhang\OneDrive\SUNS\Project\Harmar\Work\UAB_COMMON_LIB\Lib\libUAB_COMMON_LIB.a(compadc.o)
 .debug_abbrev  0x00000df5      0x127 C:\Users\Zhang\OneDrive\SUNS\Project\Harmar\Work\UAB_COMMON_LIB\Lib\libUAB_COMMON_LIB.a(iap.o)
 .debug_abbrev  0x00000f1c      0x1a7 C:\Users\Zhang\OneDrive\SUNS\Project\Harmar\Work\UAB_COMMON_LIB\Lib\libUAB_COMMON_LIB.a(ir.o)
 .debug_abbrev  0x000010c3      0x16c C:\Users\Zhang\OneDrive\SUNS\Project\Harmar\Work\UAB_COMMON_LIB\Lib\libUAB_COMMON_LIB.a(speed.o)
 .debug_abbrev  0x0000122f      0x279 C:\Users\Zhang\OneDrive\SUNS\Project\Harmar\Work\UAB_COMMON_LIB\Lib\libUAB_COMMON_LIB.a(uart.o)
 .debug_abbrev  0x000014a8       0xf4 C:\Users\Zhang\OneDrive\SUNS\Project\Harmar\Work\UAB_COMMON_LIB\Lib\libUAB_COMMON_LIB.a(utils.o)
 .debug_abbrev  0x0000159c      0x108 C:\Users\Zhang\OneDrive\SUNS\Project\Harmar\Work\UAB_COMMON_LIB\Lib\libUAB_COMMON_LIB.a(wdt.o)

.debug_aranges  0x00000000      0x578
 .debug_aranges
                0x00000000       0x28 ./startup/aeabi_romdiv_patch.o
 .debug_aranges
                0x00000028       0x60 ./startup/cr_startup_lpc12xx.o
 .debug_aranges
                0x00000088       0x50 ./src/main_HELIX.o
 .debug_aranges
                0x000000d8      0x178 ./src/uab_HELIX.o
 .debug_aranges
                0x00000250       0x30 C:\Users\Zhang\OneDrive\SUNS\Project\Harmar\Work\CMSISv2p00_LPC12xx\Debug\libCMSISv2p00_LPC12xx.a(system_LPC122x.o)
 .debug_aranges
                0x00000280       0x38 C:\Users\Zhang\OneDrive\SUNS\Project\Harmar\Work\lib_small_printf_m0\Lib\liblib_small_printf_m0.a(small_printf_float.o)
 .debug_aranges
                0x000002b8       0x38 C:\Users\Zhang\OneDrive\SUNS\Project\Harmar\Work\lib_small_printf_m0\Lib\liblib_small_printf_m0.a(small_printf_support.o)
 .debug_aranges
                0x000002f0       0x48 C:\Users\Zhang\OneDrive\SUNS\Project\Harmar\Work\lib_small_printf_m0\Lib\liblib_small_printf_m0.a(small_utils.o)
 .debug_aranges
                0x00000338       0x80 C:\Users\Zhang\OneDrive\SUNS\Project\Harmar\Work\UAB_COMMON_LIB\Lib\libUAB_COMMON_LIB.a(alarms.o)
 .debug_aranges
                0x000003b8       0x48 C:\Users\Zhang\OneDrive\SUNS\Project\Harmar\Work\UAB_COMMON_LIB\Lib\libUAB_COMMON_LIB.a(compadc.o)
 .debug_aranges
                0x00000400       0x48 C:\Users\Zhang\OneDrive\SUNS\Project\Harmar\Work\UAB_COMMON_LIB\Lib\libUAB_COMMON_LIB.a(iap.o)
 .debug_aranges
                0x00000448       0x38 C:\Users\Zhang\OneDrive\SUNS\Project\Harmar\Work\UAB_COMMON_LIB\Lib\libUAB_COMMON_LIB.a(ir.o)
 .debug_aranges
                0x00000480       0x38 C:\Users\Zhang\OneDrive\SUNS\Project\Harmar\Work\UAB_COMMON_LIB\Lib\libUAB_COMMON_LIB.a(speed.o)
 .debug_aranges
                0x000004b8       0x60 C:\Users\Zhang\OneDrive\SUNS\Project\Harmar\Work\UAB_COMMON_LIB\Lib\libUAB_COMMON_LIB.a(uart.o)
 .debug_aranges
                0x00000518       0x28 C:\Users\Zhang\OneDrive\SUNS\Project\Harmar\Work\UAB_COMMON_LIB\Lib\libUAB_COMMON_LIB.a(utils.o)
 .debug_aranges
                0x00000540       0x38 C:\Users\Zhang\OneDrive\SUNS\Project\Harmar\Work\UAB_COMMON_LIB\Lib\libUAB_COMMON_LIB.a(wdt.o)

.debug_ranges   0x00000000      0x498
 .debug_ranges  0x00000000       0x20 ./startup/aeabi_romdiv_patch.o
 .debug_ranges  0x00000020       0x50 ./startup/cr_startup_lpc12xx.o
 .debug_ranges  0x00000070       0x40 ./src/main_HELIX.o
 .debug_ranges  0x000000b0      0x168 ./src/uab_HELIX.o
 .debug_ranges  0x00000218       0x20 C:\Users\Zhang\OneDrive\SUNS\Project\Harmar\Work\CMSISv2p00_LPC12xx\Debug\libCMSISv2p00_LPC12xx.a(system_LPC122x.o)
 .debug_ranges  0x00000238       0x28 C:\Users\Zhang\OneDrive\SUNS\Project\Harmar\Work\lib_small_printf_m0\Lib\liblib_small_printf_m0.a(small_printf_float.o)
 .debug_ranges  0x00000260       0x28 C:\Users\Zhang\OneDrive\SUNS\Project\Harmar\Work\lib_small_printf_m0\Lib\liblib_small_printf_m0.a(small_printf_support.o)
 .debug_ranges  0x00000288       0x38 C:\Users\Zhang\OneDrive\SUNS\Project\Harmar\Work\lib_small_printf_m0\Lib\liblib_small_printf_m0.a(small_utils.o)
 .debug_ranges  0x000002c0       0x88 C:\Users\Zhang\OneDrive\SUNS\Project\Harmar\Work\UAB_COMMON_LIB\Lib\libUAB_COMMON_LIB.a(alarms.o)
 .debug_ranges  0x00000348       0x38 C:\Users\Zhang\OneDrive\SUNS\Project\Harmar\Work\UAB_COMMON_LIB\Lib\libUAB_COMMON_LIB.a(compadc.o)
 .debug_ranges  0x00000380       0x38 C:\Users\Zhang\OneDrive\SUNS\Project\Harmar\Work\UAB_COMMON_LIB\Lib\libUAB_COMMON_LIB.a(iap.o)
 .debug_ranges  0x000003b8       0x28 C:\Users\Zhang\OneDrive\SUNS\Project\Harmar\Work\UAB_COMMON_LIB\Lib\libUAB_COMMON_LIB.a(ir.o)
 .debug_ranges  0x000003e0       0x28 C:\Users\Zhang\OneDrive\SUNS\Project\Harmar\Work\UAB_COMMON_LIB\Lib\libUAB_COMMON_LIB.a(speed.o)
 .debug_ranges  0x00000408       0x50 C:\Users\Zhang\OneDrive\SUNS\Project\Harmar\Work\UAB_COMMON_LIB\Lib\libUAB_COMMON_LIB.a(uart.o)
 .debug_ranges  0x00000458       0x18 C:\Users\Zhang\OneDrive\SUNS\Project\Harmar\Work\UAB_COMMON_LIB\Lib\libUAB_COMMON_LIB.a(utils.o)
 .debug_ranges  0x00000470       0x28 C:\Users\Zhang\OneDrive\SUNS\Project\Harmar\Work\UAB_COMMON_LIB\Lib\libUAB_COMMON_LIB.a(wdt.o)

.debug_loc      0x00000000     0x2c49
 .debug_loc     0x00000000      0x1b0 ./startup/cr_startup_lpc12xx.o
 .debug_loc     0x000001b0      0x174 ./src/main_HELIX.o
 .debug_loc     0x00000324      0x8db ./src/uab_HELIX.o
 .debug_loc     0x00000bff       0x98 C:\Users\Zhang\OneDrive\SUNS\Project\Harmar\Work\CMSISv2p00_LPC12xx\Debug\libCMSISv2p00_LPC12xx.a(system_LPC122x.o)
 .debug_loc     0x00000c97      0x668 C:\Users\Zhang\OneDrive\SUNS\Project\Harmar\Work\lib_small_printf_m0\Lib\liblib_small_printf_m0.a(small_printf_float.o)
 .debug_loc     0x000012ff      0x2de C:\Users\Zhang\OneDrive\SUNS\Project\Harmar\Work\lib_small_printf_m0\Lib\liblib_small_printf_m0.a(small_printf_support.o)
 .debug_loc     0x000015dd      0x23e C:\Users\Zhang\OneDrive\SUNS\Project\Harmar\Work\lib_small_printf_m0\Lib\liblib_small_printf_m0.a(small_utils.o)
 .debug_loc     0x0000181b      0x5aa C:\Users\Zhang\OneDrive\SUNS\Project\Harmar\Work\UAB_COMMON_LIB\Lib\libUAB_COMMON_LIB.a(alarms.o)
 .debug_loc     0x00001dc5      0x308 C:\Users\Zhang\OneDrive\SUNS\Project\Harmar\Work\UAB_COMMON_LIB\Lib\libUAB_COMMON_LIB.a(compadc.o)
 .debug_loc     0x000020cd      0x21d C:\Users\Zhang\OneDrive\SUNS\Project\Harmar\Work\UAB_COMMON_LIB\Lib\libUAB_COMMON_LIB.a(iap.o)
 .debug_loc     0x000022ea      0x29d C:\Users\Zhang\OneDrive\SUNS\Project\Harmar\Work\UAB_COMMON_LIB\Lib\libUAB_COMMON_LIB.a(ir.o)
 .debug_loc     0x00002587      0x12b C:\Users\Zhang\OneDrive\SUNS\Project\Harmar\Work\UAB_COMMON_LIB\Lib\libUAB_COMMON_LIB.a(speed.o)
 .debug_loc     0x000026b2      0x407 C:\Users\Zhang\OneDrive\SUNS\Project\Harmar\Work\UAB_COMMON_LIB\Lib\libUAB_COMMON_LIB.a(uart.o)
 .debug_loc     0x00002ab9      0x110 C:\Users\Zhang\OneDrive\SUNS\Project\Harmar\Work\UAB_COMMON_LIB\Lib\libUAB_COMMON_LIB.a(utils.o)
 .debug_loc     0x00002bc9       0x80 C:\Users\Zhang\OneDrive\SUNS\Project\Harmar\Work\UAB_COMMON_LIB\Lib\libUAB_COMMON_LIB.a(wdt.o)

.debug_macinfo  0x00000000    0x5def4
 .debug_macinfo
                0x00000000     0x5b60 ./startup/cr_startup_lpc12xx.o
 .debug_macinfo
                0x00005b60     0x83fc ./src/main_HELIX.o
 .debug_macinfo
                0x0000df5c     0x830f ./src/uab_HELIX.o
 .debug_macinfo
                0x0001626b     0x5e2c C:\Users\Zhang\OneDrive\SUNS\Project\Harmar\Work\CMSISv2p00_LPC12xx\Debug\libCMSISv2p00_LPC12xx.a(system_LPC122x.o)
 .debug_macinfo
                0x0001c097     0x3dcc C:\Users\Zhang\OneDrive\SUNS\Project\Harmar\Work\lib_small_printf_m0\Lib\liblib_small_printf_m0.a(small_printf_float.o)
 .debug_macinfo
                0x0001fe63     0x3de0 C:\Users\Zhang\OneDrive\SUNS\Project\Harmar\Work\lib_small_printf_m0\Lib\liblib_small_printf_m0.a(small_printf_support.o)
 .debug_macinfo
                0x00023c43     0x2288 C:\Users\Zhang\OneDrive\SUNS\Project\Harmar\Work\lib_small_printf_m0\Lib\liblib_small_printf_m0.a(small_utils.o)
 .debug_macinfo
                0x00025ecb     0x7636 C:\Users\Zhang\OneDrive\SUNS\Project\Harmar\Work\UAB_COMMON_LIB\Lib\libUAB_COMMON_LIB.a(alarms.o)
 .debug_macinfo
                0x0002d501     0x756e C:\Users\Zhang\OneDrive\SUNS\Project\Harmar\Work\UAB_COMMON_LIB\Lib\libUAB_COMMON_LIB.a(compadc.o)
 .debug_macinfo
                0x00034a6f     0x76da C:\Users\Zhang\OneDrive\SUNS\Project\Harmar\Work\UAB_COMMON_LIB\Lib\libUAB_COMMON_LIB.a(iap.o)
 .debug_macinfo
                0x0003c149     0x7532 C:\Users\Zhang\OneDrive\SUNS\Project\Harmar\Work\UAB_COMMON_LIB\Lib\libUAB_COMMON_LIB.a(ir.o)
 .debug_macinfo
                0x0004367b     0x7590 C:\Users\Zhang\OneDrive\SUNS\Project\Harmar\Work\UAB_COMMON_LIB\Lib\libUAB_COMMON_LIB.a(speed.o)
 .debug_macinfo
                0x0004ac0b     0x76c0 C:\Users\Zhang\OneDrive\SUNS\Project\Harmar\Work\UAB_COMMON_LIB\Lib\libUAB_COMMON_LIB.a(uart.o)
 .debug_macinfo
                0x000522cb     0x5e54 C:\Users\Zhang\OneDrive\SUNS\Project\Harmar\Work\UAB_COMMON_LIB\Lib\libUAB_COMMON_LIB.a(utils.o)
 .debug_macinfo
                0x0005811f     0x5dd5 C:\Users\Zhang\OneDrive\SUNS\Project\Harmar\Work\UAB_COMMON_LIB\Lib\libUAB_COMMON_LIB.a(wdt.o)

.debug_str      0x00000000     0x2302
 .debug_str     0x00000000      0x26c ./startup/cr_startup_lpc12xx.o
                                0x294 (size before relaxing)
 .debug_str     0x0000026c      0x737 ./src/main_HELIX.o
                                0x8ad (size before relaxing)
 .debug_str     0x000009a3      0xb0e ./src/uab_HELIX.o
                                0xd60 (size before relaxing)
 .debug_str     0x000014b1       0xc5 C:\Users\Zhang\OneDrive\SUNS\Project\Harmar\Work\CMSISv2p00_LPC12xx\Debug\libCMSISv2p00_LPC12xx.a(system_LPC122x.o)
                                0x464 (size before relaxing)
 .debug_str     0x00001576      0x12e C:\Users\Zhang\OneDrive\SUNS\Project\Harmar\Work\lib_small_printf_m0\Lib\liblib_small_printf_m0.a(small_printf_float.o)
                                0x233 (size before relaxing)
 .debug_str     0x000016a4       0xad C:\Users\Zhang\OneDrive\SUNS\Project\Harmar\Work\lib_small_printf_m0\Lib\liblib_small_printf_m0.a(small_printf_support.o)
                                0x1fa (size before relaxing)
 .debug_str     0x00001751       0x6c C:\Users\Zhang\OneDrive\SUNS\Project\Harmar\Work\lib_small_printf_m0\Lib\liblib_small_printf_m0.a(small_utils.o)
                                0x12a (size before relaxing)
 .debug_str     0x000017bd      0x543 C:\Users\Zhang\OneDrive\SUNS\Project\Harmar\Work\UAB_COMMON_LIB\Lib\libUAB_COMMON_LIB.a(alarms.o)
                                0x813 (size before relaxing)
 .debug_str     0x00001d00       0xd6 C:\Users\Zhang\OneDrive\SUNS\Project\Harmar\Work\UAB_COMMON_LIB\Lib\libUAB_COMMON_LIB.a(compadc.o)
                                0x696 (size before relaxing)
 .debug_str     0x00001dd6       0xf6 C:\Users\Zhang\OneDrive\SUNS\Project\Harmar\Work\UAB_COMMON_LIB\Lib\libUAB_COMMON_LIB.a(iap.o)
                                0x235 (size before relaxing)
 .debug_str     0x00001ecc       0xd2 C:\Users\Zhang\OneDrive\SUNS\Project\Harmar\Work\UAB_COMMON_LIB\Lib\libUAB_COMMON_LIB.a(ir.o)
                                0x48f (size before relaxing)
 .debug_str     0x00001f9e       0x99 C:\Users\Zhang\OneDrive\SUNS\Project\Harmar\Work\UAB_COMMON_LIB\Lib\libUAB_COMMON_LIB.a(speed.o)
                                0x32f (size before relaxing)
 .debug_str     0x00002037      0x249 C:\Users\Zhang\OneDrive\SUNS\Project\Harmar\Work\UAB_COMMON_LIB\Lib\libUAB_COMMON_LIB.a(uart.o)
                                0xa69 (size before relaxing)
 .debug_str     0x00002280       0x50 C:\Users\Zhang\OneDrive\SUNS\Project\Harmar\Work\UAB_COMMON_LIB\Lib\libUAB_COMMON_LIB.a(utils.o)
                                0x18d (size before relaxing)
 .debug_str     0x000022d0       0x32 C:\Users\Zhang\OneDrive\SUNS\Project\Harmar\Work\UAB_COMMON_LIB\Lib\libUAB_COMMON_LIB.a(wdt.o)
                                0x451 (size before relaxing)

.debug_frame    0x00000000      0xeb8
 .debug_frame   0x00000000      0x118 ./startup/cr_startup_lpc12xx.o
 .debug_frame   0x00000118       0xec ./src/main_HELIX.o
 .debug_frame   0x00000204      0x554 ./src/uab_HELIX.o
 .debug_frame   0x00000758       0x54 C:\Users\Zhang\OneDrive\SUNS\Project\Harmar\Work\CMSISv2p00_LPC12xx\Debug\libCMSISv2p00_LPC12xx.a(system_LPC122x.o)
 .debug_frame   0x000007ac       0x90 C:\Users\Zhang\OneDrive\SUNS\Project\Harmar\Work\lib_small_printf_m0\Lib\liblib_small_printf_m0.a(small_printf_float.o)
 .debug_frame   0x0000083c       0x7c C:\Users\Zhang\OneDrive\SUNS\Project\Harmar\Work\lib_small_printf_m0\Lib\liblib_small_printf_m0.a(small_printf_support.o)
 .debug_frame   0x000008b8       0xac C:\Users\Zhang\OneDrive\SUNS\Project\Harmar\Work\lib_small_printf_m0\Lib\liblib_small_printf_m0.a(small_utils.o)
 .debug_frame   0x00000964      0x148 C:\Users\Zhang\OneDrive\SUNS\Project\Harmar\Work\UAB_COMMON_LIB\Lib\libUAB_COMMON_LIB.a(alarms.o)
 .debug_frame   0x00000aac       0xac C:\Users\Zhang\OneDrive\SUNS\Project\Harmar\Work\UAB_COMMON_LIB\Lib\libUAB_COMMON_LIB.a(compadc.o)
 .debug_frame   0x00000b58       0xa8 C:\Users\Zhang\OneDrive\SUNS\Project\Harmar\Work\UAB_COMMON_LIB\Lib\libUAB_COMMON_LIB.a(iap.o)
 .debug_frame   0x00000c00       0x84 C:\Users\Zhang\OneDrive\SUNS\Project\Harmar\Work\UAB_COMMON_LIB\Lib\libUAB_COMMON_LIB.a(ir.o)
 .debug_frame   0x00000c84       0x68 C:\Users\Zhang\OneDrive\SUNS\Project\Harmar\Work\UAB_COMMON_LIB\Lib\libUAB_COMMON_LIB.a(speed.o)
 .debug_frame   0x00000cec      0x10c C:\Users\Zhang\OneDrive\SUNS\Project\Harmar\Work\UAB_COMMON_LIB\Lib\libUAB_COMMON_LIB.a(uart.o)
 .debug_frame   0x00000df8       0x4c C:\Users\Zhang\OneDrive\SUNS\Project\Harmar\Work\UAB_COMMON_LIB\Lib\libUAB_COMMON_LIB.a(utils.o)
 .debug_frame   0x00000e44       0x74 C:\Users\Zhang\OneDrive\SUNS\Project\Harmar\Work\UAB_COMMON_LIB\Lib\libUAB_COMMON_LIB.a(wdt.o)
