Archive member included because of file (symbol)

C:\Users\Zhang\OneDrive\SUNS\Project\Harmar\Work\CMSISv2p00_LPC12xx\Debug\libCMSISv2p00_LPC12xx.a(system_LPC122x.o)
                              ./startup/cr_startup_lpc12xx.o (SystemInit)
C:\Users\Zhang\OneDrive\SUNS\Project\Harmar\Work\lib_small_printf_m0\Lib\liblib_small_printf_m0.a(small_printf_float.o)
                              ./src/main_PINNACLE.o (func_printf_float)
C:\Users\Zhang\OneDrive\SUNS\Project\Harmar\Work\lib_small_printf_m0\Lib\liblib_small_printf_m0.a(small_printf_support.o)
                              C:\Users\Zhang\OneDrive\SUNS\Project\Harmar\Work\lib_small_printf_m0\Lib\liblib_small_printf_m0.a(small_printf_float.o) (prints)
C:\Users\Zhang\OneDrive\SUNS\Project\Harmar\Work\lib_small_printf_m0\Lib\liblib_small_printf_m0.a(small_utils.o)
                              C:\Users\Zhang\OneDrive\SUNS\Project\Harmar\Work\lib_small_printf_m0\Lib\liblib_small_printf_m0.a(small_printf_float.o) (small_strlen)
C:\Users\Zhang\OneDrive\SUNS\Project\Harmar\Work\UAB_COMMON_LIB\Lib\libUAB_COMMON_LIB.a(alarms.o)
                              ./src/main_PINNACLE.o (alarms_light_led)
C:\Users\Zhang\OneDrive\SUNS\Project\Harmar\Work\UAB_COMMON_LIB\Lib\libUAB_COMMON_LIB.a(compadc.o)
                              ./src/uab_PINNACLE.o (uabVoltsConvert)
C:\Users\Zhang\OneDrive\SUNS\Project\Harmar\Work\UAB_COMMON_LIB\Lib\libUAB_COMMON_LIB.a(iap.o)
                              ./src/main_PINNACLE.o (readInfoPage32)
C:\Users\Zhang\OneDrive\SUNS\Project\Harmar\Work\UAB_COMMON_LIB\Lib\libUAB_COMMON_LIB.a(ir.o)
                              ./src/main_PINNACLE.o (uabIrInit)
C:\Users\Zhang\OneDrive\SUNS\Project\Harmar\Work\UAB_COMMON_LIB\Lib\libUAB_COMMON_LIB.a(uart.o)
                              ./src/main_PINNACLE.o (UART0_Buffer)
C:\Users\Zhang\OneDrive\SUNS\Project\Harmar\Work\UAB_COMMON_LIB\Lib\libUAB_COMMON_LIB.a(utils.o)
                              ./src/main_PINNACLE.o (delayUsec)
C:\Users\Zhang\OneDrive\SUNS\Project\Harmar\Work\UAB_COMMON_LIB\Lib\libUAB_COMMON_LIB.a(wdt.o)
                              ./src/main_PINNACLE.o (wdtFeed)
c:/nxp/lpcxpresso_6.1.4_194/lpcxpresso/tools/bin/../lib/gcc/arm-none-eabi/4.6.2/../../../../arm-none-eabi/lib/armv6-m\libcr_c.a(memcpy.o)
                              C:\Users\Zhang\OneDrive\SUNS\Project\Harmar\Work\UAB_COMMON_LIB\Lib\libUAB_COMMON_LIB.a(uart.o) (memcpy)
c:/nxp/lpcxpresso_6.1.4_194/lpcxpresso/tools/bin/../lib/gcc/arm-none-eabi/4.6.2/../../../../arm-none-eabi/lib/armv6-m\libcr_c.a(memset.o)
                              ./src/uab_PINNACLE.o (memset)
c:/nxp/lpcxpresso_6.1.4_194/lpcxpresso/tools/bin/../lib/gcc/arm-none-eabi/4.6.2/../../../../arm-none-eabi/lib/armv6-m\libcr_c.a(__weak__main.o)
                              ./startup/cr_startup_lpc12xx.o (__main)
c:/nxp/lpcxpresso_6.1.4_194/lpcxpresso/tools/bin/../lib/gcc/arm-none-eabi/4.6.2/armv6-m\libcr_eabihelpers.a(double.o)
                              C:\Users\Zhang\OneDrive\SUNS\Project\Harmar\Work\lib_small_printf_m0\Lib\liblib_small_printf_m0.a(small_printf_float.o) (__aeabi_dmul)
c:/nxp/lpcxpresso_6.1.4_194/lpcxpresso/tools/bin/../lib/gcc/arm-none-eabi/4.6.2/armv6-m\libcr_eabihelpers.a(float.o)
                              C:\Users\Zhang\OneDrive\SUNS\Project\Harmar\Work\UAB_COMMON_LIB\Lib\libUAB_COMMON_LIB.a(compadc.o) (__aeabi_fmul)
c:/nxp/lpcxpresso_6.1.4_194/lpcxpresso/tools/bin/../lib/gcc/arm-none-eabi/4.6.2/armv6-m\libcr_eabihelpers.a(llong.o)
                              c:/nxp/lpcxpresso_6.1.4_194/lpcxpresso/tools/bin/../lib/gcc/arm-none-eabi/4.6.2/armv6-m\libcr_eabihelpers.a(double.o) (__aeabi_lmul)
c:/nxp/lpcxpresso_6.1.4_194/lpcxpresso/tools/bin/../lib/gcc/arm-none-eabi/4.6.2/armv6-m\libcr_eabihelpers.a(memcpy.o)
                              c:/nxp/lpcxpresso_6.1.4_194/lpcxpresso/tools/bin/../lib/gcc/arm-none-eabi/4.6.2/../../../../arm-none-eabi/lib/armv6-m\libcr_c.a(memcpy.o) (__aeabi_memcpy)
c:/nxp/lpcxpresso_6.1.4_194/lpcxpresso/tools/bin/../lib/gcc/arm-none-eabi/4.6.2/armv6-m\libcr_eabihelpers.a(thumb1_switch_helpers.o)
                              C:\Users\Zhang\OneDrive\SUNS\Project\Harmar\Work\UAB_COMMON_LIB\Lib\libUAB_COMMON_LIB.a(alarms.o) (__gnu_thumb1_case_uqi)

Allocating common symbols
Common symbol       size              file

UabUpDownState      0x1               ./src/uab_PINNACLE.o
UART1_XmitBuf       0x40              C:\Users\Zhang\OneDrive\SUNS\Project\Harmar\Work\UAB_COMMON_LIB\Lib\libUAB_COMMON_LIB.a(uart.o)
UabBegPwm           0x1               ./src/uab_PINNACLE.o
UabPwmStep          0x1               ./src/uab_PINNACLE.o
UabInstUpDownState  0x1               ./src/uab_PINNACLE.o
UabRampInterval     0x1               ./src/uab_PINNACLE.o
IrPwp               0x68              C:\Users\Zhang\OneDrive\SUNS\Project\Harmar\Work\UAB_COMMON_LIB\Lib\libUAB_COMMON_LIB.a(ir.o)
UabSystemId         0x4               ./src/uab_PINNACLE.o
UART1_Buffer        0x40              C:\Users\Zhang\OneDrive\SUNS\Project\Harmar\Work\UAB_COMMON_LIB\Lib\libUAB_COMMON_LIB.a(uart.o)
UabIrUpDownState    0x1               ./src/uab_PINNACLE.o
UabPwm              0x1               ./src/uab_PINNACLE.o
pDivRom_uidiv       0x4               ./startup/cr_startup_lpc12xx.o
previous_faults     0x4               C:\Users\Zhang\OneDrive\SUNS\Project\Harmar\Work\UAB_COMMON_LIB\Lib\libUAB_COMMON_LIB.a(alarms.o)
alarm_counter       0x2               C:\Users\Zhang\OneDrive\SUNS\Project\Harmar\Work\UAB_COMMON_LIB\Lib\libUAB_COMMON_LIB.a(alarms.o)
XmitFifoBuf         0x6b8             C:\Users\Zhang\OneDrive\SUNS\Project\Harmar\Work\UAB_COMMON_LIB\Lib\libUAB_COMMON_LIB.a(uart.o)
UART0_XmitBuf       0x40              C:\Users\Zhang\OneDrive\SUNS\Project\Harmar\Work\UAB_COMMON_LIB\Lib\libUAB_COMMON_LIB.a(uart.o)
pDivRom_idiv        0x4               ./startup/cr_startup_lpc12xx.o
UART0_Buffer        0x40              C:\Users\Zhang\OneDrive\SUNS\Project\Harmar\Work\UAB_COMMON_LIB\Lib\libUAB_COMMON_LIB.a(uart.o)
alarm_active        0x1               C:\Users\Zhang\OneDrive\SUNS\Project\Harmar\Work\UAB_COMMON_LIB\Lib\libUAB_COMMON_LIB.a(alarms.o)
UabBrakeState       0x1               ./src/uab_PINNACLE.o
UabEndPwm           0x1               ./src/uab_PINNACLE.o

Discarded input sections

 .text          0x00000000        0x0 ./startup/aeabi_romdiv_patch.o
 .data          0x00000000        0x0 ./startup/aeabi_romdiv_patch.o
 .bss           0x00000000        0x0 ./startup/aeabi_romdiv_patch.o
 .text          0x00000000        0x0 ./startup/cr_startup_lpc12xx.o
 .data          0x00000000        0x0 ./startup/cr_startup_lpc12xx.o
 .bss           0x00000000        0x0 ./startup/cr_startup_lpc12xx.o
 .text          0x00000000        0x0 ./src/main_PINNACLE.o
 .data          0x00000000        0x0 ./src/main_PINNACLE.o
 .bss           0x00000000        0x0 ./src/main_PINNACLE.o
 .text          0x00000000        0x0 ./src/uab_PINNACLE.o
 .data          0x00000000        0x0 ./src/uab_PINNACLE.o
 .bss           0x00000000        0x0 ./src/uab_PINNACLE.o
 .text.uabMDriveDisable
                0x00000000       0x24 ./src/uab_PINNACLE.o
 .text.uabChargerInitDisable
                0x00000000       0x24 ./src/uab_PINNACLE.o
 .text          0x00000000        0x0 C:\Users\Zhang\OneDrive\SUNS\Project\Harmar\Work\CMSISv2p00_LPC12xx\Debug\libCMSISv2p00_LPC12xx.a(system_LPC122x.o)
 .bss           0x00000000        0x0 C:\Users\Zhang\OneDrive\SUNS\Project\Harmar\Work\CMSISv2p00_LPC12xx\Debug\libCMSISv2p00_LPC12xx.a(system_LPC122x.o)
 .text.SystemCoreClockUpdate
                0x00000000       0xa0 C:\Users\Zhang\OneDrive\SUNS\Project\Harmar\Work\CMSISv2p00_LPC12xx\Debug\libCMSISv2p00_LPC12xx.a(system_LPC122x.o)
 .text.WWDT_Disable
                0x00000000       0x30 C:\Users\Zhang\OneDrive\SUNS\Project\Harmar\Work\CMSISv2p00_LPC12xx\Debug\libCMSISv2p00_LPC12xx.a(system_LPC122x.o)
 .rodata        0x00000000       0x40 C:\Users\Zhang\OneDrive\SUNS\Project\Harmar\Work\CMSISv2p00_LPC12xx\Debug\libCMSISv2p00_LPC12xx.a(system_LPC122x.o)
 .text          0x00000000        0x0 C:\Users\Zhang\OneDrive\SUNS\Project\Harmar\Work\lib_small_printf_m0\Lib\liblib_small_printf_m0.a(small_printf_float.o)
 .data          0x00000000        0x0 C:\Users\Zhang\OneDrive\SUNS\Project\Harmar\Work\lib_small_printf_m0\Lib\liblib_small_printf_m0.a(small_printf_float.o)
 .bss           0x00000000        0x0 C:\Users\Zhang\OneDrive\SUNS\Project\Harmar\Work\lib_small_printf_m0\Lib\liblib_small_printf_m0.a(small_printf_float.o)
 .text.nsprintf
                0x00000000       0x24 C:\Users\Zhang\OneDrive\SUNS\Project\Harmar\Work\lib_small_printf_m0\Lib\liblib_small_printf_m0.a(small_printf_float.o)
 .text          0x00000000        0x0 C:\Users\Zhang\OneDrive\SUNS\Project\Harmar\Work\lib_small_printf_m0\Lib\liblib_small_printf_m0.a(small_printf_support.o)
 .data          0x00000000        0x0 C:\Users\Zhang\OneDrive\SUNS\Project\Harmar\Work\lib_small_printf_m0\Lib\liblib_small_printf_m0.a(small_printf_support.o)
 .bss           0x00000000        0x0 C:\Users\Zhang\OneDrive\SUNS\Project\Harmar\Work\lib_small_printf_m0\Lib\liblib_small_printf_m0.a(small_printf_support.o)
 .text.nsprintf_write_init
                0x00000000       0x1c C:\Users\Zhang\OneDrive\SUNS\Project\Harmar\Work\lib_small_printf_m0\Lib\liblib_small_printf_m0.a(small_printf_support.o)
 .text.nsprintf_write
                0x00000000       0x30 C:\Users\Zhang\OneDrive\SUNS\Project\Harmar\Work\lib_small_printf_m0\Lib\liblib_small_printf_m0.a(small_printf_support.o)
 .bss.nsprintf_buffer_index
                0x00000000        0x4 C:\Users\Zhang\OneDrive\SUNS\Project\Harmar\Work\lib_small_printf_m0\Lib\liblib_small_printf_m0.a(small_printf_support.o)
 .bss.nsprintf_buffer
                0x00000000        0x4 C:\Users\Zhang\OneDrive\SUNS\Project\Harmar\Work\lib_small_printf_m0\Lib\liblib_small_printf_m0.a(small_printf_support.o)
 .bss.nsprintf_buffer_length
                0x00000000        0x4 C:\Users\Zhang\OneDrive\SUNS\Project\Harmar\Work\lib_small_printf_m0\Lib\liblib_small_printf_m0.a(small_printf_support.o)
 .text          0x00000000        0x0 C:\Users\Zhang\OneDrive\SUNS\Project\Harmar\Work\lib_small_printf_m0\Lib\liblib_small_printf_m0.a(small_utils.o)
 .data          0x00000000        0x0 C:\Users\Zhang\OneDrive\SUNS\Project\Harmar\Work\lib_small_printf_m0\Lib\liblib_small_printf_m0.a(small_utils.o)
 .bss           0x00000000        0x0 C:\Users\Zhang\OneDrive\SUNS\Project\Harmar\Work\lib_small_printf_m0\Lib\liblib_small_printf_m0.a(small_utils.o)
 .text.small_strcmp
                0x00000000       0x1e C:\Users\Zhang\OneDrive\SUNS\Project\Harmar\Work\lib_small_printf_m0\Lib\liblib_small_printf_m0.a(small_utils.o)
 .text.small_stricmp
                0x00000000       0x34 C:\Users\Zhang\OneDrive\SUNS\Project\Harmar\Work\lib_small_printf_m0\Lib\liblib_small_printf_m0.a(small_utils.o)
 .text.small_strim
                0x00000000       0x2c C:\Users\Zhang\OneDrive\SUNS\Project\Harmar\Work\lib_small_printf_m0\Lib\liblib_small_printf_m0.a(small_utils.o)
 .text.gethex   0x00000000       0x34 C:\Users\Zhang\OneDrive\SUNS\Project\Harmar\Work\lib_small_printf_m0\Lib\liblib_small_printf_m0.a(small_utils.o)
 .text.small_fmodf
                0x00000000       0x68 C:\Users\Zhang\OneDrive\SUNS\Project\Harmar\Work\lib_small_printf_m0\Lib\liblib_small_printf_m0.a(small_utils.o)
 .text          0x00000000        0x0 C:\Users\Zhang\OneDrive\SUNS\Project\Harmar\Work\UAB_COMMON_LIB\Lib\libUAB_COMMON_LIB.a(alarms.o)
 .data          0x00000000        0x0 C:\Users\Zhang\OneDrive\SUNS\Project\Harmar\Work\UAB_COMMON_LIB\Lib\libUAB_COMMON_LIB.a(alarms.o)
 .bss           0x00000000        0x0 C:\Users\Zhang\OneDrive\SUNS\Project\Harmar\Work\UAB_COMMON_LIB\Lib\libUAB_COMMON_LIB.a(alarms.o)
 .bss.previous_motion_state
                0x00000000        0x1 C:\Users\Zhang\OneDrive\SUNS\Project\Harmar\Work\UAB_COMMON_LIB\Lib\libUAB_COMMON_LIB.a(alarms.o)
 .text          0x00000000        0x0 C:\Users\Zhang\OneDrive\SUNS\Project\Harmar\Work\UAB_COMMON_LIB\Lib\libUAB_COMMON_LIB.a(compadc.o)
 .data          0x00000000        0x0 C:\Users\Zhang\OneDrive\SUNS\Project\Harmar\Work\UAB_COMMON_LIB\Lib\libUAB_COMMON_LIB.a(compadc.o)
 .bss           0x00000000        0x0 C:\Users\Zhang\OneDrive\SUNS\Project\Harmar\Work\UAB_COMMON_LIB\Lib\libUAB_COMMON_LIB.a(compadc.o)
 .text          0x00000000        0x0 C:\Users\Zhang\OneDrive\SUNS\Project\Harmar\Work\UAB_COMMON_LIB\Lib\libUAB_COMMON_LIB.a(iap.o)
 .data          0x00000000        0x0 C:\Users\Zhang\OneDrive\SUNS\Project\Harmar\Work\UAB_COMMON_LIB\Lib\libUAB_COMMON_LIB.a(iap.o)
 .bss           0x00000000        0x0 C:\Users\Zhang\OneDrive\SUNS\Project\Harmar\Work\UAB_COMMON_LIB\Lib\libUAB_COMMON_LIB.a(iap.o)
 .text          0x00000000        0x0 C:\Users\Zhang\OneDrive\SUNS\Project\Harmar\Work\UAB_COMMON_LIB\Lib\libUAB_COMMON_LIB.a(ir.o)
 .data          0x00000000        0x0 C:\Users\Zhang\OneDrive\SUNS\Project\Harmar\Work\UAB_COMMON_LIB\Lib\libUAB_COMMON_LIB.a(ir.o)
 .bss           0x00000000        0x0 C:\Users\Zhang\OneDrive\SUNS\Project\Harmar\Work\UAB_COMMON_LIB\Lib\libUAB_COMMON_LIB.a(ir.o)
 .text          0x00000000        0x0 C:\Users\Zhang\OneDrive\SUNS\Project\Harmar\Work\UAB_COMMON_LIB\Lib\libUAB_COMMON_LIB.a(uart.o)
 .data          0x00000000        0x0 C:\Users\Zhang\OneDrive\SUNS\Project\Harmar\Work\UAB_COMMON_LIB\Lib\libUAB_COMMON_LIB.a(uart.o)
 .bss           0x00000000        0x0 C:\Users\Zhang\OneDrive\SUNS\Project\Harmar\Work\UAB_COMMON_LIB\Lib\libUAB_COMMON_LIB.a(uart.o)
 .text.aftof    0x00000000       0xa0 C:\Users\Zhang\OneDrive\SUNS\Project\Harmar\Work\UAB_COMMON_LIB\Lib\libUAB_COMMON_LIB.a(uart.o)
 .bss.XmitSendDelay
                0x00000000        0x1 C:\Users\Zhang\OneDrive\SUNS\Project\Harmar\Work\UAB_COMMON_LIB\Lib\libUAB_COMMON_LIB.a(uart.o)
 .text          0x00000000        0x0 C:\Users\Zhang\OneDrive\SUNS\Project\Harmar\Work\UAB_COMMON_LIB\Lib\libUAB_COMMON_LIB.a(utils.o)
 .data          0x00000000        0x0 C:\Users\Zhang\OneDrive\SUNS\Project\Harmar\Work\UAB_COMMON_LIB\Lib\libUAB_COMMON_LIB.a(utils.o)
 .bss           0x00000000        0x0 C:\Users\Zhang\OneDrive\SUNS\Project\Harmar\Work\UAB_COMMON_LIB\Lib\libUAB_COMMON_LIB.a(utils.o)
 .text          0x00000000        0x0 C:\Users\Zhang\OneDrive\SUNS\Project\Harmar\Work\UAB_COMMON_LIB\Lib\libUAB_COMMON_LIB.a(wdt.o)
 .data          0x00000000        0x0 C:\Users\Zhang\OneDrive\SUNS\Project\Harmar\Work\UAB_COMMON_LIB\Lib\libUAB_COMMON_LIB.a(wdt.o)
 .bss           0x00000000        0x0 C:\Users\Zhang\OneDrive\SUNS\Project\Harmar\Work\UAB_COMMON_LIB\Lib\libUAB_COMMON_LIB.a(wdt.o)
 .text.wdtDisable
                0x00000000       0x18 C:\Users\Zhang\OneDrive\SUNS\Project\Harmar\Work\UAB_COMMON_LIB\Lib\libUAB_COMMON_LIB.a(wdt.o)
 .text          0x00000000        0x0 c:/nxp/lpcxpresso_6.1.4_194/lpcxpresso/tools/bin/../lib/gcc/arm-none-eabi/4.6.2/../../../../arm-none-eabi/lib/armv6-m\libcr_c.a(memcpy.o)
 .data          0x00000000        0x0 c:/nxp/lpcxpresso_6.1.4_194/lpcxpresso/tools/bin/../lib/gcc/arm-none-eabi/4.6.2/../../../../arm-none-eabi/lib/armv6-m\libcr_c.a(memcpy.o)
 .bss           0x00000000        0x0 c:/nxp/lpcxpresso_6.1.4_194/lpcxpresso/tools/bin/../lib/gcc/arm-none-eabi/4.6.2/../../../../arm-none-eabi/lib/armv6-m\libcr_c.a(memcpy.o)
 .text          0x00000000        0x0 c:/nxp/lpcxpresso_6.1.4_194/lpcxpresso/tools/bin/../lib/gcc/arm-none-eabi/4.6.2/../../../../arm-none-eabi/lib/armv6-m\libcr_c.a(memset.o)
 .data          0x00000000        0x0 c:/nxp/lpcxpresso_6.1.4_194/lpcxpresso/tools/bin/../lib/gcc/arm-none-eabi/4.6.2/../../../../arm-none-eabi/lib/armv6-m\libcr_c.a(memset.o)
 .bss           0x00000000        0x0 c:/nxp/lpcxpresso_6.1.4_194/lpcxpresso/tools/bin/../lib/gcc/arm-none-eabi/4.6.2/../../../../arm-none-eabi/lib/armv6-m\libcr_c.a(memset.o)
 .text          0x00000000        0x0 c:/nxp/lpcxpresso_6.1.4_194/lpcxpresso/tools/bin/../lib/gcc/arm-none-eabi/4.6.2/../../../../arm-none-eabi/lib/armv6-m\libcr_c.a(__weak__main.o)
 .data          0x00000000        0x0 c:/nxp/lpcxpresso_6.1.4_194/lpcxpresso/tools/bin/../lib/gcc/arm-none-eabi/4.6.2/../../../../arm-none-eabi/lib/armv6-m\libcr_c.a(__weak__main.o)
 .bss           0x00000000        0x0 c:/nxp/lpcxpresso_6.1.4_194/lpcxpresso/tools/bin/../lib/gcc/arm-none-eabi/4.6.2/../../../../arm-none-eabi/lib/armv6-m\libcr_c.a(__weak__main.o)
 .text          0x00000000        0x0 c:/nxp/lpcxpresso_6.1.4_194/lpcxpresso/tools/bin/../lib/gcc/arm-none-eabi/4.6.2/armv6-m\libcr_eabihelpers.a(double.o)
 .data          0x00000000        0x0 c:/nxp/lpcxpresso_6.1.4_194/lpcxpresso/tools/bin/../lib/gcc/arm-none-eabi/4.6.2/armv6-m\libcr_eabihelpers.a(double.o)
 .bss           0x00000000        0x0 c:/nxp/lpcxpresso_6.1.4_194/lpcxpresso/tools/bin/../lib/gcc/arm-none-eabi/4.6.2/armv6-m\libcr_eabihelpers.a(double.o)
 .text.__aeabi_drsub
                0x00000000       0x28 c:/nxp/lpcxpresso_6.1.4_194/lpcxpresso/tools/bin/../lib/gcc/arm-none-eabi/4.6.2/armv6-m\libcr_eabihelpers.a(double.o)
 .text.__aeabi_dneg
                0x00000000       0x10 c:/nxp/lpcxpresso_6.1.4_194/lpcxpresso/tools/bin/../lib/gcc/arm-none-eabi/4.6.2/armv6-m\libcr_eabihelpers.a(double.o)
 .text.__aeabi_d2uiz
                0x00000000       0x38 c:/nxp/lpcxpresso_6.1.4_194/lpcxpresso/tools/bin/../lib/gcc/arm-none-eabi/4.6.2/armv6-m\libcr_eabihelpers.a(double.o)
 .text.__aeabi_d2lz
                0x00000000       0x78 c:/nxp/lpcxpresso_6.1.4_194/lpcxpresso/tools/bin/../lib/gcc/arm-none-eabi/4.6.2/armv6-m\libcr_eabihelpers.a(double.o)
 .text.__aeabi_d2ulz
                0x00000000       0x58 c:/nxp/lpcxpresso_6.1.4_194/lpcxpresso/tools/bin/../lib/gcc/arm-none-eabi/4.6.2/armv6-m\libcr_eabihelpers.a(double.o)
 .text.__bhs_ul2d
                0x00000000       0xb4 c:/nxp/lpcxpresso_6.1.4_194/lpcxpresso/tools/bin/../lib/gcc/arm-none-eabi/4.6.2/armv6-m\libcr_eabihelpers.a(double.o)
 .text.__aeabi_l2d
                0x00000000       0x20 c:/nxp/lpcxpresso_6.1.4_194/lpcxpresso/tools/bin/../lib/gcc/arm-none-eabi/4.6.2/armv6-m\libcr_eabihelpers.a(double.o)
 .text.__aeabi_ul2d
                0x00000000        0xc c:/nxp/lpcxpresso_6.1.4_194/lpcxpresso/tools/bin/../lib/gcc/arm-none-eabi/4.6.2/armv6-m\libcr_eabihelpers.a(double.o)
 .text.__aeabi_dcmpeq
                0x00000000       0x40 c:/nxp/lpcxpresso_6.1.4_194/lpcxpresso/tools/bin/../lib/gcc/arm-none-eabi/4.6.2/armv6-m\libcr_eabihelpers.a(double.o)
 .text.__aeabi_dcmpgt
                0x00000000       0x64 c:/nxp/lpcxpresso_6.1.4_194/lpcxpresso/tools/bin/../lib/gcc/arm-none-eabi/4.6.2/armv6-m\libcr_eabihelpers.a(double.o)
 .text.__aeabi_dcmple
                0x00000000       0x64 c:/nxp/lpcxpresso_6.1.4_194/lpcxpresso/tools/bin/../lib/gcc/arm-none-eabi/4.6.2/armv6-m\libcr_eabihelpers.a(double.o)
 .text.__aeabi_dcmpun
                0x00000000       0x1c c:/nxp/lpcxpresso_6.1.4_194/lpcxpresso/tools/bin/../lib/gcc/arm-none-eabi/4.6.2/armv6-m\libcr_eabihelpers.a(double.o)
 .text.__aeabi_cdcmple
                0x00000000       0x2e c:/nxp/lpcxpresso_6.1.4_194/lpcxpresso/tools/bin/../lib/gcc/arm-none-eabi/4.6.2/armv6-m\libcr_eabihelpers.a(double.o)
 .text.__aeabi_cdrcmple
                0x00000000       0x14 c:/nxp/lpcxpresso_6.1.4_194/lpcxpresso/tools/bin/../lib/gcc/arm-none-eabi/4.6.2/armv6-m\libcr_eabihelpers.a(double.o)
 .text          0x00000000        0x0 c:/nxp/lpcxpresso_6.1.4_194/lpcxpresso/tools/bin/../lib/gcc/arm-none-eabi/4.6.2/armv6-m\libcr_eabihelpers.a(float.o)
 .data          0x00000000        0x0 c:/nxp/lpcxpresso_6.1.4_194/lpcxpresso/tools/bin/../lib/gcc/arm-none-eabi/4.6.2/armv6-m\libcr_eabihelpers.a(float.o)
 .bss           0x00000000        0x0 c:/nxp/lpcxpresso_6.1.4_194/lpcxpresso/tools/bin/../lib/gcc/arm-none-eabi/4.6.2/armv6-m\libcr_eabihelpers.a(float.o)
 .text.__aeabi_fdiv
                0x00000000       0xe4 c:/nxp/lpcxpresso_6.1.4_194/lpcxpresso/tools/bin/../lib/gcc/arm-none-eabi/4.6.2/armv6-m\libcr_eabihelpers.a(float.o)
 .text.__aeabi_frsub
                0x00000000       0x10 c:/nxp/lpcxpresso_6.1.4_194/lpcxpresso/tools/bin/../lib/gcc/arm-none-eabi/4.6.2/armv6-m\libcr_eabihelpers.a(float.o)
 .text.__aeabi_fneg
                0x00000000        0x8 c:/nxp/lpcxpresso_6.1.4_194/lpcxpresso/tools/bin/../lib/gcc/arm-none-eabi/4.6.2/armv6-m\libcr_eabihelpers.a(float.o)
 .text.__aeabi_f2iz
                0x00000000       0x38 c:/nxp/lpcxpresso_6.1.4_194/lpcxpresso/tools/bin/../lib/gcc/arm-none-eabi/4.6.2/armv6-m\libcr_eabihelpers.a(float.o)
 .text.__aeabi_f2uiz
                0x00000000       0x26 c:/nxp/lpcxpresso_6.1.4_194/lpcxpresso/tools/bin/../lib/gcc/arm-none-eabi/4.6.2/armv6-m\libcr_eabihelpers.a(float.o)
 .text.__aeabi_f2lz
                0x00000000       0x64 c:/nxp/lpcxpresso_6.1.4_194/lpcxpresso/tools/bin/../lib/gcc/arm-none-eabi/4.6.2/armv6-m\libcr_eabihelpers.a(float.o)
 .text.__aeabi_f2ulz
                0x00000000       0x3e c:/nxp/lpcxpresso_6.1.4_194/lpcxpresso/tools/bin/../lib/gcc/arm-none-eabi/4.6.2/armv6-m\libcr_eabihelpers.a(float.o)
 .text.__bhs_ul2f
                0x00000000       0x84 c:/nxp/lpcxpresso_6.1.4_194/lpcxpresso/tools/bin/../lib/gcc/arm-none-eabi/4.6.2/armv6-m\libcr_eabihelpers.a(float.o)
 .text.__aeabi_i2f
                0x00000000       0x16 c:/nxp/lpcxpresso_6.1.4_194/lpcxpresso/tools/bin/../lib/gcc/arm-none-eabi/4.6.2/armv6-m\libcr_eabihelpers.a(float.o)
 .text.__aeabi_l2f
                0x00000000       0x20 c:/nxp/lpcxpresso_6.1.4_194/lpcxpresso/tools/bin/../lib/gcc/arm-none-eabi/4.6.2/armv6-m\libcr_eabihelpers.a(float.o)
 .text.__aeabi_ul2f
                0x00000000        0xc c:/nxp/lpcxpresso_6.1.4_194/lpcxpresso/tools/bin/../lib/gcc/arm-none-eabi/4.6.2/armv6-m\libcr_eabihelpers.a(float.o)
 .text.__aeabi_fcmpeq
                0x00000000       0x22 c:/nxp/lpcxpresso_6.1.4_194/lpcxpresso/tools/bin/../lib/gcc/arm-none-eabi/4.6.2/armv6-m\libcr_eabihelpers.a(float.o)
 .text.__aeabi_fcmpge
                0x00000000       0x44 c:/nxp/lpcxpresso_6.1.4_194/lpcxpresso/tools/bin/../lib/gcc/arm-none-eabi/4.6.2/armv6-m\libcr_eabihelpers.a(float.o)
 .text.__aeabi_fcmpun
                0x00000000       0x18 c:/nxp/lpcxpresso_6.1.4_194/lpcxpresso/tools/bin/../lib/gcc/arm-none-eabi/4.6.2/armv6-m\libcr_eabihelpers.a(float.o)
 .text.__aeabi_cfcmple
                0x00000000       0x24 c:/nxp/lpcxpresso_6.1.4_194/lpcxpresso/tools/bin/../lib/gcc/arm-none-eabi/4.6.2/armv6-m\libcr_eabihelpers.a(float.o)
 .text.__aeabi_cfrcmple
                0x00000000        0xe c:/nxp/lpcxpresso_6.1.4_194/lpcxpresso/tools/bin/../lib/gcc/arm-none-eabi/4.6.2/armv6-m\libcr_eabihelpers.a(float.o)
 .text          0x00000000        0x0 c:/nxp/lpcxpresso_6.1.4_194/lpcxpresso/tools/bin/../lib/gcc/arm-none-eabi/4.6.2/armv6-m\libcr_eabihelpers.a(llong.o)
 .data          0x00000000        0x0 c:/nxp/lpcxpresso_6.1.4_194/lpcxpresso/tools/bin/../lib/gcc/arm-none-eabi/4.6.2/armv6-m\libcr_eabihelpers.a(llong.o)
 .bss           0x00000000        0x0 c:/nxp/lpcxpresso_6.1.4_194/lpcxpresso/tools/bin/../lib/gcc/arm-none-eabi/4.6.2/armv6-m\libcr_eabihelpers.a(llong.o)
 .text.__aeabi_llong_llsl
                0x00000000       0x18 c:/nxp/lpcxpresso_6.1.4_194/lpcxpresso/tools/bin/../lib/gcc/arm-none-eabi/4.6.2/armv6-m\libcr_eabihelpers.a(llong.o)
 .text.__aeabi_llong_llsr
                0x00000000       0x18 c:/nxp/lpcxpresso_6.1.4_194/lpcxpresso/tools/bin/../lib/gcc/arm-none-eabi/4.6.2/armv6-m\libcr_eabihelpers.a(llong.o)
 .text.__aeabi_llong_lasr
                0x00000000       0x18 c:/nxp/lpcxpresso_6.1.4_194/lpcxpresso/tools/bin/../lib/gcc/arm-none-eabi/4.6.2/armv6-m\libcr_eabihelpers.a(llong.o)
 .text.__aeabi_llong_lcmp
                0x00000000       0x14 c:/nxp/lpcxpresso_6.1.4_194/lpcxpresso/tools/bin/../lib/gcc/arm-none-eabi/4.6.2/armv6-m\libcr_eabihelpers.a(llong.o)
 .text.__aeabi_llong_ulcmp
                0x00000000       0x10 c:/nxp/lpcxpresso_6.1.4_194/lpcxpresso/tools/bin/../lib/gcc/arm-none-eabi/4.6.2/armv6-m\libcr_eabihelpers.a(llong.o)
 .text          0x00000000        0x0 c:/nxp/lpcxpresso_6.1.4_194/lpcxpresso/tools/bin/../lib/gcc/arm-none-eabi/4.6.2/armv6-m\libcr_eabihelpers.a(memcpy.o)
 .data          0x00000000        0x0 c:/nxp/lpcxpresso_6.1.4_194/lpcxpresso/tools/bin/../lib/gcc/arm-none-eabi/4.6.2/armv6-m\libcr_eabihelpers.a(memcpy.o)
 .bss           0x00000000        0x0 c:/nxp/lpcxpresso_6.1.4_194/lpcxpresso/tools/bin/../lib/gcc/arm-none-eabi/4.6.2/armv6-m\libcr_eabihelpers.a(memcpy.o)
 .text.__aeabi_memmove
                0x00000000       0x1c c:/nxp/lpcxpresso_6.1.4_194/lpcxpresso/tools/bin/../lib/gcc/arm-none-eabi/4.6.2/armv6-m\libcr_eabihelpers.a(memcpy.o)
 .text.__aeabi_memclr
                0x00000000        0x6 c:/nxp/lpcxpresso_6.1.4_194/lpcxpresso/tools/bin/../lib/gcc/arm-none-eabi/4.6.2/armv6-m\libcr_eabihelpers.a(memcpy.o)
 .text.__aeabi_memset
                0x00000000        0x8 c:/nxp/lpcxpresso_6.1.4_194/lpcxpresso/tools/bin/../lib/gcc/arm-none-eabi/4.6.2/armv6-m\libcr_eabihelpers.a(memcpy.o)
 .text          0x00000000        0x0 c:/nxp/lpcxpresso_6.1.4_194/lpcxpresso/tools/bin/../lib/gcc/arm-none-eabi/4.6.2/armv6-m\libcr_eabihelpers.a(thumb1_switch_helpers.o)
 .data          0x00000000        0x0 c:/nxp/lpcxpresso_6.1.4_194/lpcxpresso/tools/bin/../lib/gcc/arm-none-eabi/4.6.2/armv6-m\libcr_eabihelpers.a(thumb1_switch_helpers.o)
 .bss           0x00000000        0x0 c:/nxp/lpcxpresso_6.1.4_194/lpcxpresso/tools/bin/../lib/gcc/arm-none-eabi/4.6.2/armv6-m\libcr_eabihelpers.a(thumb1_switch_helpers.o)
 .text.__gnu_thumb1_case_sqi
                0x00000000       0x10 c:/nxp/lpcxpresso_6.1.4_194/lpcxpresso/tools/bin/../lib/gcc/arm-none-eabi/4.6.2/armv6-m\libcr_eabihelpers.a(thumb1_switch_helpers.o)
 .text.__gnu_thumb1_case_shi
                0x00000000       0x10 c:/nxp/lpcxpresso_6.1.4_194/lpcxpresso/tools/bin/../lib/gcc/arm-none-eabi/4.6.2/armv6-m\libcr_eabihelpers.a(thumb1_switch_helpers.o)
 .text.__gnu_thumb1_case_si
                0x00000000       0x18 c:/nxp/lpcxpresso_6.1.4_194/lpcxpresso/tools/bin/../lib/gcc/arm-none-eabi/4.6.2/armv6-m\libcr_eabihelpers.a(thumb1_switch_helpers.o)

Memory Configuration

Name             Origin             Length             Attributes
MFlash64         0x00000000         0x00010000         xr
RamLoc8          0x10000000         0x00002000         xrw
*default*        0x00000000         0xffffffff

Linker script and memory map

LOAD ./startup/aeabi_romdiv_patch.o
LOAD ./startup/cr_startup_lpc12xx.o
LOAD ./src/main_PINNACLE.o
LOAD ./src/uab_PINNACLE.o
LOAD C:\Users\Zhang\OneDrive\SUNS\Project\Harmar\Work\CMSISv2p00_LPC12xx\Debug\libCMSISv2p00_LPC12xx.a
LOAD C:\Users\Zhang\OneDrive\SUNS\Project\Harmar\Work\lib_small_printf_m0\Lib\liblib_small_printf_m0.a
LOAD C:\Users\Zhang\OneDrive\SUNS\Project\Harmar\Work\UAB_COMMON_LIB\Lib\libUAB_COMMON_LIB.a
START GROUP
LOAD c:/nxp/lpcxpresso_6.1.4_194/lpcxpresso/tools/bin/../lib/gcc/arm-none-eabi/4.6.2/../../../../arm-none-eabi/lib/armv6-m\libcr_c.a
LOAD c:/nxp/lpcxpresso_6.1.4_194/lpcxpresso/tools/bin/../lib/gcc/arm-none-eabi/4.6.2/armv6-m\libcr_eabihelpers.a
END GROUP
                0x00010000                __top_MFlash64 = 0x10000
                0x10002000                __top_RamLoc8 = 0x10002000

.text           0x00000000     0x6448
 FILL mask 0xff
                0x00000000                __vectors_start__ = ABSOLUTE (.)
 *(.isr_vector)
 .isr_vector    0x00000000       0xbc ./startup/cr_startup_lpc12xx.o
                0x00000000                g_pfnVectors
                0x000000bc                . = ALIGN (0x4)
                0x000000bc                __section_table_start = .
                0x000000bc                __data_section_table = .
                0x000000bc        0x4 LONG 0x6448 LOADADDR (.data)
                0x000000c0        0x4 LONG 0x10000000 ADDR (.data)
                0x000000c4        0x4 LONG 0x30 SIZEOF (.data)
                0x000000c8                __data_section_table_end = .
                0x000000c8                __bss_section_table = .
                0x000000c8        0x4 LONG 0x10000030 ADDR (.bss)
                0x000000cc        0x4 LONG 0x9dc SIZEOF (.bss)
                0x000000d0                __bss_section_table_end = .
                0x000000d0                __section_table_end = .
 *(.after_vectors*)
 .after_vectors
                0x000000d0      0x17c ./startup/cr_startup_lpc12xx.o
                0x000000d0                data_init
                0x00000114                bss_init
                0x00000148                ResetISR
                0x0000021c                NMI_Handler
                0x00000224                HardFault_Handler
                0x0000022c                SVC_Handler
                0x00000234                PendSV_Handler
                0x00000244                SSP_IRQHandler
                0x00000244                RTC_IRQHandler
                0x00000244                IntDefaultHandler
                0x00000244                TIMER32_1_IRQHandler
                0x00000244                TIMER32_0_IRQHandler
                0x00000244                ADC_IRQHandler
                0x00000244                PIOINT2_IRQHandler
                0x00000244                BOD_IRQHandler
                0x00000244                WAKEUP_IRQHandler
                0x00000244                PIOINT0_IRQHandler
                0x00000244                I2C_IRQHandler
                0x00000244                WDT_IRQHandler
                0x00000244                TIMER16_1_IRQHandler
                0x00000244                COMP_IRQHandler
                0x00000244                TIMER16_0_IRQHandler
                0x00000244                DMA_IRQHandler
                0x000002fc                . = 0x2fc
 *fill*         0x0000024c       0xb0 ff
                0x000002fc                PROVIDE (__CRP_WORD_START__, .)
 *(.crp)
 .crp           0x000002fc        0x4 ./src/main_PINNACLE.o
                0x000002fc                CRP_WORD
                0x00000300                PROVIDE (__CRP_WORD_END__, .)
                0x00000001                ASSERT (! ((__CRP_WORD_START__ == __CRP_WORD_END__)), Linker CRP Enabled, but no CRP_WORD provided within application)
 *(.text*)
 .text.__aeabi_idiv
                0x00000300       0x10 ./startup/aeabi_romdiv_patch.o
                0x00000300                __aeabi_idivmod
                0x00000300                __aeabi_idiv
 .text.__aeabi_uidiv
                0x00000310       0x10 ./startup/aeabi_romdiv_patch.o
                0x00000310                __aeabi_uidivmod
                0x00000310                __aeabi_uidiv
 .text.NVIC_EnableIRQ
                0x00000320       0x2c ./src/main_PINNACLE.o
 .text.NVIC_SetPriority
                0x0000034c       0xe0 ./src/main_PINNACLE.o
 .text.SysTick_Config
                0x0000042c       0x4c ./src/main_PINNACLE.o
 .text.SysTick_Handler
                0x00000478       0x2c ./src/main_PINNACLE.o
                0x00000478                SysTick_Handler
 .text.uabCommInit
                0x000004a4      0x1b0 ./src/main_PINNACLE.o
                0x000004a4                uabCommInit
 .text.main     0x00000654      0x7f4 ./src/main_PINNACLE.o
                0x00000654                main
 .text.uabEvent
                0x00000e48      0x14c ./src/uab_PINNACLE.o
                0x00000e48                uabEvent
 .text.uabInstModeCheck
                0x00000f94       0x88 ./src/uab_PINNACLE.o
                0x00000f94                uabInstModeCheck
 .text.uabFaultSet
                0x0000101c      0x108 ./src/uab_PINNACLE.o
                0x0000101c                uabFaultSet
 .text.uabFaultClr
                0x00001124       0x78 ./src/uab_PINNACLE.o
                0x00001124                uabFaultClr
 .text.uabMajorFaultChargeDisplay
                0x0000119c       0xcc ./src/uab_PINNACLE.o
                0x0000119c                uabMajorFaultChargeDisplay
 .text.uabMajorFaultVoltsDisplay
                0x00001268       0xec ./src/uab_PINNACLE.o
                0x00001268                uabMajorFaultVoltsDisplay
 .text.uabMajorFaultHandler
                0x00001354      0x230 ./src/uab_PINNACLE.o
                0x00001354                uabMajorFaultHandler
 .text.uab12vCheck
                0x00001584       0x6c ./src/uab_PINNACLE.o
                0x00001584                uab12vCheck
 .text.uabLowBatteryCheck
                0x000015f0      0x16c ./src/uab_PINNACLE.o
                0x000015f0                uabLowBatteryCheck
 .text.uabVeryLowBatteryCheck
                0x0000175c      0x174 ./src/uab_PINNACLE.o
                0x0000175c                uabVeryLowBatteryCheck
 .text.uabSuperLowBatteryCheck
                0x000018d0      0x178 ./src/uab_PINNACLE.o
                0x000018d0                uabSuperLowBatteryCheck
 .text.uabSystemOverloadCheck
                0x00001a48      0x1f0 ./src/uab_PINNACLE.o
                0x00001a48                uabSystemOverloadCheck
 .text.uabRunawayCheck
                0x00001c38       0x88 ./src/uab_PINNACLE.o
                0x00001c38                uabRunawayCheck
 .text.uabDiagLed
                0x00001cc0       0xf4 ./src/uab_PINNACLE.o
                0x00001cc0                uabDiagLed
 .text.uabCpuLedOn
                0x00001db4       0x1c ./src/uab_PINNACLE.o
                0x00001db4                uabCpuLedOn
 .text.uabCpuLedOff
                0x00001dd0       0x20 ./src/uab_PINNACLE.o
                0x00001dd0                uabCpuLedOff
 .text.uabMDriveEnable
                0x00001df0       0x24 ./src/uab_PINNACLE.o
                0x00001df0                uabMDriveEnable
 .text.uabChargerDisable
                0x00001e14       0x24 ./src/uab_PINNACLE.o
                0x00001e14                uabChargerDisable
 .text.uabChargerEnable
                0x00001e38       0x24 ./src/uab_PINNACLE.o
                0x00001e38                uabChargerEnable
 .text.uabChargerInitEnable
                0x00001e5c       0x24 ./src/uab_PINNACLE.o
                0x00001e5c                uabChargerInitEnable
 .text.uabChargeCheck
                0x00001e80      0x4f0 ./src/uab_PINNACLE.o
                0x00001e80                uabChargeCheck
 .text.uabVoltsCurrSenseDisplay
                0x00002370      0x10c ./src/uab_PINNACLE.o
                0x00002370                uabVoltsCurrSenseDisplay
 .text.uabMotorVoltsDisplay
                0x0000247c        0x8 ./src/uab_PINNACLE.o
                0x0000247c                uabMotorVoltsDisplay
 .text.uabInstUpDownSwitchStateGet
                0x00002484       0x6c ./src/uab_PINNACLE.o
                0x00002484                uabInstUpDownSwitchStateGet
 .text.uabUpDownLeftRightSwitchStateGet
                0x000024f0      0x1f0 ./src/uab_PINNACLE.o
                0x000024f0                uabUpDownLeftRightSwitchStateGet
 .text.uabBrakeOff
                0x000026e0       0x3c ./src/uab_PINNACLE.o
                0x000026e0                uabBrakeOff
 .text.uabBrakeOn
                0x0000271c       0x3c ./src/uab_PINNACLE.o
                0x0000271c                uabBrakeOn
 .text.uabMotorOff
                0x00002758       0x7c ./src/uab_PINNACLE.o
                0x00002758                uabMotorOff
 .text.uabMotorOn
                0x000027d4      0x14c ./src/uab_PINNACLE.o
                0x000027d4                uabMotorOn
 .text.uabPwmInit
                0x00002920       0x80 ./src/uab_PINNACLE.o
                0x00002920                uabPwmInit
 .text.uabPwmChange
                0x000029a0       0x38 ./src/uab_PINNACLE.o
                0x000029a0                uabPwmChange
 .text.uabPioGet
                0x000029d8       0x8c ./src/uab_PINNACLE.o
                0x000029d8                uabPioGet
 .text.uabFaultsGet
                0x00002a64      0x270 ./src/uab_PINNACLE.o
                0x00002a64                uabFaultsGet
 .text.uabCheckStopDownRight
                0x00002cd4       0x20 ./src/uab_PINNACLE.o
                0x00002cd4                uabCheckStopDownRight
 .text.uabCheckStopUpLeft
                0x00002cf4       0x20 ./src/uab_PINNACLE.o
                0x00002cf4                uabCheckStopUpLeft
 .text.uabCheckLimit
                0x00002d14       0x74 ./src/uab_PINNACLE.o
                0x00002d14                uabCheckLimit
 .text.uabCheckTopBottom
                0x00002d88       0x44 ./src/uab_PINNACLE.o
                0x00002d88                uabCheckTopBottom
 .text.uabTopStop
                0x00002dcc       0x20 ./src/uab_PINNACLE.o
                0x00002dcc                uabTopStop
 .text.uabBottomStop
                0x00002dec       0x20 ./src/uab_PINNACLE.o
                0x00002dec                uabBottomStop
 .text.uabMotionSet
                0x00002e0c      0x7b4 ./src/uab_PINNACLE.o
                0x00002e0c                uabMotionSet
 .text.uabCheckSwitch
                0x000035c0      0x38c ./src/uab_PINNACLE.o
                0x000035c0                uabCheckSwitch
 .text.uabInit  0x0000394c      0x1bc ./src/uab_PINNACLE.o
                0x0000394c                uabInit
 .text.SystemInit
                0x00003b08       0xbc C:\Users\Zhang\OneDrive\SUNS\Project\Harmar\Work\CMSISv2p00_LPC12xx\Debug\libCMSISv2p00_LPC12xx.a(system_LPC122x.o)
                0x00003b08                SystemInit
 *fill*         0x00003bc4        0x4 00
 .text.dbl2stri
                0x00003bc8      0x160 C:\Users\Zhang\OneDrive\SUNS\Project\Harmar\Work\lib_small_printf_m0\Lib\liblib_small_printf_m0.a(small_printf_float.o)
                0x00003bc8                dbl2stri
 .text.printf_format_float
                0x00003d28      0x1e8 C:\Users\Zhang\OneDrive\SUNS\Project\Harmar\Work\lib_small_printf_m0\Lib\liblib_small_printf_m0.a(small_printf_float.o)
                0x00003d28                printf_format_float
 .text.func_printf_float
                0x00003f10       0x16 C:\Users\Zhang\OneDrive\SUNS\Project\Harmar\Work\lib_small_printf_m0\Lib\liblib_small_printf_m0.a(small_printf_float.o)
                0x00003f10                func_printf_float
 .text.prints   0x00003f26       0x7a C:\Users\Zhang\OneDrive\SUNS\Project\Harmar\Work\lib_small_printf_m0\Lib\liblib_small_printf_m0.a(small_printf_support.o)
                0x00003f26                prints
 .text.printi   0x00003fa0       0xa4 C:\Users\Zhang\OneDrive\SUNS\Project\Harmar\Work\lib_small_printf_m0\Lib\liblib_small_printf_m0.a(small_printf_support.o)
                0x00003fa0                printi
 .text.small_strlen
                0x00004044       0x12 C:\Users\Zhang\OneDrive\SUNS\Project\Harmar\Work\lib_small_printf_m0\Lib\liblib_small_printf_m0.a(small_utils.o)
                0x00004044                small_strlen
 *fill*         0x00004056        0x2 00
 .text.alarms_faults_serviced
                0x00004058       0x14 C:\Users\Zhang\OneDrive\SUNS\Project\Harmar\Work\UAB_COMMON_LIB\Lib\libUAB_COMMON_LIB.a(alarms.o)
 .text.alarms_manage_fault_service
                0x0000406c       0x78 C:\Users\Zhang\OneDrive\SUNS\Project\Harmar\Work\UAB_COMMON_LIB\Lib\libUAB_COMMON_LIB.a(alarms.o)
 .text.alarms_reset_alarm
                0x000040e4       0x18 C:\Users\Zhang\OneDrive\SUNS\Project\Harmar\Work\UAB_COMMON_LIB\Lib\libUAB_COMMON_LIB.a(alarms.o)
 .text.alarms_major_fault_service
                0x000040fc       0x64 C:\Users\Zhang\OneDrive\SUNS\Project\Harmar\Work\UAB_COMMON_LIB\Lib\libUAB_COMMON_LIB.a(alarms.o)
 .text.alarms_light_led
                0x00004160       0x30 C:\Users\Zhang\OneDrive\SUNS\Project\Harmar\Work\UAB_COMMON_LIB\Lib\libUAB_COMMON_LIB.a(alarms.o)
                0x00004160                alarms_light_led
 .text.alarms_safety_led
                0x00004190       0x18 C:\Users\Zhang\OneDrive\SUNS\Project\Harmar\Work\UAB_COMMON_LIB\Lib\libUAB_COMMON_LIB.a(alarms.o)
 .text.alarms_beep_on
                0x000041a8       0x10 C:\Users\Zhang\OneDrive\SUNS\Project\Harmar\Work\UAB_COMMON_LIB\Lib\libUAB_COMMON_LIB.a(alarms.o)
                0x000041a8                alarms_beep_on
 .text.alarms_beep_off
                0x000041b8       0x14 C:\Users\Zhang\OneDrive\SUNS\Project\Harmar\Work\UAB_COMMON_LIB\Lib\libUAB_COMMON_LIB.a(alarms.o)
                0x000041b8                alarms_beep_off
 .text.alarms_beep_once.isra.2.constprop.7
                0x000041cc       0x5c C:\Users\Zhang\OneDrive\SUNS\Project\Harmar\Work\UAB_COMMON_LIB\Lib\libUAB_COMMON_LIB.a(alarms.o)
 .text.alarms_switch_check
                0x00004228       0x38 C:\Users\Zhang\OneDrive\SUNS\Project\Harmar\Work\UAB_COMMON_LIB\Lib\libUAB_COMMON_LIB.a(alarms.o)
 .text.alarms_pulse_beep_duration
                0x00004260       0x6c C:\Users\Zhang\OneDrive\SUNS\Project\Harmar\Work\UAB_COMMON_LIB\Lib\libUAB_COMMON_LIB.a(alarms.o)
 .text.alarms_safety_process
                0x000042cc       0x24 C:\Users\Zhang\OneDrive\SUNS\Project\Harmar\Work\UAB_COMMON_LIB\Lib\libUAB_COMMON_LIB.a(alarms.o)
 .text.alarms_fault_handler
                0x000042f0      0x48c C:\Users\Zhang\OneDrive\SUNS\Project\Harmar\Work\UAB_COMMON_LIB\Lib\libUAB_COMMON_LIB.a(alarms.o)
                0x000042f0                alarms_fault_handler
 .text.uabVoltsConvert
                0x0000477c       0x84 C:\Users\Zhang\OneDrive\SUNS\Project\Harmar\Work\UAB_COMMON_LIB\Lib\libUAB_COMMON_LIB.a(compadc.o)
                0x0000477c                uabVoltsConvert
 .text.uabAdcRead
                0x00004800       0x48 C:\Users\Zhang\OneDrive\SUNS\Project\Harmar\Work\UAB_COMMON_LIB\Lib\libUAB_COMMON_LIB.a(compadc.o)
                0x00004800                uabAdcRead
 .text.uabCompVoltsRead
                0x00004848       0x88 C:\Users\Zhang\OneDrive\SUNS\Project\Harmar\Work\UAB_COMMON_LIB\Lib\libUAB_COMMON_LIB.a(compadc.o)
                0x00004848                uabCompVoltsRead
 .text.uabAdcVoltsRead
                0x000048d0       0x26 C:\Users\Zhang\OneDrive\SUNS\Project\Harmar\Work\UAB_COMMON_LIB\Lib\libUAB_COMMON_LIB.a(compadc.o)
                0x000048d0                uabAdcVoltsRead
 *fill*         0x000048f6        0x2 00
 .text.uabAdcAmpsRead
                0x000048f8       0x50 C:\Users\Zhang\OneDrive\SUNS\Project\Harmar\Work\UAB_COMMON_LIB\Lib\libUAB_COMMON_LIB.a(compadc.o)
                0x000048f8                uabAdcAmpsRead
 .text.uabCompAdcInit
                0x00004948       0xb8 C:\Users\Zhang\OneDrive\SUNS\Project\Harmar\Work\UAB_COMMON_LIB\Lib\libUAB_COMMON_LIB.a(compadc.o)
                0x00004948                uabCompAdcInit
 .text.readInfoPage32
                0x00004a00       0x24 C:\Users\Zhang\OneDrive\SUNS\Project\Harmar\Work\UAB_COMMON_LIB\Lib\libUAB_COMMON_LIB.a(iap.o)
                0x00004a00                readInfoPage32
 .text.writeInfoPage32
                0x00004a24       0x50 C:\Users\Zhang\OneDrive\SUNS\Project\Harmar\Work\UAB_COMMON_LIB\Lib\libUAB_COMMON_LIB.a(iap.o)
                0x00004a24                writeInfoPage32
 .text.eraseInfoPage
                0x00004a74       0x34 C:\Users\Zhang\OneDrive\SUNS\Project\Harmar\Work\UAB_COMMON_LIB\Lib\libUAB_COMMON_LIB.a(iap.o)
                0x00004a74                eraseInfoPage
 .text.uabInfoPageInit
                0x00004aa8       0x80 C:\Users\Zhang\OneDrive\SUNS\Project\Harmar\Work\UAB_COMMON_LIB\Lib\libUAB_COMMON_LIB.a(iap.o)
                0x00004aa8                uabInfoPageInit
 .text.uabInfoPageGet
                0x00004b28        0xa C:\Users\Zhang\OneDrive\SUNS\Project\Harmar\Work\UAB_COMMON_LIB\Lib\libUAB_COMMON_LIB.a(iap.o)
                0x00004b28                uabInfoPageGet
 *fill*         0x00004b32        0x2 00
 .text.uabLoadInfoPageIrUnits
                0x00004b34       0x58 C:\Users\Zhang\OneDrive\SUNS\Project\Harmar\Work\UAB_COMMON_LIB\Lib\libUAB_COMMON_LIB.a(iap.o)
                0x00004b34                uabLoadInfoPageIrUnits
 .text.PIOINT1_IRQHandler
                0x00004b8c       0xc0 C:\Users\Zhang\OneDrive\SUNS\Project\Harmar\Work\UAB_COMMON_LIB\Lib\libUAB_COMMON_LIB.a(ir.o)
                0x00004b8c                PIOINT1_IRQHandler
 .text.uabIrInit
                0x00004c4c       0x30 C:\Users\Zhang\OneDrive\SUNS\Project\Harmar\Work\UAB_COMMON_LIB\Lib\libUAB_COMMON_LIB.a(ir.o)
                0x00004c4c                uabIrInit
 .text.uabIrPatternGet
                0x00004c7c       0x7c C:\Users\Zhang\OneDrive\SUNS\Project\Harmar\Work\UAB_COMMON_LIB\Lib\libUAB_COMMON_LIB.a(ir.o)
                0x00004c7c                uabIrPatternGet
 .text.uabIrStateGet
                0x00004cf8      0x204 C:\Users\Zhang\OneDrive\SUNS\Project\Harmar\Work\UAB_COMMON_LIB\Lib\libUAB_COMMON_LIB.a(ir.o)
                0x00004cf8                uabIrStateGet
 .text.UART0_IRQHandler
                0x00004efc       0x9c C:\Users\Zhang\OneDrive\SUNS\Project\Harmar\Work\UAB_COMMON_LIB\Lib\libUAB_COMMON_LIB.a(uart.o)
                0x00004efc                UART0_IRQHandler
 .text.UART1_IRQHandler
                0x00004f98       0x9c C:\Users\Zhang\OneDrive\SUNS\Project\Harmar\Work\UAB_COMMON_LIB\Lib\libUAB_COMMON_LIB.a(uart.o)
                0x00004f98                UART1_IRQHandler
 .text.UARTInit
                0x00005034      0x1c0 C:\Users\Zhang\OneDrive\SUNS\Project\Harmar\Work\UAB_COMMON_LIB\Lib\libUAB_COMMON_LIB.a(uart.o)
                0x00005034                UARTInit
 .text.UARTSend
                0x000051f4       0x38 C:\Users\Zhang\OneDrive\SUNS\Project\Harmar\Work\UAB_COMMON_LIB\Lib\libUAB_COMMON_LIB.a(uart.o)
                0x000051f4                UARTSend
 .text.putchar  0x0000522c       0x18 C:\Users\Zhang\OneDrive\SUNS\Project\Harmar\Work\UAB_COMMON_LIB\Lib\libUAB_COMMON_LIB.a(uart.o)
                0x0000522c                putchar
 .text.xmitFifoBufSend
                0x00005244       0x50 C:\Users\Zhang\OneDrive\SUNS\Project\Harmar\Work\UAB_COMMON_LIB\Lib\libUAB_COMMON_LIB.a(uart.o)
                0x00005244                xmitFifoBufSend
 .text.waitForAck
                0x00005294      0x104 C:\Users\Zhang\OneDrive\SUNS\Project\Harmar\Work\UAB_COMMON_LIB\Lib\libUAB_COMMON_LIB.a(uart.o)
                0x00005294                waitForAck
 .text.xmitFifoBufLoad
                0x00005398       0x74 C:\Users\Zhang\OneDrive\SUNS\Project\Harmar\Work\UAB_COMMON_LIB\Lib\libUAB_COMMON_LIB.a(uart.o)
                0x00005398                xmitFifoBufLoad
 .text.delayUsec
                0x0000540c       0x28 C:\Users\Zhang\OneDrive\SUNS\Project\Harmar\Work\UAB_COMMON_LIB\Lib\libUAB_COMMON_LIB.a(utils.o)
                0x0000540c                delayUsec
 .text.delayMs  0x00005434       0x6c C:\Users\Zhang\OneDrive\SUNS\Project\Harmar\Work\UAB_COMMON_LIB\Lib\libUAB_COMMON_LIB.a(utils.o)
                0x00005434                delayMs
 .text.wdtFeed  0x000054a0       0x1c C:\Users\Zhang\OneDrive\SUNS\Project\Harmar\Work\UAB_COMMON_LIB\Lib\libUAB_COMMON_LIB.a(wdt.o)
                0x000054a0                wdtFeed
 .text.wdtEnable
                0x000054bc       0x18 C:\Users\Zhang\OneDrive\SUNS\Project\Harmar\Work\UAB_COMMON_LIB\Lib\libUAB_COMMON_LIB.a(wdt.o)
                0x000054bc                wdtEnable
 .text.wdtInit  0x000054d4       0x50 C:\Users\Zhang\OneDrive\SUNS\Project\Harmar\Work\UAB_COMMON_LIB\Lib\libUAB_COMMON_LIB.a(wdt.o)
                0x000054d4                wdtInit
 .text.memcpy   0x00005524        0x8 c:/nxp/lpcxpresso_6.1.4_194/lpcxpresso/tools/bin/../lib/gcc/arm-none-eabi/4.6.2/../../../../arm-none-eabi/lib/armv6-m\libcr_c.a(memcpy.o)
                0x00005524                memcpy
 .text.memset   0x0000552c        0x8 c:/nxp/lpcxpresso_6.1.4_194/lpcxpresso/tools/bin/../lib/gcc/arm-none-eabi/4.6.2/../../../../arm-none-eabi/lib/armv6-m\libcr_c.a(memset.o)
                0x0000552c                memset
 .text.__weak_main
                0x00005534        0x8 c:/nxp/lpcxpresso_6.1.4_194/lpcxpresso/tools/bin/../lib/gcc/arm-none-eabi/4.6.2/../../../../arm-none-eabi/lib/armv6-m\libcr_c.a(__weak__main.o)
                0x00005534                __weak_main
                0x00005534                __main
 *fill*         0x0000553c        0x4 00
 .text.__aeabi_dmul
                0x00005540      0x180 c:/nxp/lpcxpresso_6.1.4_194/lpcxpresso/tools/bin/../lib/gcc/arm-none-eabi/4.6.2/armv6-m\libcr_eabihelpers.a(double.o)
                0x00005540                __aeabi_dmul
 .text.__aeabi_ddiv
                0x000056c0      0x178 c:/nxp/lpcxpresso_6.1.4_194/lpcxpresso/tools/bin/../lib/gcc/arm-none-eabi/4.6.2/armv6-m\libcr_eabihelpers.a(double.o)
                0x000056c0                __aeabi_ddiv
 .text.__aeabi_dsub
                0x00005838      0x1d8 c:/nxp/lpcxpresso_6.1.4_194/lpcxpresso/tools/bin/../lib/gcc/arm-none-eabi/4.6.2/armv6-m\libcr_eabihelpers.a(double.o)
                0x00005838                __aeabi_dsub
 .text.__aeabi_dadd
                0x00005a10      0x140 c:/nxp/lpcxpresso_6.1.4_194/lpcxpresso/tools/bin/../lib/gcc/arm-none-eabi/4.6.2/armv6-m\libcr_eabihelpers.a(double.o)
                0x00005a10                __aeabi_dadd
 .text.__aeabi_d2f
                0x00005b50       0x5c c:/nxp/lpcxpresso_6.1.4_194/lpcxpresso/tools/bin/../lib/gcc/arm-none-eabi/4.6.2/armv6-m\libcr_eabihelpers.a(double.o)
                0x00005b50                __aeabi_d2f
 .text.__aeabi_d2iz
                0x00005bac       0x4c c:/nxp/lpcxpresso_6.1.4_194/lpcxpresso/tools/bin/../lib/gcc/arm-none-eabi/4.6.2/armv6-m\libcr_eabihelpers.a(double.o)
                0x00005bac                __aeabi_d2iz
 .text.__bhs_ui2d
                0x00005bf8       0x5e c:/nxp/lpcxpresso_6.1.4_194/lpcxpresso/tools/bin/../lib/gcc/arm-none-eabi/4.6.2/armv6-m\libcr_eabihelpers.a(double.o)
                0x00005bf8                __bhs_ui2d
 .text.__aeabi_i2d
                0x00005c56       0x16 c:/nxp/lpcxpresso_6.1.4_194/lpcxpresso/tools/bin/../lib/gcc/arm-none-eabi/4.6.2/armv6-m\libcr_eabihelpers.a(double.o)
                0x00005c56                __aeabi_i2d
 .text.__aeabi_ui2d
                0x00005c6c        0xc c:/nxp/lpcxpresso_6.1.4_194/lpcxpresso/tools/bin/../lib/gcc/arm-none-eabi/4.6.2/armv6-m\libcr_eabihelpers.a(double.o)
                0x00005c6c                __aeabi_ui2d
 .text.__aeabi_dcmplt
                0x00005c78       0x64 c:/nxp/lpcxpresso_6.1.4_194/lpcxpresso/tools/bin/../lib/gcc/arm-none-eabi/4.6.2/armv6-m\libcr_eabihelpers.a(double.o)
                0x00005c78                __aeabi_dcmplt
 .text.__aeabi_dcmpge
                0x00005cdc       0x64 c:/nxp/lpcxpresso_6.1.4_194/lpcxpresso/tools/bin/../lib/gcc/arm-none-eabi/4.6.2/armv6-m\libcr_eabihelpers.a(double.o)
                0x00005cdc                __aeabi_dcmpge
 .text.__aeabi_fmul
                0x00005d40       0xd0 c:/nxp/lpcxpresso_6.1.4_194/lpcxpresso/tools/bin/../lib/gcc/arm-none-eabi/4.6.2/armv6-m\libcr_eabihelpers.a(float.o)
                0x00005d40                __aeabi_fmul
 .text.__aeabi_fsub
                0x00005e10      0x124 c:/nxp/lpcxpresso_6.1.4_194/lpcxpresso/tools/bin/../lib/gcc/arm-none-eabi/4.6.2/armv6-m\libcr_eabihelpers.a(float.o)
                0x00005e10                __aeabi_fsub
 .text.__aeabi_fadd
                0x00005f34       0xa8 c:/nxp/lpcxpresso_6.1.4_194/lpcxpresso/tools/bin/../lib/gcc/arm-none-eabi/4.6.2/armv6-m\libcr_eabihelpers.a(float.o)
                0x00005f34                __aeabi_fadd
 .text.__bhs_ui2f
                0x00005fdc       0x62 c:/nxp/lpcxpresso_6.1.4_194/lpcxpresso/tools/bin/../lib/gcc/arm-none-eabi/4.6.2/armv6-m\libcr_eabihelpers.a(float.o)
                0x00005fdc                __bhs_ui2f
 .text.__aeabi_ui2f
                0x0000603e        0xc c:/nxp/lpcxpresso_6.1.4_194/lpcxpresso/tools/bin/../lib/gcc/arm-none-eabi/4.6.2/armv6-m\libcr_eabihelpers.a(float.o)
                0x0000603e                __aeabi_ui2f
 *fill*         0x0000604a        0x2 00
 .text.__aeabi_f2d
                0x0000604c       0x3c c:/nxp/lpcxpresso_6.1.4_194/lpcxpresso/tools/bin/../lib/gcc/arm-none-eabi/4.6.2/armv6-m\libcr_eabihelpers.a(float.o)
                0x0000604c                __aeabi_f2d
 .text.__aeabi_fcmplt
                0x00006088       0x42 c:/nxp/lpcxpresso_6.1.4_194/lpcxpresso/tools/bin/../lib/gcc/arm-none-eabi/4.6.2/armv6-m\libcr_eabihelpers.a(float.o)
                0x00006088                __aeabi_fcmplt
 .text.__aeabi_fcmpgt
                0x000060ca       0x40 c:/nxp/lpcxpresso_6.1.4_194/lpcxpresso/tools/bin/../lib/gcc/arm-none-eabi/4.6.2/armv6-m\libcr_eabihelpers.a(float.o)
                0x000060ca                __aeabi_fcmpgt
 .text.__aeabi_fcmple
                0x0000610a       0x44 c:/nxp/lpcxpresso_6.1.4_194/lpcxpresso/tools/bin/../lib/gcc/arm-none-eabi/4.6.2/armv6-m\libcr_eabihelpers.a(float.o)
                0x0000610a                __aeabi_fcmple
 .text.__aeabi_llong_lmul
                0x0000614e       0x2e c:/nxp/lpcxpresso_6.1.4_194/lpcxpresso/tools/bin/../lib/gcc/arm-none-eabi/4.6.2/armv6-m\libcr_eabihelpers.a(llong.o)
                0x0000614e                __aeabi_lmul
 .text.__aeabi_memcpy
                0x0000617c       0x2c c:/nxp/lpcxpresso_6.1.4_194/lpcxpresso/tools/bin/../lib/gcc/arm-none-eabi/4.6.2/armv6-m\libcr_eabihelpers.a(memcpy.o)
                0x0000617c                __aeabi_memcpy4
                0x0000617c                __aeabi_memcpy8
                0x0000617c                __aeabi_memcpy
 .text.__aeabi_memset_lowlevel
                0x000061a8       0x2a c:/nxp/lpcxpresso_6.1.4_194/lpcxpresso/tools/bin/../lib/gcc/arm-none-eabi/4.6.2/armv6-m\libcr_eabihelpers.a(memcpy.o)
                0x000061a8                __aeabi_lowlevel_memset
 .text.__gnu_thumb1_case_uqi
                0x000061d2       0x10 c:/nxp/lpcxpresso_6.1.4_194/lpcxpresso/tools/bin/../lib/gcc/arm-none-eabi/4.6.2/armv6-m\libcr_eabihelpers.a(thumb1_switch_helpers.o)
                0x000061d2                __gnu_thumb1_case_uqi
 .text.__gnu_thumb1_case_uhi
                0x000061e2       0x10 c:/nxp/lpcxpresso_6.1.4_194/lpcxpresso/tools/bin/../lib/gcc/arm-none-eabi/4.6.2/armv6-m\libcr_eabihelpers.a(thumb1_switch_helpers.o)
                0x000061e2                __gnu_thumb1_case_uhi
 *(.rodata .rodata.* .constdata .constdata.*)
 *fill*         0x000061f2        0x2 00
 .rodata        0x000061f4       0x80 ./src/main_PINNACLE.o
 .rodata.main   0x00006274      0x140 ./src/main_PINNACLE.o
 .rodata        0x000063b4       0x6c ./src/uab_PINNACLE.o
 .rodata.uabMotionSet
                0x00006420       0x20 ./src/uab_PINNACLE.o
 .rodata.str1.1
                0x00006440        0x7 C:\Users\Zhang\OneDrive\SUNS\Project\Harmar\Work\lib_small_printf_m0\Lib\liblib_small_printf_m0.a(small_printf_float.o)
                0x00006448                . = ALIGN (0x4)
 *fill*         0x00006447        0x1 ff

.glue_7         0x00006448        0x0
 .glue_7        0x00000000        0x0 linker stubs

.glue_7t        0x00006448        0x0
 .glue_7t       0x00000000        0x0 linker stubs

.vfp11_veneer   0x00006448        0x0
 .vfp11_veneer  0x00000000        0x0 linker stubs

.v4_bx          0x00006448        0x0
 .v4_bx         0x00000000        0x0 linker stubs

.ARM.extab
 *(.ARM.extab* .gnu.linkonce.armextab.*)
                0x00006448                __exidx_start = .

.ARM.exidx
 *(.ARM.exidx* .gnu.linkonce.armexidx.*)
                0x00006448                __exidx_end = .
                0x00006448                _etext = .

.uninit_RESERVED
                0x10000000        0x0
 *(.bss.$RESERVED*)
                0x10000000                . = ALIGN (0x4)
                0x10000000                _end_uninit_RESERVED = .

.data           0x10000000       0x30 load address 0x00006448
 FILL mask 0xff
                0x10000000                _data = .
 *(vtable)
 *(.data*)
 .data.prevChar.4716
                0x10000000        0x1 ./src/main_PINNACLE.o
 .data.SeqNum   0x10000001        0x1 ./src/uab_PINNACLE.o
                0x10000001                SeqNum
 *fill*         0x10000002        0x2 00
 .data.prev_pio0.4916
                0x10000004        0x4 ./src/uab_PINNACLE.o
 .data.prev_pio2.4917
                0x10000008        0x4 ./src/uab_PINNACLE.o
 .data.first_pass.4853
                0x1000000c        0x1 ./src/uab_PINNACLE.o
 .data.firstTime.4857
                0x1000000d        0x1 ./src/uab_PINNACLE.o
 .data.charge1.4854
                0x1000000e        0x1 ./src/uab_PINNACLE.o
 *fill*         0x1000000f        0x1 00
 .data.minuteCntr.4746
                0x10000010        0x4 ./src/uab_PINNACLE.o
 .data.displayVoltsCntr.4744
                0x10000014        0x4 ./src/uab_PINNACLE.o
 .data          0x10000018        0x8 C:\Users\Zhang\OneDrive\SUNS\Project\Harmar\Work\CMSISv2p00_LPC12xx\Debug\libCMSISv2p00_LPC12xx.a(system_LPC122x.o)
                0x10000018                SystemCoreClock
                0x1000001c                MainClock
 .data.previous_alarm_state
                0x10000020        0x1 C:\Users\Zhang\OneDrive\SUNS\Project\Harmar\Work\UAB_COMMON_LIB\Lib\libUAB_COMMON_LIB.a(alarms.o)
                0x10000020                previous_alarm_state
 .data.IrPwpProcessed
                0x10000021        0x1 C:\Users\Zhang\OneDrive\SUNS\Project\Harmar\Work\UAB_COMMON_LIB\Lib\libUAB_COMMON_LIB.a(ir.o)
                0x10000021                IrPwpProcessed
 *fill*         0x10000022        0x2 00
 .data.UabIr0UnitNum
                0x10000024        0x4 C:\Users\Zhang\OneDrive\SUNS\Project\Harmar\Work\UAB_COMMON_LIB\Lib\libUAB_COMMON_LIB.a(ir.o)
                0x10000024                UabIr0UnitNum
 .data.UabIr1UnitNum
                0x10000028        0x4 C:\Users\Zhang\OneDrive\SUNS\Project\Harmar\Work\UAB_COMMON_LIB\Lib\libUAB_COMMON_LIB.a(ir.o)
                0x10000028                UabIr1UnitNum
 .data.UART0_TxEmpty
                0x1000002c        0x1 C:\Users\Zhang\OneDrive\SUNS\Project\Harmar\Work\UAB_COMMON_LIB\Lib\libUAB_COMMON_LIB.a(uart.o)
                0x1000002c                UART0_TxEmpty
 .data.UART1_TxEmpty
                0x1000002d        0x1 C:\Users\Zhang\OneDrive\SUNS\Project\Harmar\Work\UAB_COMMON_LIB\Lib\libUAB_COMMON_LIB.a(uart.o)
                0x1000002d                UART1_TxEmpty
                0x10000030                . = ALIGN (0x4)
 *fill*         0x1000002e        0x2 ff
                0x10000030                _edata = .

.bss            0x10000030      0x9dc load address 0x00006478
                0x10000030                _bss = .
 *(.bss*)
 .bss.SysTicks  0x10000030        0x4 ./src/main_PINNACLE.o
                0x10000030                SysTicks
 .bss.DelayCnt  0x10000034        0x4 ./src/main_PINNACLE.o
                0x10000034                DelayCnt
 .bss.UabPioCnt
                0x10000038        0x4 ./src/main_PINNACLE.o
 .bss.UpdateDelay
                0x1000003c        0x1 ./src/main_PINNACLE.o
 *fill*         0x1000003d        0x3 00
 .bss.IrBeepFast.4710
                0x10000040        0x4 ./src/main_PINNACLE.o
 .bss.buff.4706
                0x10000044       0x2c ./src/main_PINNACLE.o
 .bss.IrTimeout.4709
                0x10000070        0x4 ./src/main_PINNACLE.o
 .bss.UabMotorIsOff
                0x10000074        0x1 ./src/uab_PINNACLE.o
                0x10000074                UabMotorIsOff
 .bss.UabInstMode
                0x10000075        0x1 ./src/uab_PINNACLE.o
                0x10000075                UabInstMode
 .bss.UabTripDone
                0x10000076        0x1 ./src/uab_PINNACLE.o
                0x10000076                UabTripDone
 .bss.UabMajorFault
                0x10000077        0x1 ./src/uab_PINNACLE.o
                0x10000077                UabMajorFault
 .bss.UabMajorFaultInProgress
                0x10000078        0x1 ./src/uab_PINNACLE.o
                0x10000078                UabMajorFaultInProgress
 .bss.UabUpDownReleased
                0x10000079        0x1 ./src/uab_PINNACLE.o
                0x10000079                UabUpDownReleased
 *fill*         0x1000007a        0x2 00
 .bss.UabFaults
                0x1000007c        0x4 ./src/uab_PINNACLE.o
                0x1000007c                UabFaults
 .bss.UabDebugMode
                0x10000080        0x4 ./src/uab_PINNACLE.o
                0x10000080                UabDebugMode
 .bss.UabMotionState
                0x10000084        0x1 ./src/uab_PINNACLE.o
                0x10000084                UabMotionState
 .bss.UabUpDownLeftRightSwitchState
                0x10000085        0x1 ./src/uab_PINNACLE.o
                0x10000085                UabUpDownLeftRightSwitchState
 .bss.UabOffCharge
                0x10000086        0x1 ./src/uab_PINNACLE.o
                0x10000086                UabOffCharge
 .bss.UabOffchargeFlag
                0x10000087        0x1 ./src/uab_PINNACLE.o
                0x10000087                UabOffchargeFlag
 .bss.UabChargePercent
                0x10000088        0x1 ./src/uab_PINNACLE.o
                0x10000088                UabChargePercent
 *fill*         0x10000089        0x3 00
 .bss.UabChargeTimer
                0x1000008c        0x4 ./src/uab_PINNACLE.o
                0x1000008c                UabChargeTimer
 .bss.UabChargeInProgress
                0x10000090        0x1 ./src/uab_PINNACLE.o
                0x10000090                UabChargeInProgress
 *fill*         0x10000091        0x3 00
 .bss.UabChargePeriod
                0x10000094        0x4 ./src/uab_PINNACLE.o
                0x10000094                UabChargePeriod
 .bss.UabChargeDuration
                0x10000098        0x4 ./src/uab_PINNACLE.o
                0x10000098                UabChargeDuration
 .bss.SaveBatteryVolts
                0x1000009c        0x4 ./src/uab_PINNACLE.o
                0x1000009c                SaveBatteryVolts
 .bss.SaveChargeVolts
                0x100000a0        0x4 ./src/uab_PINNACLE.o
                0x100000a0                SaveChargeVolts
 .bss.UabSense12Volts
                0x100000a4        0x4 ./src/uab_PINNACLE.o
                0x100000a4                UabSense12Volts
 .bss.UabMajorFaultCause
                0x100000a8        0x4 ./src/uab_PINNACLE.o
                0x100000a8                UabMajorFaultCause
 .bss.UabBatteryVolts
                0x100000ac        0x4 ./src/uab_PINNACLE.o
                0x100000ac                UabBatteryVolts
 .bss.UabSystemOverLoadAmps
                0x100000b0        0x4 ./src/uab_PINNACLE.o
                0x100000b0                UabSystemOverLoadAmps
 .bss.UabSystemOverLoadScaledAmps
                0x100000b4        0x4 ./src/uab_PINNACLE.o
                0x100000b4                UabSystemOverLoadScaledAmps
 .bss.UabRunawayAmps
                0x100000b8        0x4 ./src/uab_PINNACLE.o
                0x100000b8                UabRunawayAmps
 .bss.UabMDriveState
                0x100000bc        0x1 ./src/uab_PINNACLE.o
                0x100000bc                UabMDriveState
 .bss.UabChargerState
                0x100000bd        0x1 ./src/uab_PINNACLE.o
                0x100000bd                UabChargerState
 .bss.UabChargerInitState
                0x100000be        0x1 ./src/uab_PINNACLE.o
                0x100000be                UabChargerInitState
 .bss.UabInitComplete
                0x100000bf        0x1 ./src/uab_PINNACLE.o
                0x100000bf                UabInitComplete
 .bss.UabCommEnabled
                0x100000c0        0x1 ./src/uab_PINNACLE.o
                0x100000c0                UabCommEnabled
 .bss.UabLed    0x100000c1        0x1 ./src/uab_PINNACLE.o
                0x100000c1                UabLed
 .bss.prevUabIrUpDownState.4964
                0x100000c2        0x1 ./src/uab_PINNACLE.o
 *fill*         0x100000c3        0x1 00
 .bss.prev_faults.4923
                0x100000c4        0x4 ./src/uab_PINNACLE.o
 .bss.stop_time.4884
                0x100000c8        0x2 ./src/uab_PINNACLE.o
 .bss.up_left_delay.4886
                0x100000ca        0x2 ./src/uab_PINNACLE.o
 .bss.ir_delay.4885
                0x100000cc        0x2 ./src/uab_PINNACLE.o
 .bss.down_right_delay.4887
                0x100000ce        0x2 ./src/uab_PINNACLE.o
 .bss.waitTime.4856
                0x100000d0        0x4 ./src/uab_PINNACLE.o
 .bss.doWait.4855
                0x100000d4        0x1 ./src/uab_PINNACLE.o
 *fill*         0x100000d5        0x3 00
 .bss.bat_volts.4851
                0x100000d8        0x4 ./src/uab_PINNACLE.o
 .bss.charge_volts.4850
                0x100000dc        0x4 ./src/uab_PINNACLE.o
 .bss.offchargeReported.4858
                0x100000e0        0x1 ./src/uab_PINNACLE.o
 *fill*         0x100000e1        0x3 00
 .bss.charge_duration.4852
                0x100000e4        0x4 ./src/uab_PINNACLE.o
 .bss.SolClearDelay.4806
                0x100000e8        0x4 ./src/uab_PINNACLE.o
 .bss.ind.4789  0x100000ec        0x1 ./src/uab_PINNACLE.o
 *fill*         0x100000ed        0x3 00
 .bss.bat_volts.4788
                0x100000f0       0x14 ./src/uab_PINNACLE.o
 .bss.ind.4776  0x10000104        0x1 ./src/uab_PINNACLE.o
 *fill*         0x10000105        0x3 00
 .bss.bat_volts.4775
                0x10000108       0x14 ./src/uab_PINNACLE.o
 .bss.ind.4763  0x1000011c        0x1 ./src/uab_PINNACLE.o
 *fill*         0x1000011d        0x3 00
 .bss.bat_volts.4762
                0x10000120       0x14 ./src/uab_PINNACLE.o
 .bss.causeCntr.4745
                0x10000134        0x1 ./src/uab_PINNACLE.o
 .bss.doBeepOn.4747
                0x10000135        0x1 ./src/uab_PINNACLE.o
 .bss.doBeepOnCntr.4748
                0x10000136        0x1 ./src/uab_PINNACLE.o
 .bss.doBeepOff.4749
                0x10000137        0x1 ./src/uab_PINNACLE.o
 .bss.doBeepOffCntr.4750
                0x10000138        0x1 ./src/uab_PINNACLE.o
 .bss.local_bfr.3717
                0x10000139       0x51 C:\Users\Zhang\OneDrive\SUNS\Project\Harmar\Work\lib_small_printf_m0\Lib\liblib_small_printf_m0.a(small_printf_float.o)
 *fill*         0x1000018a        0x2 00
 .bss.faults_serviced
                0x1000018c        0x4 C:\Users\Zhang\OneDrive\SUNS\Project\Harmar\Work\UAB_COMMON_LIB\Lib\libUAB_COMMON_LIB.a(alarms.o)
                0x1000018c                faults_serviced
 .bss.alarm_state
                0x10000190        0x1 C:\Users\Zhang\OneDrive\SUNS\Project\Harmar\Work\UAB_COMMON_LIB\Lib\libUAB_COMMON_LIB.a(alarms.o)
                0x10000190                alarm_state
 .bss.previous_switch_state
                0x10000191        0x1 C:\Users\Zhang\OneDrive\SUNS\Project\Harmar\Work\UAB_COMMON_LIB\Lib\libUAB_COMMON_LIB.a(alarms.o)
                0x10000191                previous_switch_state
 .bss.IrIntrDetected
                0x10000192        0x1 C:\Users\Zhang\OneDrive\SUNS\Project\Harmar\Work\UAB_COMMON_LIB\Lib\libUAB_COMMON_LIB.a(ir.o)
                0x10000192                IrIntrDetected
 .bss.IrLearning
                0x10000193        0x1 C:\Users\Zhang\OneDrive\SUNS\Project\Harmar\Work\UAB_COMMON_LIB\Lib\libUAB_COMMON_LIB.a(ir.o)
                0x10000193                IrLearning
 .bss.UabIrState
                0x10000194        0x1 C:\Users\Zhang\OneDrive\SUNS\Project\Harmar\Work\UAB_COMMON_LIB\Lib\libUAB_COMMON_LIB.a(ir.o)
                0x10000194                UabIrState
 .bss.XmitMsgRetryCnt
                0x10000195        0x1 C:\Users\Zhang\OneDrive\SUNS\Project\Harmar\Work\UAB_COMMON_LIB\Lib\libUAB_COMMON_LIB.a(uart.o)
                0x10000195                XmitMsgRetryCnt
 *fill*         0x10000196        0x2 00
 .bss.UART1_Count
                0x10000198        0x4 C:\Users\Zhang\OneDrive\SUNS\Project\Harmar\Work\UAB_COMMON_LIB\Lib\libUAB_COMMON_LIB.a(uart.o)
                0x10000198                UART1_Count
 .bss.NakCntr   0x1000019c        0x4 C:\Users\Zhang\OneDrive\SUNS\Project\Harmar\Work\UAB_COMMON_LIB\Lib\libUAB_COMMON_LIB.a(uart.o)
                0x1000019c                NakCntr
 .bss.XmitFifoBufNum
                0x100001a0        0x1 C:\Users\Zhang\OneDrive\SUNS\Project\Harmar\Work\UAB_COMMON_LIB\Lib\libUAB_COMMON_LIB.a(uart.o)
                0x100001a0                XmitFifoBufNum
 .bss.XmitErrDataLen
                0x100001a1        0x1 C:\Users\Zhang\OneDrive\SUNS\Project\Harmar\Work\UAB_COMMON_LIB\Lib\libUAB_COMMON_LIB.a(uart.o)
                0x100001a1                XmitErrDataLen
 *fill*         0x100001a2        0x2 00
 .bss.AckCntr   0x100001a4        0x4 C:\Users\Zhang\OneDrive\SUNS\Project\Harmar\Work\UAB_COMMON_LIB\Lib\libUAB_COMMON_LIB.a(uart.o)
                0x100001a4                AckCntr
 .bss.NakRetryCnt
                0x100001a8        0x1 C:\Users\Zhang\OneDrive\SUNS\Project\Harmar\Work\UAB_COMMON_LIB\Lib\libUAB_COMMON_LIB.a(uart.o)
                0x100001a8                NakRetryCnt
 *fill*         0x100001a9        0x3 00
 .bss.OtherCntr
                0x100001ac        0x4 C:\Users\Zhang\OneDrive\SUNS\Project\Harmar\Work\UAB_COMMON_LIB\Lib\libUAB_COMMON_LIB.a(uart.o)
                0x100001ac                OtherCntr
 .bss.XmitMsgNum
                0x100001b0        0x1 C:\Users\Zhang\OneDrive\SUNS\Project\Harmar\Work\UAB_COMMON_LIB\Lib\libUAB_COMMON_LIB.a(uart.o)
                0x100001b0                XmitMsgNum
 .bss.XmitErrFifoOveflow
                0x100001b1        0x1 C:\Users\Zhang\OneDrive\SUNS\Project\Harmar\Work\UAB_COMMON_LIB\Lib\libUAB_COMMON_LIB.a(uart.o)
                0x100001b1                XmitErrFifoOveflow
 *fill*         0x100001b2        0x2 00
 .bss.UART0_Status
                0x100001b4        0x4 C:\Users\Zhang\OneDrive\SUNS\Project\Harmar\Work\UAB_COMMON_LIB\Lib\libUAB_COMMON_LIB.a(uart.o)
                0x100001b4                UART0_Status
 .bss.NoCommCnt
                0x100001b8        0x1 C:\Users\Zhang\OneDrive\SUNS\Project\Harmar\Work\UAB_COMMON_LIB\Lib\libUAB_COMMON_LIB.a(uart.o)
                0x100001b8                NoCommCnt
 .bss.WaitForAckTimeout
                0x100001b9        0x1 C:\Users\Zhang\OneDrive\SUNS\Project\Harmar\Work\UAB_COMMON_LIB\Lib\libUAB_COMMON_LIB.a(uart.o)
                0x100001b9                WaitForAckTimeout
 *fill*         0x100001ba        0x2 00
 .bss.UART1_Status
                0x100001bc        0x4 C:\Users\Zhang\OneDrive\SUNS\Project\Harmar\Work\UAB_COMMON_LIB\Lib\libUAB_COMMON_LIB.a(uart.o)
                0x100001bc                UART1_Status
 .bss.UART0_Count
                0x100001c0        0x4 C:\Users\Zhang\OneDrive\SUNS\Project\Harmar\Work\UAB_COMMON_LIB\Lib\libUAB_COMMON_LIB.a(uart.o)
                0x100001c0                UART0_Count
 .bss.WaitForAck
                0x100001c4        0x1 C:\Users\Zhang\OneDrive\SUNS\Project\Harmar\Work\UAB_COMMON_LIB\Lib\libUAB_COMMON_LIB.a(uart.o)
                0x100001c4                WaitForAck
 *fill*         0x100001c5        0x3 00
 .bss.wdtCnt.4274
                0x100001c8        0x4 C:\Users\Zhang\OneDrive\SUNS\Project\Harmar\Work\UAB_COMMON_LIB\Lib\libUAB_COMMON_LIB.a(utils.o)
 *(COMMON)
 COMMON         0x100001cc        0x8 ./startup/cr_startup_lpc12xx.o
                0x100001cc                pDivRom_uidiv
                0x100001d0                pDivRom_idiv
 COMMON         0x100001d4       0x10 ./src/uab_PINNACLE.o
                0x100001d4                UabUpDownState
                0x100001d5                UabBegPwm
                0x100001d6                UabPwmStep
                0x100001d7                UabInstUpDownState
                0x100001d8                UabRampInterval
                0x100001dc                UabSystemId
                0x100001e0                UabIrUpDownState
                0x100001e1                UabPwm
                0x100001e2                UabBrakeState
                0x100001e3                UabEndPwm
 COMMON         0x100001e4        0x7 C:\Users\Zhang\OneDrive\SUNS\Project\Harmar\Work\UAB_COMMON_LIB\Lib\libUAB_COMMON_LIB.a(alarms.o)
                0x100001e4                previous_faults
                0x100001e8                alarm_counter
                0x100001ea                alarm_active
 *fill*         0x100001eb        0x1 00
 COMMON         0x100001ec       0x68 C:\Users\Zhang\OneDrive\SUNS\Project\Harmar\Work\UAB_COMMON_LIB\Lib\libUAB_COMMON_LIB.a(ir.o)
                0x100001ec                IrPwp
 COMMON         0x10000254      0x7b8 C:\Users\Zhang\OneDrive\SUNS\Project\Harmar\Work\UAB_COMMON_LIB\Lib\libUAB_COMMON_LIB.a(uart.o)
                0x10000254                UART1_XmitBuf
                0x10000294                UART1_Buffer
                0x100002d4                XmitFifoBuf
                0x1000098c                UART0_XmitBuf
                0x100009cc                UART0_Buffer
                0x10000a0c                . = ALIGN (0x4)
                0x10000a0c                _ebss = .
                0x10000a0c                PROVIDE (end, .)

.noinit         0x10000a0c        0x0 load address 0x00006478
                0x10000a0c                _noinit = .
 *(.noinit*)
                0x10000a0c                . = ALIGN (0x4)
                0x10000a0c                _end_noinit = .
                0x10000a0c                PROVIDE (_pvHeapStart, .)
                0x10001f00                PROVIDE (_vStackTop, (__top_RamLoc8 - 0x100))
OUTPUT(UAB_PINNACLE.axf elf32-littlearm)

.ARM.attributes
                0x00000000       0x2d
 .ARM.attributes
                0x00000000       0x21 ./startup/aeabi_romdiv_patch.o
 .ARM.attributes
                0x00000021       0x31 ./startup/cr_startup_lpc12xx.o
 .ARM.attributes
                0x00000052       0x31 ./src/main_PINNACLE.o
 .ARM.attributes
                0x00000083       0x31 ./src/uab_PINNACLE.o
 .ARM.attributes
                0x000000b4       0x31 C:\Users\Zhang\OneDrive\SUNS\Project\Harmar\Work\CMSISv2p00_LPC12xx\Debug\libCMSISv2p00_LPC12xx.a(system_LPC122x.o)
 .ARM.attributes
                0x000000e5       0x31 C:\Users\Zhang\OneDrive\SUNS\Project\Harmar\Work\lib_small_printf_m0\Lib\liblib_small_printf_m0.a(small_printf_float.o)
 .ARM.attributes
                0x00000116       0x31 C:\Users\Zhang\OneDrive\SUNS\Project\Harmar\Work\lib_small_printf_m0\Lib\liblib_small_printf_m0.a(small_printf_support.o)
 .ARM.attributes
                0x00000147       0x31 C:\Users\Zhang\OneDrive\SUNS\Project\Harmar\Work\lib_small_printf_m0\Lib\liblib_small_printf_m0.a(small_utils.o)
 .ARM.attributes
                0x00000178       0x31 C:\Users\Zhang\OneDrive\SUNS\Project\Harmar\Work\UAB_COMMON_LIB\Lib\libUAB_COMMON_LIB.a(alarms.o)
 .ARM.attributes
                0x000001a9       0x31 C:\Users\Zhang\OneDrive\SUNS\Project\Harmar\Work\UAB_COMMON_LIB\Lib\libUAB_COMMON_LIB.a(compadc.o)
 .ARM.attributes
                0x000001da       0x31 C:\Users\Zhang\OneDrive\SUNS\Project\Harmar\Work\UAB_COMMON_LIB\Lib\libUAB_COMMON_LIB.a(iap.o)
 .ARM.attributes
                0x0000020b       0x31 C:\Users\Zhang\OneDrive\SUNS\Project\Harmar\Work\UAB_COMMON_LIB\Lib\libUAB_COMMON_LIB.a(ir.o)
 .ARM.attributes
                0x0000023c       0x31 C:\Users\Zhang\OneDrive\SUNS\Project\Harmar\Work\UAB_COMMON_LIB\Lib\libUAB_COMMON_LIB.a(uart.o)
 .ARM.attributes
                0x0000026d       0x31 C:\Users\Zhang\OneDrive\SUNS\Project\Harmar\Work\UAB_COMMON_LIB\Lib\libUAB_COMMON_LIB.a(utils.o)
 .ARM.attributes
                0x0000029e       0x31 C:\Users\Zhang\OneDrive\SUNS\Project\Harmar\Work\UAB_COMMON_LIB\Lib\libUAB_COMMON_LIB.a(wdt.o)
 .ARM.attributes
                0x000002cf       0x31 c:/nxp/lpcxpresso_6.1.4_194/lpcxpresso/tools/bin/../lib/gcc/arm-none-eabi/4.6.2/../../../../arm-none-eabi/lib/armv6-m\libcr_c.a(memcpy.o)
 .ARM.attributes
                0x00000300       0x31 c:/nxp/lpcxpresso_6.1.4_194/lpcxpresso/tools/bin/../lib/gcc/arm-none-eabi/4.6.2/../../../../arm-none-eabi/lib/armv6-m\libcr_c.a(memset.o)
 .ARM.attributes
                0x00000331       0x31 c:/nxp/lpcxpresso_6.1.4_194/lpcxpresso/tools/bin/../lib/gcc/arm-none-eabi/4.6.2/../../../../arm-none-eabi/lib/armv6-m\libcr_c.a(__weak__main.o)
 .ARM.attributes
                0x00000362       0x31 c:/nxp/lpcxpresso_6.1.4_194/lpcxpresso/tools/bin/../lib/gcc/arm-none-eabi/4.6.2/armv6-m\libcr_eabihelpers.a(double.o)
 .ARM.attributes
                0x00000393       0x31 c:/nxp/lpcxpresso_6.1.4_194/lpcxpresso/tools/bin/../lib/gcc/arm-none-eabi/4.6.2/armv6-m\libcr_eabihelpers.a(float.o)
 .ARM.attributes
                0x000003c4       0x21 c:/nxp/lpcxpresso_6.1.4_194/lpcxpresso/tools/bin/../lib/gcc/arm-none-eabi/4.6.2/armv6-m\libcr_eabihelpers.a(llong.o)
 .ARM.attributes
                0x000003e5       0x21 c:/nxp/lpcxpresso_6.1.4_194/lpcxpresso/tools/bin/../lib/gcc/arm-none-eabi/4.6.2/armv6-m\libcr_eabihelpers.a(memcpy.o)
 .ARM.attributes
                0x00000406       0x21 c:/nxp/lpcxpresso_6.1.4_194/lpcxpresso/tools/bin/../lib/gcc/arm-none-eabi/4.6.2/armv6-m\libcr_eabihelpers.a(thumb1_switch_helpers.o)

.comment        0x00000000       0xe0
 .comment       0x00000000       0x70 ./startup/cr_startup_lpc12xx.o
                                 0x71 (size before relaxing)
 .comment       0x00000000       0x71 ./src/main_PINNACLE.o
 .comment       0x00000000       0x71 ./src/uab_PINNACLE.o
 .comment       0x00000000       0x71 C:\Users\Zhang\OneDrive\SUNS\Project\Harmar\Work\CMSISv2p00_LPC12xx\Debug\libCMSISv2p00_LPC12xx.a(system_LPC122x.o)
 .comment       0x00000000       0x71 C:\Users\Zhang\OneDrive\SUNS\Project\Harmar\Work\lib_small_printf_m0\Lib\liblib_small_printf_m0.a(small_printf_float.o)
 .comment       0x00000000       0x71 C:\Users\Zhang\OneDrive\SUNS\Project\Harmar\Work\lib_small_printf_m0\Lib\liblib_small_printf_m0.a(small_printf_support.o)
 .comment       0x00000000       0x71 C:\Users\Zhang\OneDrive\SUNS\Project\Harmar\Work\lib_small_printf_m0\Lib\liblib_small_printf_m0.a(small_utils.o)
 .comment       0x00000000       0x71 C:\Users\Zhang\OneDrive\SUNS\Project\Harmar\Work\UAB_COMMON_LIB\Lib\libUAB_COMMON_LIB.a(alarms.o)
 .comment       0x00000000       0x71 C:\Users\Zhang\OneDrive\SUNS\Project\Harmar\Work\UAB_COMMON_LIB\Lib\libUAB_COMMON_LIB.a(compadc.o)
 .comment       0x00000000       0x71 C:\Users\Zhang\OneDrive\SUNS\Project\Harmar\Work\UAB_COMMON_LIB\Lib\libUAB_COMMON_LIB.a(iap.o)
 .comment       0x00000000       0x71 C:\Users\Zhang\OneDrive\SUNS\Project\Harmar\Work\UAB_COMMON_LIB\Lib\libUAB_COMMON_LIB.a(ir.o)
 .comment       0x00000000       0x71 C:\Users\Zhang\OneDrive\SUNS\Project\Harmar\Work\UAB_COMMON_LIB\Lib\libUAB_COMMON_LIB.a(uart.o)
 .comment       0x00000000       0x71 C:\Users\Zhang\OneDrive\SUNS\Project\Harmar\Work\UAB_COMMON_LIB\Lib\libUAB_COMMON_LIB.a(utils.o)
 .comment       0x00000000       0x71 C:\Users\Zhang\OneDrive\SUNS\Project\Harmar\Work\UAB_COMMON_LIB\Lib\libUAB_COMMON_LIB.a(wdt.o)
 .comment       0x00000000       0x71 c:/nxp/lpcxpresso_6.1.4_194/lpcxpresso/tools/bin/../lib/gcc/arm-none-eabi/4.6.2/../../../../arm-none-eabi/lib/armv6-m\libcr_c.a(memcpy.o)
 .comment       0x00000000       0x71 c:/nxp/lpcxpresso_6.1.4_194/lpcxpresso/tools/bin/../lib/gcc/arm-none-eabi/4.6.2/../../../../arm-none-eabi/lib/armv6-m\libcr_c.a(memset.o)
 .comment       0x00000000       0x71 c:/nxp/lpcxpresso_6.1.4_194/lpcxpresso/tools/bin/../lib/gcc/arm-none-eabi/4.6.2/../../../../arm-none-eabi/lib/armv6-m\libcr_c.a(__weak__main.o)
 .comment       0x00000070       0x70 c:/nxp/lpcxpresso_6.1.4_194/lpcxpresso/tools/bin/../lib/gcc/arm-none-eabi/4.6.2/armv6-m\libcr_eabihelpers.a(double.o)
                                 0x71 (size before relaxing)
 .comment       0x00000000       0x71 c:/nxp/lpcxpresso_6.1.4_194/lpcxpresso/tools/bin/../lib/gcc/arm-none-eabi/4.6.2/armv6-m\libcr_eabihelpers.a(float.o)

.debug_line     0x00000000     0x4c75
 .debug_line    0x00000000       0x67 ./startup/aeabi_romdiv_patch.o
 .debug_line    0x00000067      0x432 ./startup/cr_startup_lpc12xx.o
 .debug_line    0x00000499      0x800 ./src/main_PINNACLE.o
 .debug_line    0x00000c99      0xe86 ./src/uab_PINNACLE.o
 .debug_line    0x00001b1f      0x408 C:\Users\Zhang\OneDrive\SUNS\Project\Harmar\Work\CMSISv2p00_LPC12xx\Debug\libCMSISv2p00_LPC12xx.a(system_LPC122x.o)
 .debug_line    0x00001f27      0x4c0 C:\Users\Zhang\OneDrive\SUNS\Project\Harmar\Work\lib_small_printf_m0\Lib\liblib_small_printf_m0.a(small_printf_float.o)
 .debug_line    0x000023e7      0x45e C:\Users\Zhang\OneDrive\SUNS\Project\Harmar\Work\lib_small_printf_m0\Lib\liblib_small_printf_m0.a(small_printf_support.o)
 .debug_line    0x00002845      0x12a C:\Users\Zhang\OneDrive\SUNS\Project\Harmar\Work\lib_small_printf_m0\Lib\liblib_small_printf_m0.a(small_utils.o)
 .debug_line    0x0000296f      0x5e9 C:\Users\Zhang\OneDrive\SUNS\Project\Harmar\Work\UAB_COMMON_LIB\Lib\libUAB_COMMON_LIB.a(alarms.o)
 .debug_line    0x00002f58      0x486 C:\Users\Zhang\OneDrive\SUNS\Project\Harmar\Work\UAB_COMMON_LIB\Lib\libUAB_COMMON_LIB.a(compadc.o)
 .debug_line    0x000033de      0x4cf C:\Users\Zhang\OneDrive\SUNS\Project\Harmar\Work\UAB_COMMON_LIB\Lib\libUAB_COMMON_LIB.a(iap.o)
 .debug_line    0x000038ad      0x517 C:\Users\Zhang\OneDrive\SUNS\Project\Harmar\Work\UAB_COMMON_LIB\Lib\libUAB_COMMON_LIB.a(ir.o)
 .debug_line    0x00003dc4      0x682 C:\Users\Zhang\OneDrive\SUNS\Project\Harmar\Work\UAB_COMMON_LIB\Lib\libUAB_COMMON_LIB.a(uart.o)
 .debug_line    0x00004446      0x41f C:\Users\Zhang\OneDrive\SUNS\Project\Harmar\Work\UAB_COMMON_LIB\Lib\libUAB_COMMON_LIB.a(utils.o)
 .debug_line    0x00004865      0x410 C:\Users\Zhang\OneDrive\SUNS\Project\Harmar\Work\UAB_COMMON_LIB\Lib\libUAB_COMMON_LIB.a(wdt.o)

.debug_info     0x00000000     0x77bf
 .debug_info    0x00000000       0x88 ./startup/aeabi_romdiv_patch.o
 .debug_info    0x00000088      0x350 ./startup/cr_startup_lpc12xx.o
 .debug_info    0x000003d8      0xe3a ./src/main_PINNACLE.o
 .debug_info    0x00001212     0x1988 ./src/uab_PINNACLE.o
 .debug_info    0x00002b9a      0x697 C:\Users\Zhang\OneDrive\SUNS\Project\Harmar\Work\CMSISv2p00_LPC12xx\Debug\libCMSISv2p00_LPC12xx.a(system_LPC122x.o)
 .debug_info    0x00003231      0x369 C:\Users\Zhang\OneDrive\SUNS\Project\Harmar\Work\lib_small_printf_m0\Lib\liblib_small_printf_m0.a(small_printf_float.o)
 .debug_info    0x0000359a      0x2c0 C:\Users\Zhang\OneDrive\SUNS\Project\Harmar\Work\lib_small_printf_m0\Lib\liblib_small_printf_m0.a(small_printf_support.o)
 .debug_info    0x0000385a      0x1c7 C:\Users\Zhang\OneDrive\SUNS\Project\Harmar\Work\lib_small_printf_m0\Lib\liblib_small_printf_m0.a(small_utils.o)
 .debug_info    0x00003a21      0xa24 C:\Users\Zhang\OneDrive\SUNS\Project\Harmar\Work\UAB_COMMON_LIB\Lib\libUAB_COMMON_LIB.a(alarms.o)
 .debug_info    0x00004445      0xc83 C:\Users\Zhang\OneDrive\SUNS\Project\Harmar\Work\UAB_COMMON_LIB\Lib\libUAB_COMMON_LIB.a(compadc.o)
 .debug_info    0x000050c8      0x36e C:\Users\Zhang\OneDrive\SUNS\Project\Harmar\Work\UAB_COMMON_LIB\Lib\libUAB_COMMON_LIB.a(iap.o)
 .debug_info    0x00005436      0x69e C:\Users\Zhang\OneDrive\SUNS\Project\Harmar\Work\UAB_COMMON_LIB\Lib\libUAB_COMMON_LIB.a(ir.o)
 .debug_info    0x00005ad4     0x14bc C:\Users\Zhang\OneDrive\SUNS\Project\Harmar\Work\UAB_COMMON_LIB\Lib\libUAB_COMMON_LIB.a(uart.o)
 .debug_info    0x00006f90      0x1b8 C:\Users\Zhang\OneDrive\SUNS\Project\Harmar\Work\UAB_COMMON_LIB\Lib\libUAB_COMMON_LIB.a(utils.o)
 .debug_info    0x00007148      0x677 C:\Users\Zhang\OneDrive\SUNS\Project\Harmar\Work\UAB_COMMON_LIB\Lib\libUAB_COMMON_LIB.a(wdt.o)

.debug_abbrev   0x00000000     0x152e
 .debug_abbrev  0x00000000       0x12 ./startup/aeabi_romdiv_patch.o
 .debug_abbrev  0x00000012      0x137 ./startup/cr_startup_lpc12xx.o
 .debug_abbrev  0x00000149      0x211 ./src/main_PINNACLE.o
 .debug_abbrev  0x0000035a      0x1d9 ./src/uab_PINNACLE.o
 .debug_abbrev  0x00000533      0x139 C:\Users\Zhang\OneDrive\SUNS\Project\Harmar\Work\CMSISv2p00_LPC12xx\Debug\libCMSISv2p00_LPC12xx.a(system_LPC122x.o)
 .debug_abbrev  0x0000066c      0x1b1 C:\Users\Zhang\OneDrive\SUNS\Project\Harmar\Work\lib_small_printf_m0\Lib\liblib_small_printf_m0.a(small_printf_float.o)
 .debug_abbrev  0x0000081d      0x11e C:\Users\Zhang\OneDrive\SUNS\Project\Harmar\Work\lib_small_printf_m0\Lib\liblib_small_printf_m0.a(small_printf_support.o)
 .debug_abbrev  0x0000093b       0xb9 C:\Users\Zhang\OneDrive\SUNS\Project\Harmar\Work\lib_small_printf_m0\Lib\liblib_small_printf_m0.a(small_utils.o)
 .debug_abbrev  0x000009f4      0x2a5 C:\Users\Zhang\OneDrive\SUNS\Project\Harmar\Work\UAB_COMMON_LIB\Lib\libUAB_COMMON_LIB.a(alarms.o)
 .debug_abbrev  0x00000c99      0x152 C:\Users\Zhang\OneDrive\SUNS\Project\Harmar\Work\UAB_COMMON_LIB\Lib\libUAB_COMMON_LIB.a(compadc.o)
 .debug_abbrev  0x00000deb      0x127 C:\Users\Zhang\OneDrive\SUNS\Project\Harmar\Work\UAB_COMMON_LIB\Lib\libUAB_COMMON_LIB.a(iap.o)
 .debug_abbrev  0x00000f12      0x1a7 C:\Users\Zhang\OneDrive\SUNS\Project\Harmar\Work\UAB_COMMON_LIB\Lib\libUAB_COMMON_LIB.a(ir.o)
 .debug_abbrev  0x000010b9      0x279 C:\Users\Zhang\OneDrive\SUNS\Project\Harmar\Work\UAB_COMMON_LIB\Lib\libUAB_COMMON_LIB.a(uart.o)
 .debug_abbrev  0x00001332       0xf4 C:\Users\Zhang\OneDrive\SUNS\Project\Harmar\Work\UAB_COMMON_LIB\Lib\libUAB_COMMON_LIB.a(utils.o)
 .debug_abbrev  0x00001426      0x108 C:\Users\Zhang\OneDrive\SUNS\Project\Harmar\Work\UAB_COMMON_LIB\Lib\libUAB_COMMON_LIB.a(wdt.o)

.debug_aranges  0x00000000      0x538
 .debug_aranges
                0x00000000       0x28 ./startup/aeabi_romdiv_patch.o
 .debug_aranges
                0x00000028       0x60 ./startup/cr_startup_lpc12xx.o
 .debug_aranges
                0x00000088       0x48 ./src/main_PINNACLE.o
 .debug_aranges
                0x000000d0      0x178 ./src/uab_PINNACLE.o
 .debug_aranges
                0x00000248       0x30 C:\Users\Zhang\OneDrive\SUNS\Project\Harmar\Work\CMSISv2p00_LPC12xx\Debug\libCMSISv2p00_LPC12xx.a(system_LPC122x.o)
 .debug_aranges
                0x00000278       0x38 C:\Users\Zhang\OneDrive\SUNS\Project\Harmar\Work\lib_small_printf_m0\Lib\liblib_small_printf_m0.a(small_printf_float.o)
 .debug_aranges
                0x000002b0       0x38 C:\Users\Zhang\OneDrive\SUNS\Project\Harmar\Work\lib_small_printf_m0\Lib\liblib_small_printf_m0.a(small_printf_support.o)
 .debug_aranges
                0x000002e8       0x48 C:\Users\Zhang\OneDrive\SUNS\Project\Harmar\Work\lib_small_printf_m0\Lib\liblib_small_printf_m0.a(small_utils.o)
 .debug_aranges
                0x00000330       0x80 C:\Users\Zhang\OneDrive\SUNS\Project\Harmar\Work\UAB_COMMON_LIB\Lib\libUAB_COMMON_LIB.a(alarms.o)
 .debug_aranges
                0x000003b0       0x48 C:\Users\Zhang\OneDrive\SUNS\Project\Harmar\Work\UAB_COMMON_LIB\Lib\libUAB_COMMON_LIB.a(compadc.o)
 .debug_aranges
                0x000003f8       0x48 C:\Users\Zhang\OneDrive\SUNS\Project\Harmar\Work\UAB_COMMON_LIB\Lib\libUAB_COMMON_LIB.a(iap.o)
 .debug_aranges
                0x00000440       0x38 C:\Users\Zhang\OneDrive\SUNS\Project\Harmar\Work\UAB_COMMON_LIB\Lib\libUAB_COMMON_LIB.a(ir.o)
 .debug_aranges
                0x00000478       0x60 C:\Users\Zhang\OneDrive\SUNS\Project\Harmar\Work\UAB_COMMON_LIB\Lib\libUAB_COMMON_LIB.a(uart.o)
 .debug_aranges
                0x000004d8       0x28 C:\Users\Zhang\OneDrive\SUNS\Project\Harmar\Work\UAB_COMMON_LIB\Lib\libUAB_COMMON_LIB.a(utils.o)
 .debug_aranges
                0x00000500       0x38 C:\Users\Zhang\OneDrive\SUNS\Project\Harmar\Work\UAB_COMMON_LIB\Lib\libUAB_COMMON_LIB.a(wdt.o)

.debug_ranges   0x00000000      0x468
 .debug_ranges  0x00000000       0x20 ./startup/aeabi_romdiv_patch.o
 .debug_ranges  0x00000020       0x50 ./startup/cr_startup_lpc12xx.o
 .debug_ranges  0x00000070       0x38 ./src/main_PINNACLE.o
 .debug_ranges  0x000000a8      0x168 ./src/uab_PINNACLE.o
 .debug_ranges  0x00000210       0x20 C:\Users\Zhang\OneDrive\SUNS\Project\Harmar\Work\CMSISv2p00_LPC12xx\Debug\libCMSISv2p00_LPC12xx.a(system_LPC122x.o)
 .debug_ranges  0x00000230       0x28 C:\Users\Zhang\OneDrive\SUNS\Project\Harmar\Work\lib_small_printf_m0\Lib\liblib_small_printf_m0.a(small_printf_float.o)
 .debug_ranges  0x00000258       0x28 C:\Users\Zhang\OneDrive\SUNS\Project\Harmar\Work\lib_small_printf_m0\Lib\liblib_small_printf_m0.a(small_printf_support.o)
 .debug_ranges  0x00000280       0x38 C:\Users\Zhang\OneDrive\SUNS\Project\Harmar\Work\lib_small_printf_m0\Lib\liblib_small_printf_m0.a(small_utils.o)
 .debug_ranges  0x000002b8       0x88 C:\Users\Zhang\OneDrive\SUNS\Project\Harmar\Work\UAB_COMMON_LIB\Lib\libUAB_COMMON_LIB.a(alarms.o)
 .debug_ranges  0x00000340       0x38 C:\Users\Zhang\OneDrive\SUNS\Project\Harmar\Work\UAB_COMMON_LIB\Lib\libUAB_COMMON_LIB.a(compadc.o)
 .debug_ranges  0x00000378       0x38 C:\Users\Zhang\OneDrive\SUNS\Project\Harmar\Work\UAB_COMMON_LIB\Lib\libUAB_COMMON_LIB.a(iap.o)
 .debug_ranges  0x000003b0       0x28 C:\Users\Zhang\OneDrive\SUNS\Project\Harmar\Work\UAB_COMMON_LIB\Lib\libUAB_COMMON_LIB.a(ir.o)
 .debug_ranges  0x000003d8       0x50 C:\Users\Zhang\OneDrive\SUNS\Project\Harmar\Work\UAB_COMMON_LIB\Lib\libUAB_COMMON_LIB.a(uart.o)
 .debug_ranges  0x00000428       0x18 C:\Users\Zhang\OneDrive\SUNS\Project\Harmar\Work\UAB_COMMON_LIB\Lib\libUAB_COMMON_LIB.a(utils.o)
 .debug_ranges  0x00000440       0x28 C:\Users\Zhang\OneDrive\SUNS\Project\Harmar\Work\UAB_COMMON_LIB\Lib\libUAB_COMMON_LIB.a(wdt.o)

.debug_loc      0x00000000     0x2afe
 .debug_loc     0x00000000      0x1b0 ./startup/cr_startup_lpc12xx.o
 .debug_loc     0x000001b0      0x148 ./src/main_PINNACLE.o
 .debug_loc     0x000002f8      0x8e7 ./src/uab_PINNACLE.o
 .debug_loc     0x00000bdf       0x98 C:\Users\Zhang\OneDrive\SUNS\Project\Harmar\Work\CMSISv2p00_LPC12xx\Debug\libCMSISv2p00_LPC12xx.a(system_LPC122x.o)
 .debug_loc     0x00000c77      0x668 C:\Users\Zhang\OneDrive\SUNS\Project\Harmar\Work\lib_small_printf_m0\Lib\liblib_small_printf_m0.a(small_printf_float.o)
 .debug_loc     0x000012df      0x2de C:\Users\Zhang\OneDrive\SUNS\Project\Harmar\Work\lib_small_printf_m0\Lib\liblib_small_printf_m0.a(small_printf_support.o)
 .debug_loc     0x000015bd      0x23e C:\Users\Zhang\OneDrive\SUNS\Project\Harmar\Work\lib_small_printf_m0\Lib\liblib_small_printf_m0.a(small_utils.o)
 .debug_loc     0x000017fb      0x5aa C:\Users\Zhang\OneDrive\SUNS\Project\Harmar\Work\UAB_COMMON_LIB\Lib\libUAB_COMMON_LIB.a(alarms.o)
 .debug_loc     0x00001da5      0x308 C:\Users\Zhang\OneDrive\SUNS\Project\Harmar\Work\UAB_COMMON_LIB\Lib\libUAB_COMMON_LIB.a(compadc.o)
 .debug_loc     0x000020ad      0x21d C:\Users\Zhang\OneDrive\SUNS\Project\Harmar\Work\UAB_COMMON_LIB\Lib\libUAB_COMMON_LIB.a(iap.o)
 .debug_loc     0x000022ca      0x29d C:\Users\Zhang\OneDrive\SUNS\Project\Harmar\Work\UAB_COMMON_LIB\Lib\libUAB_COMMON_LIB.a(ir.o)
 .debug_loc     0x00002567      0x407 C:\Users\Zhang\OneDrive\SUNS\Project\Harmar\Work\UAB_COMMON_LIB\Lib\libUAB_COMMON_LIB.a(uart.o)
 .debug_loc     0x0000296e      0x110 C:\Users\Zhang\OneDrive\SUNS\Project\Harmar\Work\UAB_COMMON_LIB\Lib\libUAB_COMMON_LIB.a(utils.o)
 .debug_loc     0x00002a7e       0x80 C:\Users\Zhang\OneDrive\SUNS\Project\Harmar\Work\UAB_COMMON_LIB\Lib\libUAB_COMMON_LIB.a(wdt.o)

.debug_macinfo  0x00000000    0x56d80
 .debug_macinfo
                0x00000000     0x5b60 ./startup/cr_startup_lpc12xx.o
 .debug_macinfo
                0x00005b60     0x860a ./src/main_PINNACLE.o
 .debug_macinfo
                0x0000e16a     0x851d ./src/uab_PINNACLE.o
 .debug_macinfo
                0x00016687     0x5e2c C:\Users\Zhang\OneDrive\SUNS\Project\Harmar\Work\CMSISv2p00_LPC12xx\Debug\libCMSISv2p00_LPC12xx.a(system_LPC122x.o)
 .debug_macinfo
                0x0001c4b3     0x3dcc C:\Users\Zhang\OneDrive\SUNS\Project\Harmar\Work\lib_small_printf_m0\Lib\liblib_small_printf_m0.a(small_printf_float.o)
 .debug_macinfo
                0x0002027f     0x3de0 C:\Users\Zhang\OneDrive\SUNS\Project\Harmar\Work\lib_small_printf_m0\Lib\liblib_small_printf_m0.a(small_printf_support.o)
 .debug_macinfo
                0x0002405f     0x2288 C:\Users\Zhang\OneDrive\SUNS\Project\Harmar\Work\lib_small_printf_m0\Lib\liblib_small_printf_m0.a(small_utils.o)
 .debug_macinfo
                0x000262e7     0x7636 C:\Users\Zhang\OneDrive\SUNS\Project\Harmar\Work\UAB_COMMON_LIB\Lib\libUAB_COMMON_LIB.a(alarms.o)
 .debug_macinfo
                0x0002d91d     0x756e C:\Users\Zhang\OneDrive\SUNS\Project\Harmar\Work\UAB_COMMON_LIB\Lib\libUAB_COMMON_LIB.a(compadc.o)
 .debug_macinfo
                0x00034e8b     0x76da C:\Users\Zhang\OneDrive\SUNS\Project\Harmar\Work\UAB_COMMON_LIB\Lib\libUAB_COMMON_LIB.a(iap.o)
 .debug_macinfo
                0x0003c565     0x7532 C:\Users\Zhang\OneDrive\SUNS\Project\Harmar\Work\UAB_COMMON_LIB\Lib\libUAB_COMMON_LIB.a(ir.o)
 .debug_macinfo
                0x00043a97     0x76c0 C:\Users\Zhang\OneDrive\SUNS\Project\Harmar\Work\UAB_COMMON_LIB\Lib\libUAB_COMMON_LIB.a(uart.o)
 .debug_macinfo
                0x0004b157     0x5e54 C:\Users\Zhang\OneDrive\SUNS\Project\Harmar\Work\UAB_COMMON_LIB\Lib\libUAB_COMMON_LIB.a(utils.o)
 .debug_macinfo
                0x00050fab     0x5dd5 C:\Users\Zhang\OneDrive\SUNS\Project\Harmar\Work\UAB_COMMON_LIB\Lib\libUAB_COMMON_LIB.a(wdt.o)

.debug_str      0x00000000     0x217c
 .debug_str     0x00000000      0x26f ./startup/cr_startup_lpc12xx.o
                                0x297 (size before relaxing)
 .debug_str     0x0000026f      0x77f ./src/main_PINNACLE.o
                                0x8e4 (size before relaxing)
 .debug_str     0x000009ee      0xa58 ./src/uab_PINNACLE.o
                                0xcd6 (size before relaxing)
 .debug_str     0x00001446       0xc5 C:\Users\Zhang\OneDrive\SUNS\Project\Harmar\Work\CMSISv2p00_LPC12xx\Debug\libCMSISv2p00_LPC12xx.a(system_LPC122x.o)
                                0x464 (size before relaxing)
 .debug_str     0x0000150b      0x12e C:\Users\Zhang\OneDrive\SUNS\Project\Harmar\Work\lib_small_printf_m0\Lib\liblib_small_printf_m0.a(small_printf_float.o)
                                0x233 (size before relaxing)
 .debug_str     0x00001639       0xad C:\Users\Zhang\OneDrive\SUNS\Project\Harmar\Work\lib_small_printf_m0\Lib\liblib_small_printf_m0.a(small_printf_support.o)
                                0x1fa (size before relaxing)
 .debug_str     0x000016e6       0x6c C:\Users\Zhang\OneDrive\SUNS\Project\Harmar\Work\lib_small_printf_m0\Lib\liblib_small_printf_m0.a(small_utils.o)
                                0x12a (size before relaxing)
 .debug_str     0x00001752      0x543 C:\Users\Zhang\OneDrive\SUNS\Project\Harmar\Work\UAB_COMMON_LIB\Lib\libUAB_COMMON_LIB.a(alarms.o)
                                0x813 (size before relaxing)
 .debug_str     0x00001c95       0xd6 C:\Users\Zhang\OneDrive\SUNS\Project\Harmar\Work\UAB_COMMON_LIB\Lib\libUAB_COMMON_LIB.a(compadc.o)
                                0x696 (size before relaxing)
 .debug_str     0x00001d6b       0xda C:\Users\Zhang\OneDrive\SUNS\Project\Harmar\Work\UAB_COMMON_LIB\Lib\libUAB_COMMON_LIB.a(iap.o)
                                0x235 (size before relaxing)
 .debug_str     0x00001e45       0x6c C:\Users\Zhang\OneDrive\SUNS\Project\Harmar\Work\UAB_COMMON_LIB\Lib\libUAB_COMMON_LIB.a(ir.o)
                                0x48f (size before relaxing)
 .debug_str     0x00001eb1      0x249 C:\Users\Zhang\OneDrive\SUNS\Project\Harmar\Work\UAB_COMMON_LIB\Lib\libUAB_COMMON_LIB.a(uart.o)
                                0xa69 (size before relaxing)
 .debug_str     0x000020fa       0x50 C:\Users\Zhang\OneDrive\SUNS\Project\Harmar\Work\UAB_COMMON_LIB\Lib\libUAB_COMMON_LIB.a(utils.o)
                                0x18d (size before relaxing)
 .debug_str     0x0000214a       0x32 C:\Users\Zhang\OneDrive\SUNS\Project\Harmar\Work\UAB_COMMON_LIB\Lib\libUAB_COMMON_LIB.a(wdt.o)
                                0x451 (size before relaxing)

.debug_frame    0x00000000      0xe38
 .debug_frame   0x00000000      0x118 ./startup/cr_startup_lpc12xx.o
 .debug_frame   0x00000118       0xd0 ./src/main_PINNACLE.o
 .debug_frame   0x000001e8      0x558 ./src/uab_PINNACLE.o
 .debug_frame   0x00000740       0x54 C:\Users\Zhang\OneDrive\SUNS\Project\Harmar\Work\CMSISv2p00_LPC12xx\Debug\libCMSISv2p00_LPC12xx.a(system_LPC122x.o)
 .debug_frame   0x00000794       0x90 C:\Users\Zhang\OneDrive\SUNS\Project\Harmar\Work\lib_small_printf_m0\Lib\liblib_small_printf_m0.a(small_printf_float.o)
 .debug_frame   0x00000824       0x7c C:\Users\Zhang\OneDrive\SUNS\Project\Harmar\Work\lib_small_printf_m0\Lib\liblib_small_printf_m0.a(small_printf_support.o)
 .debug_frame   0x000008a0       0xac C:\Users\Zhang\OneDrive\SUNS\Project\Harmar\Work\lib_small_printf_m0\Lib\liblib_small_printf_m0.a(small_utils.o)
 .debug_frame   0x0000094c      0x148 C:\Users\Zhang\OneDrive\SUNS\Project\Harmar\Work\UAB_COMMON_LIB\Lib\libUAB_COMMON_LIB.a(alarms.o)
 .debug_frame   0x00000a94       0xac C:\Users\Zhang\OneDrive\SUNS\Project\Harmar\Work\UAB_COMMON_LIB\Lib\libUAB_COMMON_LIB.a(compadc.o)
 .debug_frame   0x00000b40       0xa8 C:\Users\Zhang\OneDrive\SUNS\Project\Harmar\Work\UAB_COMMON_LIB\Lib\libUAB_COMMON_LIB.a(iap.o)
 .debug_frame   0x00000be8       0x84 C:\Users\Zhang\OneDrive\SUNS\Project\Harmar\Work\UAB_COMMON_LIB\Lib\libUAB_COMMON_LIB.a(ir.o)
 .debug_frame   0x00000c6c      0x10c C:\Users\Zhang\OneDrive\SUNS\Project\Harmar\Work\UAB_COMMON_LIB\Lib\libUAB_COMMON_LIB.a(uart.o)
 .debug_frame   0x00000d78       0x4c C:\Users\Zhang\OneDrive\SUNS\Project\Harmar\Work\UAB_COMMON_LIB\Lib\libUAB_COMMON_LIB.a(utils.o)
 .debug_frame   0x00000dc4       0x74 C:\Users\Zhang\OneDrive\SUNS\Project\Harmar\Work\UAB_COMMON_LIB\Lib\libUAB_COMMON_LIB.a(wdt.o)
